Archive member included to satisfy reference by file (symbol)

app/libapp.a(stdlib.c.obj)    (--whole-archive)
app/libapp.a(activity.c.obj)  (--whole-archive)
app/libapp.a(kscan.c.obj)     (--whole-archive)
app/libapp.a(matrix_transform.c.obj)
                              (--whole-archive)
app/libapp.a(sensors.c.obj)   (--whole-archive)
app/libapp.a(event_manager.c.obj)
                              (--whole-archive)
app/libapp.a(ext_power_generic.c.obj)
                              (--whole-archive)
app/libapp.a(activity_state_changed.c.obj)
                              (--whole-archive)
app/libapp.a(position_state_changed.c.obj)
                              (--whole-archive)
app/libapp.a(sensor_event.c.obj)
                              (--whole-archive)
app/libapp.a(usb_conn_state_changed.c.obj)
                              (--whole-archive)
app/libapp.a(behavior_reset.c.obj)
                              (--whole-archive)
app/libapp.a(behavior_ext_power.c.obj)
                              (--whole-archive)
app/libapp.a(battery_state_changed.c.obj)
                              (--whole-archive)
app/libapp.a(battery.c.obj)   (--whole-archive)
app/libapp.a(split_peripheral_status_changed.c.obj)
                              (--whole-archive)
app/libapp.a(split_listener.c.obj)
                              (--whole-archive)
app/libapp.a(service.c.obj)   (--whole-archive)
app/libapp.a(peripheral.c.obj)
                              (--whole-archive)
app/libapp.a(usb.c.obj)       (--whole-archive)
app/libapp.a(workqueue.c.obj)
                              (--whole-archive)
app/libapp.a(main.c.obj)      (--whole-archive)
zephyr/libzephyr.a(cbprintf_packaged.c.obj)
                              (--whole-archive)
zephyr/libzephyr.a(crc32c_sw.c.obj)
                              (--whole-archive)
zephyr/libzephyr.a(crc32_sw.c.obj)
                              (--whole-archive)
zephyr/libzephyr.a(crc16_sw.c.obj)
                              (--whole-archive)
zephyr/libzephyr.a(crc8_sw.c.obj)
                              (--whole-archive)
zephyr/libzephyr.a(crc7_sw.c.obj)
                              (--whole-archive)
zephyr/libzephyr.a(dec.c.obj)
                              (--whole-archive)
zephyr/libzephyr.a(fdtable.c.obj)
                              (--whole-archive)
zephyr/libzephyr.a(hex.c.obj)
                              (--whole-archive)
zephyr/libzephyr.a(notify.c.obj)
                              (--whole-archive)
zephyr/libzephyr.a(printk.c.obj)
                              (--whole-archive)
zephyr/libzephyr.a(onoff.c.obj)
                              (--whole-archive)
zephyr/libzephyr.a(rb.c.obj)  (--whole-archive)
zephyr/libzephyr.a(sem.c.obj)
                              (--whole-archive)
zephyr/libzephyr.a(thread_entry.c.obj)
                              (--whole-archive)
zephyr/libzephyr.a(timeutil.c.obj)
                              (--whole-archive)
zephyr/libzephyr.a(heap.c.obj)
                              (--whole-archive)
zephyr/libzephyr.a(heap-validate.c.obj)
                              (--whole-archive)
zephyr/libzephyr.a(bitarray.c.obj)
                              (--whole-archive)
zephyr/libzephyr.a(multi_heap.c.obj)
                              (--whole-archive)
zephyr/libzephyr.a(cbprintf_nano.c.obj)
                              (--whole-archive)
zephyr/libzephyr.a(cbprintf.c.obj)
                              (--whole-archive)
zephyr/libzephyr.a(assert.c.obj)
                              (--whole-archive)
zephyr/libzephyr.a(reboot.c.obj)
                              (--whole-archive)
zephyr/libzephyr.a(configs.c.obj)
                              (--whole-archive)
zephyr/libzephyr.a(soc_nrf_common.S.obj)
                              (--whole-archive)
zephyr/libzephyr.a(validate_base_addresses.c.obj)
                              (--whole-archive)
zephyr/libzephyr.a(validate_enabled_instances.c.obj)
                              (--whole-archive)
zephyr/libzephyr.a(dis.c.obj)
                              (--whole-archive)
zephyr/libzephyr.a(bas.c.obj)
                              (--whole-archive)
zephyr/libzephyr.a(nvs.c.obj)
                              (--whole-archive)
zephyr/libzephyr.a(addr_utils.c.obj)
                              (--whole-archive)
zephyr/libzephyr.a(usb_device.c.obj)
                              (--whole-archive)
zephyr/libzephyr.a(usb_descriptor.c.obj)
                              (--whole-archive)
zephyr/libzephyr.a(usb_transfer.c.obj)
                              (--whole-archive)
zephyr/libzephyr.a(flash_map.c.obj)
                              (--whole-archive)
zephyr/libzephyr.a(flash_map_default.c.obj)
                              (--whole-archive)
zephyr/libzephyr.a(flash_map_layout.c.obj)
                              (--whole-archive)
zephyr/libzephyr.a(settings_store.c.obj)
                              (--whole-archive)
zephyr/libzephyr.a(settings.c.obj)
                              (--whole-archive)
[...]
Memory Configuration

Name             Origin             Length             Attributes
FLASH            0x0000000000026000 0x00000000000c6000 xr
SRAM             0x0000000020000000 0x0000000000040000 xw
IDT_LIST         0x00000000fffff7ff 0x0000000000000800 xw
*default*        0x0000000000000000 0xffffffffffffffff

Linker script and memory map

LOAD zephyr/CMakeFiles/zephyr_final.dir/misc/empty_file.c.obj
LOAD zephyr/CMakeFiles/zephyr_final.dir/dev_handles.c.obj
LOAD zephyr/CMakeFiles/zephyr_final.dir/isr_tables.c.obj
LOAD zephyr/CMakeFiles/offsets.dir/./arch/arm/core/offsets/offsets.c.obj
                0x0000000000000020                _region_min_align = 0x20

.rel.plt        0x0000000000026000        0x0
 *(SORT_BY_ALIGNMENT(.rel.plt))
                [!provide]                        PROVIDE (__rel_iplt_start = .)
 *(SORT_BY_ALIGNMENT(.rel.iplt))
 .rel.iplt      0x0000000000026000        0x0 zephyr/CMakeFiles/zephyr_final.dir/isr_tables.c.obj
                [!provide]                        PROVIDE (__rel_iplt_end = .)

.rela.plt       0x0000000000000000        0x0
 *(SORT_BY_ALIGNMENT(.rela.plt))
                [!provide]                        PROVIDE (__rela_iplt_start = .)
 *(SORT_BY_ALIGNMENT(.rela.iplt))
                [!provide]                        PROVIDE (__rela_iplt_end = .)

.rel.dyn
 *(SORT_BY_ALIGNMENT(.rel.*))

.rela.dyn
 *(SORT_BY_ALIGNMENT(.rela.*))

/DISCARD/
 *(SORT_BY_ALIGNMENT(.plt))

/DISCARD/
 *(SORT_BY_ALIGNMENT(.iplt))
                0x0000000000026000                __rom_region_start = 0x26000

rom_start       0x0000000000026000      0x100
                0x0000000000000000                . = 0x0
                0x0000000000000000                . = ALIGN (0x4)
                0x0000000000000000                . = ALIGN (0x80)
                0x0000000000000000                . = ALIGN (0x100)
                0x0000000000026000                _vector_start = .
 *(SORT_BY_ALIGNMENT(.exc_vector_table))
 *(SORT_BY_ALIGNMENT(.exc_vector_table.*))
 .exc_vector_table._vector_table_section
                0x0000000000026000       0x40 zephyr/arch/arch/arm/core/aarch32/cortex_m/libarch__arm__core__aarch32__cortex_m.a(vector_table.S.obj)
                0x0000000000026000                _vector_table
 *(SORT_BY_ALIGNMENT(.vectors))
                0x0000000000026100                _vector_end = .
                0x0000000000026040                . = ALIGN (0x4)
 *(SORT_BY_ALIGNMENT(.gnu.linkonce.irq_vector_table*))
 .gnu.linkonce.irq_vector_table
                0x0000000000026040       0xc0 zephyr/CMakeFiles/zephyr_final.dir/isr_tables.c.obj
                0x0000000000026040                _irq_vector_table
                0x0000000000026100                _vector_end = .

text            0x0000000000026100    0x22860
                0x0000000000026100                __text_region_start = .
 *(SORT_BY_ALIGNMENT(.text))
 .text          0x0000000000026100       0x30 /home/marhalloweenvt/zephyr-sdk-0.15.0/arm-zephyr-eabi/bin/../lib/gcc/arm-zephyr-eabi/12.1.0/thumb/v7e-m/nofp/libgcc.a(_aeabi_uldivmod.o)
                0x0000000000026100                __aeabi_uldivmod
 .text          0x0000000000026130        0x4 /home/marhalloweenvt/zephyr-sdk-0.15.0/arm-zephyr-eabi/bin/../lib/gcc/arm-zephyr-eabi/12.1.0/thumb/v7e-m/nofp/libgcc.a(_dvmd_tls.o)
                0x0000000000026130                __aeabi_ldiv0
                0x0000000000026130                __aeabi_idiv0
 .text          0x0000000000026134      0x2a0 /home/marhalloweenvt/zephyr-sdk-0.15.0/arm-zephyr-eabi/bin/../lib/gcc/arm-zephyr-eabi/12.1.0/thumb/v7e-m/nofp/libgcc.a(_udivmoddi4.o)
                0x0000000000026134                __udivmoddi4
 *(SORT_BY_ALIGNMENT(.text.*))
 *fill*         0x00000000000263d4        0x4 
 .text.bt_init  0x00000000000263d8      0x408 zephyr/subsys/bluetooth/host/libsubsys__bluetooth__host.a(hci_core.c.obj)
 .text.ull_drift_ticks_get
                0x00000000000267e0       0x94 zephyr/subsys/bluetooth/controller/libsubsys__bluetooth__controller.a(ull.c.obj)
                0x00000000000267e0                ull_drift_ticks_get
 *fill*         0x0000000000026874        0x4 
 .text.ll_adv_enable
                0x0000000000026878      0x400 zephyr/subsys/bluetooth/controller/libsubsys__bluetooth__controller.a(ull_adv.c.obj)
                0x0000000000026878                ll_adv_enable
 .text.ull_adv_time_update
                0x0000000000026c78       0xb0 zephyr/subsys/bluetooth/controller/libsubsys__bluetooth__controller.a(ull_adv.c.obj)
                0x0000000000026c78                ull_adv_time_update
 .text.event_conn_upd_prep
                0x0000000000026d28      0x554 zephyr/subsys/bluetooth/controller/libsubsys__bluetooth__controller.a(ull_conn.c.obj)
 *fill*         0x000000000002727c        0x4 
 .text.ull_periph_setup
                0x0000000000027280      0x404 zephyr/subsys/bluetooth/controller/libsubsys__bluetooth__controller.a(ull_peripheral.c.obj)
                0x0000000000027280                ull_periph_setup
 *fill*         0x0000000000027684        0x4 
 .text.nrf_flash_sync_exe
                0x0000000000027688       0xf8 zephyr/drivers/flash/libdrivers__flash.a(soc_flash_nrf_ticker.c.obj)
                0x0000000000027688                nrf_flash_sync_exe
 .text.nrf_flash_sync_check_time_limit
                0x0000000000027780       0x48 zephyr/drivers/flash/libdrivers__flash.a(soc_flash_nrf_ticker.c.obj)
                0x0000000000027780                nrf_flash_sync_check_time_limit
 .text.activity_expiry_function
                0x00000000000277c8        0xc app/libapp.a(activity.c.obj)
                0x00000000000277c8                activity_expiry_function
 .text.activity_init
                0x00000000000277d4       0x3c app/libapp.a(activity.c.obj)
                0x00000000000277d4                activity_init
 .text.raise_event
                0x0000000000027810       0x18 app/libapp.a(activity.c.obj)
                0x0000000000027810                raise_event
 .text.set_state
                0x0000000000027828       0x18 app/libapp.a(activity.c.obj)
                0x0000000000027828                set_state
 .text.activity_event_listener
                0x0000000000027840       0x2c app/libapp.a(activity.c.obj)
                0x0000000000027840                activity_event_listener
 .text.activity_work_handler
                0x000000000002786c       0x38 app/libapp.a(activity.c.obj)
                0x000000000002786c                activity_work_handler
 .text.zmk_kscan_process_msgq
                0x00000000000278a4       0x6c app/libapp.a(kscan.c.obj)
                0x00000000000278a4                zmk_kscan_process_msgq
 .text.zmk_kscan_callback
                0x0000000000027910       0x2c app/libapp.a(kscan.c.obj)
 .text.zmk_kscan_init
                0x000000000002793c       0x38 app/libapp.a(kscan.c.obj)
                0x000000000002793c                zmk_kscan_init
 .text.zmk_matrix_transform_row_column_to_position
                0x0000000000027974       0x20 app/libapp.a(matrix_transform.c.obj)
                0x0000000000027974                zmk_matrix_transform_row_column_to_position
 .text.zmk_event_manager_handle_from
                0x0000000000027994       0x5c app/libapp.a(event_manager.c.obj)
                0x0000000000027994                zmk_event_manager_handle_from
 .text.ext_power_save_state_work
                0x00000000000279f0       0x2c app/libapp.a(ext_power_generic.c.obj)
 .text.ext_power_generic_init
                0x0000000000027a1c       0xbc app/libapp.a(ext_power_generic.c.obj)
 .text.ext_power_save_state
                0x0000000000027ad8       0x18 app/libapp.a(ext_power_generic.c.obj)
                0x0000000000027ad8                ext_power_save_state
 .text.ext_power_settings_set
                0x0000000000027af0       0x58 app/libapp.a(ext_power_generic.c.obj)
 .text.new_zmk_activity_state_changed
                0x0000000000027b48       0x18 app/libapp.a(activity_state_changed.c.obj)
                0x0000000000027b48                new_zmk_activity_state_changed
 .text.new_zmk_position_state_changed
                0x0000000000027b60       0x38 app/libapp.a(position_state_changed.c.obj)
                0x0000000000027b60                new_zmk_position_state_changed
 .text.as_zmk_position_state_changed
                0x0000000000027b98       0x14 app/libapp.a(position_state_changed.c.obj)
                0x0000000000027b98                as_zmk_position_state_changed
 .text.new_zmk_usb_conn_state_changed
                0x0000000000027bac       0x18 app/libapp.a(usb_conn_state_changed.c.obj)
                0x0000000000027bac                new_zmk_usb_conn_state_changed
 .text.on_keymap_binding_pressed
                0x0000000000027bc4       0x58 app/libapp.a(behavior_ext_power.c.obj)
 .text.on_keymap_binding_convert_central_state_dependent_params
                0x0000000000027c1c       0x40 app/libapp.a(behavior_ext_power.c.obj)
 .text.new_zmk_battery_state_changed
                0x0000000000027c5c       0x18 app/libapp.a(battery_state_changed.c.obj)
                0x0000000000027c5c                new_zmk_battery_state_changed
 .text.zmk_battery_timer
                0x0000000000027c74       0x14 app/libapp.a(battery.c.obj)
 .text.zmk_battery_init
                0x0000000000027c88       0x34 app/libapp.a(battery.c.obj)
 .text.zmk_battery_work
                0x0000000000027cbc       0x48 app/libapp.a(battery.c.obj)
 .text.new_zmk_split_peripheral_status_changed
                0x0000000000027d04       0x18 app/libapp.a(split_peripheral_status_changed.c.obj)
                0x0000000000027d04                new_zmk_split_peripheral_status_changed
 .text.split_svc_pos_state
                0x0000000000027d1c       0x1c app/libapp.a(service.c.obj)
 .text.service_init
                0x0000000000027d38       0x28 app/libapp.a(service.c.obj)
                0x0000000000027d38                service_init
 .text.send_position_state_callback
                0x0000000000027d60       0x48 app/libapp.a(service.c.obj)
                0x0000000000027d60                send_position_state_callback
 .text.send_position_state
                0x0000000000027da8       0x4c app/libapp.a(service.c.obj)
                0x0000000000027da8                send_position_state
 .text.zmk_split_bt_position_pressed
                0x0000000000027df4       0x1c app/libapp.a(service.c.obj)
                0x0000000000027df4                zmk_split_bt_position_pressed
 .text.zmk_split_bt_position_released
                0x0000000000027e10       0x20 app/libapp.a(service.c.obj)
                0x0000000000027e10                zmk_split_bt_position_released
 .text.zmk_peripheral_ble_init
                0x0000000000027e30       0x44 app/libapp.a(peripheral.c.obj)
 .text.connected
                0x0000000000027e74       0x38 app/libapp.a(peripheral.c.obj)
 .text.bt_addr_le_to_str.constprop.0.isra.0
                0x0000000000027eac       0x78 app/libapp.a(peripheral.c.obj)
 .text.disconnected
                0x0000000000027f24       0x38 app/libapp.a(peripheral.c.obj)
 .text.advertising_cb
                0x0000000000027f5c       0x94 app/libapp.a(peripheral.c.obj)
 .text.each_bond
                0x0000000000027ff0       0x24 app/libapp.a(peripheral.c.obj)
 .text.usb_status_cb
                0x0000000000028014       0x14 app/libapp.a(usb.c.obj)
                0x0000000000028014                usb_status_cb
 .text.zmk_usb_init
                0x0000000000028028       0x18 app/libapp.a(usb.c.obj)
 .text.zmk_usb_get_conn_state
                0x0000000000028040       0x28 app/libapp.a(usb.c.obj)
                0x0000000000028040                zmk_usb_get_conn_state
 .text.workqueue_init
                0x0000000000028068       0x28 app/libapp.a(workqueue.c.obj)
 .text.zmk_workqueue_lowprio_work_q
                0x0000000000028090        0x8 app/libapp.a(workqueue.c.obj)
                0x0000000000028090                zmk_workqueue_lowprio_work_q
 .text.main     0x0000000000028098        0xc app/libapp.a(main.c.obj)
                0x0000000000028098                main
 .text.crc8_ccitt
                0x00000000000280a4       0x2c zephyr/libzephyr.a(crc8_sw.c.obj)
                0x00000000000280a4                crc8_ccitt
 .text.char_out
                0x00000000000280d0        0xc zephyr/libzephyr.a(printk.c.obj)
 .text.vprintk  0x00000000000280dc       0x1c zephyr/libzephyr.a(printk.c.obj)
                0x00000000000280dc                vprintk
 .text.vsnprintk
                0x00000000000280f8       0x2c zephyr/libzephyr.a(printk.c.obj)
                0x00000000000280f8                vsnprintk
 .text.process_event
                0x0000000000028124      0x21c zephyr/libzephyr.a(onoff.c.obj)
 .text.z_cbvprintf_impl
                0x0000000000028340      0x448 zephyr/libzephyr.a(cbprintf_nano.c.obj)
                0x0000000000028340                z_cbvprintf_impl
 .text.sys_reboot
                0x0000000000028788       0x28 zephyr/libzephyr.a(reboot.c.obj)
                0x0000000000028788                sys_reboot
 .text.z_arm_platform_init
                0x00000000000287b0        0x4 zephyr/libzephyr.a(soc_nrf_common.S.obj)
                0x00000000000287b0                z_arm_platform_init
 .text.read_pnp_id
                0x00000000000287b4       0x1c zephyr/libzephyr.a(dis.c.obj)
 .text.read_blvl
                0x00000000000287d0       0x28 zephyr/libzephyr.a(bas.c.obj)
 .text.bt_bas_set_battery_level
                0x00000000000287f8       0x50 zephyr/libzephyr.a(bas.c.obj)
                0x00000000000287f8                bt_bas_set_battery_level
 .text.nvs_recover_last_ate
                0x0000000000028848       0x64 zephyr/libzephyr.a(nvs.c.obj)
 .text.nvs_mount
                0x00000000000288ac      0x2c0 zephyr/libzephyr.a(nvs.c.obj)
                0x00000000000288ac                nvs_mount
 .text.nvs_write
                0x0000000000028b6c      0x1a0 zephyr/libzephyr.a(nvs.c.obj)
                0x0000000000028b6c                nvs_write
 .text.class_handler
                0x0000000000028d0c       0x40 zephyr/libzephyr.a(usb_device.c.obj)
 .text.custom_handler
                0x0000000000028d4c       0x60 zephyr/libzephyr.a(usb_device.c.obj)
 .text.vendor_handler
                0x0000000000028dac       0x3c zephyr/libzephyr.a(usb_device.c.obj)
 .text.set_endpoint
                0x0000000000028de8       0x54 zephyr/libzephyr.a(usb_device.c.obj)
 .text.usb_reset_alt_setting
                0x0000000000028e3c       0x10 zephyr/libzephyr.a(usb_device.c.obj)
 .text.is_ep_valid.part.0
                0x0000000000028e4c       0x38 zephyr/libzephyr.a(usb_device.c.obj)
 .text.usb_handle_request.constprop.0
                0x0000000000028e84       0x2c zephyr/libzephyr.a(usb_device.c.obj)
 .text.forward_status_cb
                0x0000000000028eb0       0xa0 zephyr/libzephyr.a(usb_device.c.obj)
 .text.usb_halt_endpoint_req.isra.0
                0x0000000000028f50       0x50 zephyr/libzephyr.a(usb_device.c.obj)
 .text.usb_handle_standard_request
                0x0000000000028fa0      0x2f0 zephyr/libzephyr.a(usb_device.c.obj)
 .text.usb_data_to_host
                0x0000000000029290       0x54 zephyr/libzephyr.a(usb_device.c.obj)
 .text.usb_handle_control_transfer
                0x00000000000292e4       0xdc zephyr/libzephyr.a(usb_device.c.obj)
 .text.usb_set_config
                0x00000000000293c0       0x2c zephyr/libzephyr.a(usb_device.c.obj)
                0x00000000000293c0                usb_set_config
 .text.usb_device_init
                0x00000000000293ec       0x28 zephyr/libzephyr.a(usb_device.c.obj)
 .text.usb_enable
                0x0000000000029414       0xf4 zephyr/libzephyr.a(usb_device.c.obj)
                0x0000000000029414                usb_enable
 .text.usb_update_sn_string_descriptor
                0x0000000000029508       0x88 zephyr/libzephyr.a(usb_descriptor.c.obj)
                0x0000000000029508                usb_update_sn_string_descriptor
 .text.usb_get_device_descriptor
                0x0000000000029590      0x1ac zephyr/libzephyr.a(usb_descriptor.c.obj)
                0x0000000000029590                usb_get_device_descriptor
 .text.usb_ep_get_transfer
                0x000000000002973c       0x2c zephyr/libzephyr.a(usb_transfer.c.obj)
 .text.usb_transfer_work
                0x0000000000029768      0x110 zephyr/libzephyr.a(usb_transfer.c.obj)
 .text.usb_cancel_transfer
                0x0000000000029878       0x3c zephyr/libzephyr.a(usb_transfer.c.obj)
                0x0000000000029878                usb_cancel_transfer
 .text.usb_cancel_transfers
                0x00000000000298b4       0x48 zephyr/libzephyr.a(usb_transfer.c.obj)
                0x00000000000298b4                usb_cancel_transfers
 .text.usb_transfer_init
                0x00000000000298fc       0x34 zephyr/libzephyr.a(usb_transfer.c.obj)
                0x00000000000298fc                usb_transfer_init
 .text.flash_area_open
                0x0000000000029930       0x50 zephyr/libzephyr.a(flash_map.c.obj)
                0x0000000000029930                flash_area_open
 .text.flash_area_get_sectors
                0x0000000000029980       0x60 zephyr/libzephyr.a(flash_map_layout.c.obj)
                0x0000000000029980                flash_area_get_sectors
 .text.settings_save_one
                0x00000000000299e0       0x4c zephyr/libzephyr.a(settings_store.c.obj)
                0x00000000000299e0                settings_save_one
 .text.settings_src_register
                0x0000000000029a2c       0x1c zephyr/libzephyr.a(settings_store.c.obj)
                0x0000000000029a2c                settings_src_register
 .text.settings_dst_register
                0x0000000000029a48        0xc zephyr/libzephyr.a(settings_store.c.obj)
                0x0000000000029a48                settings_dst_register
 .text.settings_load_subtree
                0x0000000000029a54       0x4c zephyr/libzephyr.a(settings_store.c.obj)
                0x0000000000029a54                settings_load_subtree
 .text.settings_load_subtree_direct
                0x0000000000029aa0       0x40 zephyr/libzephyr.a(settings_store.c.obj)
                0x0000000000029aa0                settings_load_subtree_direct
 .text.settings_store_init
                0x0000000000029ae0       0x10 zephyr/libzephyr.a(settings_store.c.obj)
                0x0000000000029ae0                settings_store_init
 .text.settings_init
                0x0000000000029af0       0x10 zephyr/libzephyr.a(settings.c.obj)
                0x0000000000029af0                settings_init
 .text.settings_register
                0x0000000000029b00       0x80 zephyr/libzephyr.a(settings.c.obj)
                0x0000000000029b00                settings_register
 .text.settings_parse_and_lookup
                0x0000000000029b80       0x98 zephyr/libzephyr.a(settings.c.obj)
                0x0000000000029b80                settings_parse_and_lookup
 .text.settings_commit_subtree
                0x0000000000029c18       0x70 zephyr/libzephyr.a(settings.c.obj)
                0x0000000000029c18                settings_commit_subtree
 .text.settings_subsys_init
                0x0000000000029c88       0x24 zephyr/libzephyr.a(settings_init.c.obj)
                0x0000000000029c88                settings_subsys_init
 .text.settings_nvs_load
                0x0000000000029cac       0xbc zephyr/libzephyr.a(settings_nvs.c.obj)
 .text.settings_backend_init
                0x0000000000029d68       0x98 zephyr/libzephyr.a(settings_nvs.c.obj)
                0x0000000000029d68                settings_backend_init
 .text.pm_state_notify
                0x0000000000029e00       0x5c zephyr/libzephyr.a(pm.c.obj)
 .text.pm_system_resume
                0x0000000000029e5c       0x78 zephyr/libzephyr.a(pm.c.obj)
                0x0000000000029e5c                pm_system_resume
 .text.pm_system_suspend
                0x0000000000029ed4       0xf8 zephyr/libzephyr.a(pm.c.obj)
                0x0000000000029ed4                pm_system_suspend
 .text.pm_policy_next_state
                0x0000000000029fcc       0x94 zephyr/libzephyr.a(policy.c.obj)
                0x0000000000029fcc                pm_policy_next_state
 .text.pm_state_cpu_get_all
                0x000000000002a060       0x10 zephyr/libzephyr.a(state.c.obj)
                0x000000000002a060                pm_state_cpu_get_all
 .text.uECC_get_rng
                0x000000000002a070        0xc zephyr/libzephyr.a(ecc.c.obj)
                0x000000000002a070                uECC_get_rng
 .text.vli_mmod_fast_secp256r1
                0x000000000002a07c      0x184 zephyr/libzephyr.a(ecc.c.obj)
                0x000000000002a07c                vli_mmod_fast_secp256r1
 .text.sub_bytes
                0x000000000002a200       0x18 zephyr/libzephyr.a(aes_encrypt.c.obj)
 .text.tc_aes128_set_encrypt_key
                0x000000000002a218       0xa4 zephyr/libzephyr.a(aes_encrypt.c.obj)
                0x000000000002a218                tc_aes128_set_encrypt_key
 .text.z_arm_cpu_idle_init
                0x000000000002a2bc        0xc zephyr/arch/arch/arm/core/aarch32/libarch__arm__core__aarch32.a(cpu_idle.S.obj)
                0x000000000002a2bc                z_arm_cpu_idle_init
 .text.arch_cpu_idle
                0x000000000002a2c8       0x1c zephyr/arch/arch/arm/core/aarch32/libarch__arm__core__aarch32.a(cpu_idle.S.obj)
                0x000000000002a2c8                arch_cpu_idle
 .text.arch_cpu_atomic_idle
                0x000000000002a2e4       0x14 zephyr/arch/arch/arm/core/aarch32/libarch__arm__core__aarch32.a(cpu_idle.S.obj)
                0x000000000002a2e4                arch_cpu_atomic_idle
 .text.arch_irq_enable
                0x000000000002a2f8       0x1c zephyr/arch/arch/arm/core/aarch32/libarch__arm__core__aarch32.a(irq_manage.c.obj)
                0x000000000002a2f8                arch_irq_enable
 .text.arch_irq_disable
                0x000000000002a314       0x28 zephyr/arch/arch/arm/core/aarch32/libarch__arm__core__aarch32.a(irq_manage.c.obj)
                0x000000000002a314                arch_irq_disable
 .text.arch_irq_is_enabled
                0x000000000002a33c       0x1c zephyr/arch/arch/arm/core/aarch32/libarch__arm__core__aarch32.a(irq_manage.c.obj)
                0x000000000002a33c                arch_irq_is_enabled
 .text.z_arm_irq_priority_set
                0x000000000002a358       0x30 zephyr/arch/arch/arm/core/aarch32/libarch__arm__core__aarch32.a(irq_manage.c.obj)
                0x000000000002a358                z_arm_irq_priority_set
 .text._arch_isr_direct_pm
                0x000000000002a388       0x1c zephyr/arch/arch/arm/core/aarch32/libarch__arm__core__aarch32.a(irq_manage.c.obj)
                0x000000000002a388                _arch_isr_direct_pm
 .text.z_SysNmiOnReset
                0x000000000002a3a4        0x8 zephyr/arch/arch/arm/core/aarch32/libarch__arm__core__aarch32.a(nmi_on_reset.S.obj)
                0x000000000002a3a4                z_SysNmiOnReset
 .text.z_arm_prep_c
                0x000000000002a3ac       0x48 zephyr/arch/arch/arm/core/aarch32/libarch__arm__core__aarch32.a(prep_c.c.obj)
                0x000000000002a3ac                z_arm_prep_c
 .text.arch_swap
                0x000000000002a3f4       0x34 zephyr/arch/arch/arm/core/aarch32/libarch__arm__core__aarch32.a(swap.c.obj)
                0x000000000002a3f4                arch_swap
 .text.z_arm_pendsv
                0x000000000002a428       0x48 zephyr/arch/arch/arm/core/aarch32/libarch__arm__core__aarch32.a(swap_helper.S.obj)
                0x000000000002a428                z_arm_pendsv
 .text.z_arm_svc
                0x000000000002a470       0x20 zephyr/arch/arch/arm/core/aarch32/libarch__arm__core__aarch32.a(swap_helper.S.obj)
                0x000000000002a470                z_arm_svc
 .text.arch_new_thread
                0x000000000002a490       0x38 zephyr/arch/arch/arm/core/aarch32/libarch__arm__core__aarch32.a(thread.c.obj)
                0x000000000002a490                arch_new_thread
 .text.arch_switch_to_main_thread
                0x000000000002a4c8       0x24 zephyr/arch/arch/arm/core/aarch32/libarch__arm__core__aarch32.a(thread.c.obj)
                0x000000000002a4c8                arch_switch_to_main_thread
 .text._isr_wrapper
                0x000000000002a4ec       0x40 zephyr/arch/arch/arm/core/aarch32/libarch__arm__core__aarch32.a(isr_wrapper.S.obj)
                0x000000000002a4ec                _isr_wrapper
 .text._HandlerModeExit
                0x000000000002a52c       0x1c zephyr/arch/arch/arm/core/aarch32/cortex_m/libarch__arm__core__aarch32__cortex_m.a(exc_exit.S.obj)
                0x000000000002a52c                z_arm_exc_exit
                0x000000000002a52c                z_arm_int_exit
 .text.bus_fault.constprop.0
                0x000000000002a548       0x3c zephyr/arch/arch/arm/core/aarch32/cortex_m/libarch__arm__core__aarch32__cortex_m.a(fault.c.obj)
 .text.mem_manage_fault.constprop.0
                0x000000000002a584       0x4c zephyr/arch/arch/arm/core/aarch32/cortex_m/libarch__arm__core__aarch32__cortex_m.a(fault.c.obj)
 .text.z_arm_fault
                0x000000000002a5d0      0x12c zephyr/arch/arch/arm/core/aarch32/cortex_m/libarch__arm__core__aarch32__cortex_m.a(fault.c.obj)
                0x000000000002a5d0                z_arm_fault
 .text.z_arm_fault_init
                0x000000000002a6fc       0x10 zephyr/arch/arch/arm/core/aarch32/cortex_m/libarch__arm__core__aarch32__cortex_m.a(fault.c.obj)
                0x000000000002a6fc                z_arm_fault_init
 .text.__fault  0x000000000002a70c       0x14 zephyr/arch/arch/arm/core/aarch32/cortex_m/libarch__arm__core__aarch32__cortex_m.a(fault_s.S.obj)
                0x000000000002a70c                z_arm_bus_fault
                0x000000000002a70c                z_arm_usage_fault
                0x000000000002a70c                z_arm_mpu_fault
                0x000000000002a70c                z_arm_exc_spurious
                0x000000000002a70c                z_arm_debug_monitor
                0x000000000002a70c                z_arm_hard_fault
 .text.z_arm_interrupt_init
                0x000000000002a720       0x18 zephyr/arch/arch/arm/core/aarch32/cortex_m/libarch__arm__core__aarch32__cortex_m.a(irq_init.c.obj)
                0x000000000002a720                z_arm_interrupt_init
 .text._reset_section
                0x000000000002a738       0x30 zephyr/arch/arch/arm/core/aarch32/cortex_m/libarch__arm__core__aarch32__cortex_m.a(reset.S.obj)
                0x000000000002a738                z_arm_reset
                0x000000000002a738                __start
 .text.z_impl_k_thread_abort
                0x000000000002a768       0x2c zephyr/arch/arch/arm/core/aarch32/cortex_m/libarch__arm__core__aarch32__cortex_m.a(thread_abort.c.obj)
                0x000000000002a768                z_impl_k_thread_abort
 .text.z_arm_configure_static_mpu_regions
                0x000000000002a794       0x18 zephyr/arch/arch/arm/core/aarch32/mpu/libarch__arm__core__aarch32__mpu.a(arm_core_mpu.c.obj)
                0x000000000002a794                z_arm_configure_static_mpu_regions
 .text.mpu_configure_regions
                0x000000000002a7ac       0x88 zephyr/arch/arch/arm/core/aarch32/mpu/libarch__arm__core__aarch32__mpu.a(arm_mpu.c.obj)
 .text.arm_core_mpu_enable
                0x000000000002a834       0x18 zephyr/arch/arch/arm/core/aarch32/mpu/libarch__arm__core__aarch32__mpu.a(arm_mpu.c.obj)
                0x000000000002a834                arm_core_mpu_enable
 .text.arm_core_mpu_disable
                0x000000000002a84c       0x14 zephyr/arch/arch/arm/core/aarch32/mpu/libarch__arm__core__aarch32__mpu.a(arm_mpu.c.obj)
                0x000000000002a84c                arm_core_mpu_disable
 .text.arm_core_mpu_configure_static_mpu_regions
                0x000000000002a860       0x14 zephyr/arch/arch/arm/core/aarch32/mpu/libarch__arm__core__aarch32__mpu.a(arm_mpu.c.obj)
                0x000000000002a860                arm_core_mpu_configure_static_mpu_regions
 .text.z_arm_mpu_init
                0x000000000002a874       0x60 zephyr/arch/arch/arm/core/aarch32/mpu/libarch__arm__core__aarch32__mpu.a(arm_mpu.c.obj)
                0x000000000002a874                z_arm_mpu_init
 .text.snprintf
                0x000000000002a8d4       0x34 zephyr/lib/libc/minimal/liblib__libc__minimal.a(sprintf.c.obj)
                0x000000000002a8d4                snprintf
 .text.nordicsemi_nrf52_init
                0x000000000002a908       0x30 zephyr/soc/arm/nordic_nrf/nrf52/libsoc__arm__nordic_nrf__nrf52.a(soc.c.obj)
 .text.sys_arch_reboot
                0x000000000002a938       0x2c zephyr/soc/arm/nordic_nrf/nrf52/libsoc__arm__nordic_nrf__nrf52.a(soc.c.obj)
                0x000000000002a938                sys_arch_reboot
 .text.arch_busy_wait
                0x000000000002a964       0x14 zephyr/soc/arm/nordic_nrf/nrf52/libsoc__arm__nordic_nrf__nrf52.a(soc.c.obj)
                0x000000000002a964                arch_busy_wait
 .text.ecc_process
                0x000000000002a978      0x17c zephyr/subsys/bluetooth/host/libsubsys__bluetooth__host.a(hci_ecc.c.obj)
 .text.le_gen_dhkey
                0x000000000002aaf4       0x98 zephyr/subsys/bluetooth/host/libsubsys__bluetooth__host.a(hci_ecc.c.obj)
 .text.bt_hci_ecc_send
                0x000000000002ab8c       0xdc zephyr/subsys/bluetooth/host/libsubsys__bluetooth__host.a(hci_ecc.c.obj)
                0x000000000002ab8c                bt_hci_ecc_send
 .text.save_id  0x000000000002ac68       0x18 zephyr/subsys/bluetooth/host/libsubsys__bluetooth__host.a(settings.c.obj)
 .text.set      0x000000000002ac80       0x78 zephyr/subsys/bluetooth/host/libsubsys__bluetooth__host.a(settings.c.obj)
 .text.bt_settings_encode_key
                0x000000000002acf8       0x60 zephyr/subsys/bluetooth/host/libsubsys__bluetooth__host.a(settings.c.obj)
                0x000000000002acf8                bt_settings_encode_key
 .text.bt_settings_save_id
                0x000000000002ad58        0xc zephyr/subsys/bluetooth/host/libsubsys__bluetooth__host.a(settings.c.obj)
                0x000000000002ad58                bt_settings_save_id
 .text.commit   0x000000000002ad64       0x70 zephyr/subsys/bluetooth/host/libsubsys__bluetooth__host.a(settings.c.obj)
 .text.long_wq_init
                0x000000000002add4       0x38 zephyr/subsys/bluetooth/host/libsubsys__bluetooth__host.a(long_wq.c.obj)
 .text.bt_long_wq_schedule
                0x000000000002ae0c        0xc zephyr/subsys/bluetooth/host/libsubsys__bluetooth__host.a(long_wq.c.obj)
                0x000000000002ae0c                bt_long_wq_schedule
 .text.bt_long_wq_reschedule
                0x000000000002ae18        0xc zephyr/subsys/bluetooth/host/libsubsys__bluetooth__host.a(long_wq.c.obj)
                0x000000000002ae18                bt_long_wq_reschedule
 .text.bt_long_wq_submit
                0x000000000002ae24        0xc zephyr/subsys/bluetooth/host/libsubsys__bluetooth__host.a(long_wq.c.obj)
                0x000000000002ae24                bt_long_wq_submit
 .text.uuid_to_uuid128
                0x000000000002ae30       0x6c zephyr/subsys/bluetooth/host/libsubsys__bluetooth__host.a(uuid.c.obj)
 .text.bt_buf_get_rx
                0x000000000002ae9c       0x20 zephyr/subsys/bluetooth/host/libsubsys__bluetooth__host.a(buf.c.obj)
                0x000000000002ae9c                bt_buf_get_rx
 .text.bt_buf_get_cmd_complete
                0x000000000002aebc       0x34 zephyr/subsys/bluetooth/host/libsubsys__bluetooth__host.a(buf.c.obj)
                0x000000000002aebc                bt_buf_get_cmd_complete
 .text.bt_buf_get_evt
                0x000000000002aef0       0x58 zephyr/subsys/bluetooth/host/libsubsys__bluetooth__host.a(buf.c.obj)
                0x000000000002aef0                bt_buf_get_evt
 .text.hci_disconn_complete_prio
                0x000000000002af48       0x3c zephyr/subsys/bluetooth/host/libsubsys__bluetooth__host.a(hci_core.c.obj)
 .text.find_pending_connect.part.0
                0x000000000002af84       0x2c zephyr/subsys/bluetooth/host/libsubsys__bluetooth__host.a(hci_core.c.obj)
 .text.hci_le_meta_event
                0x000000000002afb0       0x20 zephyr/subsys/bluetooth/host/libsubsys__bluetooth__host.a(hci_core.c.obj)
 .text.hci_cmd_done
                0x000000000002afd0       0xbc zephyr/subsys/bluetooth/host/libsubsys__bluetooth__host.a(hci_core.c.obj)
 .text.hci_cmd_status
                0x000000000002b08c       0x2c zephyr/subsys/bluetooth/host/libsubsys__bluetooth__host.a(hci_core.c.obj)
 .text.hci_cmd_complete
                0x000000000002b0b8       0x30 zephyr/subsys/bluetooth/host/libsubsys__bluetooth__host.a(hci_core.c.obj)
 .text.hci_tx_thread
                0x000000000002b0e8      0x11c zephyr/subsys/bluetooth/host/libsubsys__bluetooth__host.a(hci_core.c.obj)
 .text.bt_hci_cmd_state_set_init
                0x000000000002b204       0x24 zephyr/subsys/bluetooth/host/libsubsys__bluetooth__host.a(hci_core.c.obj)
                0x000000000002b204                bt_hci_cmd_state_set_init
 .text.bt_hci_cmd_create
                0x000000000002b228       0x74 zephyr/subsys/bluetooth/host/libsubsys__bluetooth__host.a(hci_core.c.obj)
                0x000000000002b228                bt_hci_cmd_create
 .text.bt_hci_cmd_send
                0x000000000002b29c       0x44 zephyr/subsys/bluetooth/host/libsubsys__bluetooth__host.a(hci_core.c.obj)
                0x000000000002b29c                bt_hci_cmd_send
 .text.bt_hci_cmd_send_sync
                0x000000000002b2e0       0xc4 zephyr/subsys/bluetooth/host/libsubsys__bluetooth__host.a(hci_core.c.obj)
                0x000000000002b2e0                bt_hci_cmd_send_sync
 .text.bt_hci_le_rand
                0x000000000002b3a4       0x58 zephyr/subsys/bluetooth/host/libsubsys__bluetooth__host.a(hci_core.c.obj)
                0x000000000002b3a4                bt_hci_le_rand
 .text.bt_get_phy
                0x000000000002b3fc       0x14 zephyr/subsys/bluetooth/host/libsubsys__bluetooth__host.a(hci_core.c.obj)
                0x000000000002b3fc                bt_get_phy
 .text.bt_hci_le_enh_conn_complete
                0x000000000002b410      0x210 zephyr/subsys/bluetooth/host/libsubsys__bluetooth__host.a(hci_core.c.obj)
                0x000000000002b410                bt_hci_le_enh_conn_complete
 .text.le_legacy_conn_complete
                0x000000000002b620       0x68 zephyr/subsys/bluetooth/host/libsubsys__bluetooth__host.a(hci_core.c.obj)
 .text.bt_security_err_get
                0x000000000002b688       0x10 zephyr/subsys/bluetooth/host/libsubsys__bluetooth__host.a(hci_core.c.obj)
                0x000000000002b688                bt_security_err_get
 .text.hci_event_prio
                0x000000000002b698       0xa4 zephyr/subsys/bluetooth/host/libsubsys__bluetooth__host.a(hci_core.c.obj)
                0x000000000002b698                hci_event_prio
 .text.bt_recv  0x000000000002b73c       0xf4 zephyr/subsys/bluetooth/host/libsubsys__bluetooth__host.a(hci_core.c.obj)
                0x000000000002b73c                bt_recv
 .text.bt_recv_prio
                0x000000000002b830       0x3c zephyr/subsys/bluetooth/host/libsubsys__bluetooth__host.a(hci_core.c.obj)
                0x000000000002b830                bt_recv_prio
 .text.bt_hci_driver_register
                0x000000000002b86c       0x28 zephyr/subsys/bluetooth/host/libsubsys__bluetooth__host.a(hci_core.c.obj)
                0x000000000002b86c                bt_hci_driver_register
 .text.bt_finalize_init
                0x000000000002b894        0xc zephyr/subsys/bluetooth/host/libsubsys__bluetooth__host.a(hci_core.c.obj)
                0x000000000002b894                bt_finalize_init
 .text.init_work
                0x000000000002b8a0       0x18 zephyr/subsys/bluetooth/host/libsubsys__bluetooth__host.a(hci_core.c.obj)
 .text.bt_enable
                0x000000000002b8b8       0xbc zephyr/subsys/bluetooth/host/libsubsys__bluetooth__host.a(hci_core.c.obj)
                0x000000000002b8b8                bt_enable
 .text.bt_is_ready
                0x000000000002b974       0x18 zephyr/subsys/bluetooth/host/libsubsys__bluetooth__host.a(hci_core.c.obj)
                0x000000000002b974                bt_is_ready
 .text.bt_get_name
                0x000000000002b98c        0x8 zephyr/subsys/bluetooth/host/libsubsys__bluetooth__host.a(hci_core.c.obj)
                0x000000000002b98c                bt_get_name
 .text.id_find  0x000000000002b994       0x34 zephyr/subsys/bluetooth/host/libsubsys__bluetooth__host.a(id.c.obj)
 .text.set_random_address
                0x000000000002b9c8       0x58 zephyr/subsys/bluetooth/host/libsubsys__bluetooth__host.a(id.c.obj)
 .text.id_create.constprop.0
                0x000000000002ba20       0x70 zephyr/subsys/bluetooth/host/libsubsys__bluetooth__host.a(id.c.obj)
 .text.bt_id_pending_keys_update
                0x000000000002ba90       0x34 zephyr/subsys/bluetooth/host/libsubsys__bluetooth__host.a(id.c.obj)
                0x000000000002ba90                bt_id_pending_keys_update
 .text.bt_id_add
                0x000000000002bac4      0x12c zephyr/subsys/bluetooth/host/libsubsys__bluetooth__host.a(id.c.obj)
                0x000000000002bac4                bt_id_add
 .text.bt_id_del
                0x000000000002bbf0      0x108 zephyr/subsys/bluetooth/host/libsubsys__bluetooth__host.a(id.c.obj)
                0x000000000002bbf0                bt_id_del
 .text.bt_id_create
                0x000000000002bcf8       0x88 zephyr/subsys/bluetooth/host/libsubsys__bluetooth__host.a(id.c.obj)
                0x000000000002bcf8                bt_id_create
 .text.bt_id_read_public_addr
                0x000000000002bd80       0x60 zephyr/subsys/bluetooth/host/libsubsys__bluetooth__host.a(id.c.obj)
                0x000000000002bd80                bt_id_read_public_addr
 .text.bt_setup_public_id_addr
                0x000000000002bde0       0x20 zephyr/subsys/bluetooth/host/libsubsys__bluetooth__host.a(id.c.obj)
                0x000000000002bde0                bt_setup_public_id_addr
 .text.bt_read_static_addr
                0x000000000002be00       0x60 zephyr/subsys/bluetooth/host/libsubsys__bluetooth__host.a(id.c.obj)
                0x000000000002be00                bt_read_static_addr
 .text.bt_setup_random_id_addr
                0x000000000002be60       0x5c zephyr/subsys/bluetooth/host/libsubsys__bluetooth__host.a(id.c.obj)
                0x000000000002be60                bt_setup_random_id_addr
 .text.bt_id_set_adv_own_addr
                0x000000000002bebc       0x9c zephyr/subsys/bluetooth/host/libsubsys__bluetooth__host.a(id.c.obj)
                0x000000000002bebc                bt_id_set_adv_own_addr
 .text.le_adv_start_add_conn
                0x000000000002bf58       0x6c zephyr/subsys/bluetooth/host/libsubsys__bluetooth__host.a(adv.c.obj)
 .text.valid_adv_param
                0x000000000002bfc4       0x84 zephyr/subsys/bluetooth/host/libsubsys__bluetooth__host.a(adv.c.obj)
 .text.bt_le_ext_adv_foreach
                0x000000000002c048        0xc zephyr/subsys/bluetooth/host/libsubsys__bluetooth__host.a(adv.c.obj)
                0x000000000002c048                bt_le_ext_adv_foreach
 .text.bt_le_adv_lookup_legacy
                0x000000000002c054        0x8 zephyr/subsys/bluetooth/host/libsubsys__bluetooth__host.a(adv.c.obj)
                0x000000000002c054                bt_le_adv_lookup_legacy
 .text.bt_le_adv_start_legacy
                0x000000000002c05c      0x258 zephyr/subsys/bluetooth/host/libsubsys__bluetooth__host.a(adv.c.obj)
                0x000000000002c05c                bt_le_adv_start_legacy
 .text.bt_le_adv_start
                0x000000000002c2b4       0x64 zephyr/subsys/bluetooth/host/libsubsys__bluetooth__host.a(adv.c.obj)
                0x000000000002c2b4                bt_le_adv_start
 .text.bt_le_adv_stop
                0x000000000002c318       0x84 zephyr/subsys/bluetooth/host/libsubsys__bluetooth__host.a(adv.c.obj)
                0x000000000002c318                bt_le_adv_stop
 .text.bt_le_adv_resume
                0x000000000002c39c       0x88 zephyr/subsys/bluetooth/host/libsubsys__bluetooth__host.a(adv.c.obj)
                0x000000000002c39c                bt_le_adv_resume
 .text.bt_pub_key_is_debug
                0x000000000002c424       0x18 zephyr/subsys/bluetooth/host/libsubsys__bluetooth__host.a(ecc.c.obj)
                0x000000000002c424                bt_pub_key_is_debug
 .text.bt_pub_key_gen
                0x000000000002c43c       0xd4 zephyr/subsys/bluetooth/host/libsubsys__bluetooth__host.a(ecc.c.obj)
                0x000000000002c43c                bt_pub_key_gen
 .text.bt_pub_key_get
                0x000000000002c510       0x20 zephyr/subsys/bluetooth/host/libsubsys__bluetooth__host.a(ecc.c.obj)
                0x000000000002c510                bt_pub_key_get
 .text.bt_dh_key_gen
                0x000000000002c530       0x88 zephyr/subsys/bluetooth/host/libsubsys__bluetooth__host.a(ecc.c.obj)
                0x000000000002c530                bt_dh_key_gen
 .text.bt_hci_evt_le_pkey_complete
                0x000000000002c5b8       0x7c zephyr/subsys/bluetooth/host/libsubsys__bluetooth__host.a(ecc.c.obj)
                0x000000000002c5b8                bt_hci_evt_le_pkey_complete
 .text.bt_hci_evt_le_dhkey_complete
                0x000000000002c634       0x1c zephyr/subsys/bluetooth/host/libsubsys__bluetooth__host.a(ecc.c.obj)
                0x000000000002c634                bt_hci_evt_le_dhkey_complete
 .text.notify_connected
                0x000000000002c650       0x3c zephyr/subsys/bluetooth/host/libsubsys__bluetooth__host.a(conn.c.obj)
 .text.tx_notify
                0x000000000002c68c       0x60 zephyr/subsys/bluetooth/host/libsubsys__bluetooth__host.a(conn.c.obj)
 .text.conn_tx_destroy
                0x000000000002c6ec       0x2c zephyr/subsys/bluetooth/host/libsubsys__bluetooth__host.a(conn.c.obj)
 .text.send_frag
                0x000000000002c718      0x110 zephyr/subsys/bluetooth/host/libsubsys__bluetooth__host.a(conn.c.obj)
 .text.bt_conn_get_pkts
                0x000000000002c828        0x8 zephyr/subsys/bluetooth/host/libsubsys__bluetooth__host.a(conn.c.obj)
                0x000000000002c828                bt_conn_get_pkts
 .text.bt_conn_new
                0x000000000002c830       0x64 zephyr/subsys/bluetooth/host/libsubsys__bluetooth__host.a(conn.c.obj)
                0x000000000002c830                bt_conn_new
 .text.bt_conn_send_cb
                0x000000000002c894       0x78 zephyr/subsys/bluetooth/host/libsubsys__bluetooth__host.a(conn.c.obj)
                0x000000000002c894                bt_conn_send_cb
 .text.bt_conn_prepare_events
                0x000000000002c90c       0x74 zephyr/subsys/bluetooth/host/libsubsys__bluetooth__host.a(conn.c.obj)
                0x000000000002c90c                bt_conn_prepare_events
 .text.bt_conn_lookup_handle
                0x000000000002c980       0x10 zephyr/subsys/bluetooth/host/libsubsys__bluetooth__host.a(conn.c.obj)
                0x000000000002c980                bt_conn_lookup_handle
 .text.bt_conn_set_state
                0x000000000002c990      0x168 zephyr/subsys/bluetooth/host/libsubsys__bluetooth__host.a(conn.c.obj)
                0x000000000002c990                bt_conn_set_state
 .text.bt_conn_index
                0x000000000002caf8       0x18 zephyr/subsys/bluetooth/host/libsubsys__bluetooth__host.a(conn.c.obj)
                0x000000000002caf8                bt_conn_index
 .text.bt_conn_create_pdu_timeout
                0x000000000002cb10       0x24 zephyr/subsys/bluetooth/host/libsubsys__bluetooth__host.a(conn.c.obj)
                0x000000000002cb10                bt_conn_create_pdu_timeout
 .text.notify_le_param_updated
                0x000000000002cb34       0x88 zephyr/subsys/bluetooth/host/libsubsys__bluetooth__host.a(conn.c.obj)
                0x000000000002cb34                notify_le_param_updated
 .text.notify_le_phy_updated
                0x000000000002cbbc       0x44 zephyr/subsys/bluetooth/host/libsubsys__bluetooth__host.a(conn.c.obj)
                0x000000000002cbbc                notify_le_phy_updated
 .text.le_param_req
                0x000000000002cc00       0x74 zephyr/subsys/bluetooth/host/libsubsys__bluetooth__host.a(conn.c.obj)
                0x000000000002cc00                le_param_req
 .text.bt_conn_identity_resolved
                0x000000000002cc74       0x5c zephyr/subsys/bluetooth/host/libsubsys__bluetooth__host.a(conn.c.obj)
                0x000000000002cc74                bt_conn_identity_resolved
 .text.bt_conn_security_changed
                0x000000000002ccd0       0x4c zephyr/subsys/bluetooth/host/libsubsys__bluetooth__host.a(conn.c.obj)
                0x000000000002ccd0                bt_conn_security_changed
 .text.bt_conn_cb_register
                0x000000000002cd1c       0x10 zephyr/subsys/bluetooth/host/libsubsys__bluetooth__host.a(conn.c.obj)
                0x000000000002cd1c                bt_conn_cb_register
 .text.bt_conn_add_le
                0x000000000002cd2c       0x38 zephyr/subsys/bluetooth/host/libsubsys__bluetooth__host.a(conn.c.obj)
                0x000000000002cd2c                bt_conn_add_le
 .text.bt_conn_lookup_addr_le
                0x000000000002cd64       0x34 zephyr/subsys/bluetooth/host/libsubsys__bluetooth__host.a(conn.c.obj)
                0x000000000002cd64                bt_conn_lookup_addr_le
 .text.bt_conn_lookup_state_le
                0x000000000002cd98       0x44 zephyr/subsys/bluetooth/host/libsubsys__bluetooth__host.a(conn.c.obj)
                0x000000000002cd98                bt_conn_lookup_state_le
 .text.send_conn_le_param_update
                0x000000000002cddc       0x6c zephyr/subsys/bluetooth/host/libsubsys__bluetooth__host.a(conn.c.obj)
 .text.deferred_work
                0x000000000002ce48       0xa0 zephyr/subsys/bluetooth/host/libsubsys__bluetooth__host.a(conn.c.obj)
 .text.bt_conn_create_frag_timeout
                0x000000000002cee8        0xc zephyr/subsys/bluetooth/host/libsubsys__bluetooth__host.a(conn.c.obj)
                0x000000000002cee8                bt_conn_create_frag_timeout
 .text.create_frag
                0x000000000002cef4       0x6c zephyr/subsys/bluetooth/host/libsubsys__bluetooth__host.a(conn.c.obj)
 .text.bt_conn_process_tx
                0x000000000002cf60       0xd0 zephyr/subsys/bluetooth/host/libsubsys__bluetooth__host.a(conn.c.obj)
                0x000000000002cf60                bt_conn_process_tx
 .text.bt_conn_init
                0x000000000002d030       0x40 zephyr/subsys/bluetooth/host/libsubsys__bluetooth__host.a(conn.c.obj)
                0x000000000002d030                bt_conn_init
 .text.l2cap_accept
                0x000000000002d070       0x1c zephyr/subsys/bluetooth/host/libsubsys__bluetooth__host.a(l2cap.c.obj)
 .text.bt_l2cap_connected
                0x000000000002d08c       0x9c zephyr/subsys/bluetooth/host/libsubsys__bluetooth__host.a(l2cap.c.obj)
                0x000000000002d08c                bt_l2cap_connected
 .text.bt_l2cap_update_conn_param
                0x000000000002d128       0x64 zephyr/subsys/bluetooth/host/libsubsys__bluetooth__host.a(l2cap.c.obj)
                0x000000000002d128                bt_l2cap_update_conn_param
 .text.att_op_get_type
                0x000000000002d18c       0x74 zephyr/subsys/bluetooth/host/libsubsys__bluetooth__host.a(att.c.obj)
 .text.bt_att_released
                0x000000000002d200       0x18 zephyr/subsys/bluetooth/host/libsubsys__bluetooth__host.a(att.c.obj)
 .text.tx_meta_data_free
                0x000000000002d218       0x1c zephyr/subsys/bluetooth/host/libsubsys__bluetooth__host.a(att.c.obj)
 .text.chan_send
                0x000000000002d234       0x9c zephyr/subsys/bluetooth/host/libsubsys__bluetooth__host.a(att.c.obj)
 .text.bt_att_connected
                0x000000000002d2d0       0x44 zephyr/subsys/bluetooth/host/libsubsys__bluetooth__host.a(att.c.obj)
 .text.read_group_cb
                0x000000000002d314       0xac zephyr/subsys/bluetooth/host/libsubsys__bluetooth__host.a(att.c.obj)
 .text.bt_att_accept
                0x000000000002d3c0       0xc0 zephyr/subsys/bluetooth/host/libsubsys__bluetooth__host.a(att.c.obj)
 .text.read_type_cb
                0x000000000002d480       0xa0 zephyr/subsys/bluetooth/host/libsubsys__bluetooth__host.a(att.c.obj)
 .text.bt_att_chan_create_pdu
                0x000000000002d520       0x68 zephyr/subsys/bluetooth/host/libsubsys__bluetooth__host.a(att.c.obj)
                0x000000000002d520                bt_att_chan_create_pdu
 .text.bt_att_recv
                0x000000000002d588       0xd8 zephyr/subsys/bluetooth/host/libsubsys__bluetooth__host.a(att.c.obj)
 .text.att_write_rsp.constprop.0
                0x000000000002d660       0xc8 zephyr/subsys/bluetooth/host/libsubsys__bluetooth__host.a(att.c.obj)
 .text.att_read_group_req
                0x000000000002d728       0xfc zephyr/subsys/bluetooth/host/libsubsys__bluetooth__host.a(att.c.obj)
 .text.att_read_mult_vl_req
                0x000000000002d824       0xa8 zephyr/subsys/bluetooth/host/libsubsys__bluetooth__host.a(att.c.obj)
 .text.att_read_mult_req
                0x000000000002d8cc       0xa8 zephyr/subsys/bluetooth/host/libsubsys__bluetooth__host.a(att.c.obj)
 .text.att_read_rsp
                0x000000000002d974       0xa0 zephyr/subsys/bluetooth/host/libsubsys__bluetooth__host.a(att.c.obj)
 .text.att_read_type_req
                0x000000000002da14       0xc4 zephyr/subsys/bluetooth/host/libsubsys__bluetooth__host.a(att.c.obj)
 .text.att_find_type_req
                0x000000000002dad8       0xd0 zephyr/subsys/bluetooth/host/libsubsys__bluetooth__host.a(att.c.obj)
 .text.att_find_info_req
                0x000000000002dba8       0x78 zephyr/subsys/bluetooth/host/libsubsys__bluetooth__host.a(att.c.obj)
 .text.bt_att_init
                0x000000000002dc20       0x34 zephyr/subsys/bluetooth/host/libsubsys__bluetooth__host.a(att.c.obj)
                0x000000000002dc20                bt_att_init
 .text.bt_att_req_alloc
                0x000000000002dc54       0x44 zephyr/subsys/bluetooth/host/libsubsys__bluetooth__host.a(att.c.obj)
                0x000000000002dc54                bt_att_req_alloc
 .text.bt_att_req_free
                0x000000000002dc98       0x30 zephyr/subsys/bluetooth/host/libsubsys__bluetooth__host.a(att.c.obj)
                0x000000000002dc98                bt_att_req_free
 .text.att_handle_rsp
                0x000000000002dcc8       0x70 zephyr/subsys/bluetooth/host/libsubsys__bluetooth__host.a(att.c.obj)
 .text.bt_att_disconnected
                0x000000000002dd38       0xc8 zephyr/subsys/bluetooth/host/libsubsys__bluetooth__host.a(att.c.obj)
 .text.db_hash_set
                0x000000000002de00       0x18 zephyr/subsys/bluetooth/host/libsubsys__bluetooth__host.a(gatt.c.obj)
 .text.find_cf_cfg
                0x000000000002de18       0x60 zephyr/subsys/bluetooth/host/libsubsys__bluetooth__host.a(gatt.c.obj)
 .text.sc_store
                0x000000000002de78       0x40 zephyr/subsys/bluetooth/host/libsubsys__bluetooth__host.a(gatt.c.obj)
 .text.db_hash_commit
                0x000000000002deb8       0x24 zephyr/subsys/bluetooth/host/libsubsys__bluetooth__host.a(gatt.c.obj)
 .text.clear_cf_cfg
                0x000000000002dedc       0x38 zephyr/subsys/bluetooth/host/libsubsys__bluetooth__host.a(gatt.c.obj)
 .text.read_ppcp
                0x000000000002df14       0x3c zephyr/subsys/bluetooth/host/libsubsys__bluetooth__host.a(gatt.c.obj)
 .text.sc_commit
                0x000000000002df50       0x30 zephyr/subsys/bluetooth/host/libsubsys__bluetooth__host.a(gatt.c.obj)
 .text.find_cf_cfg_by_addr
                0x000000000002df80       0x44 zephyr/subsys/bluetooth/host/libsubsys__bluetooth__host.a(gatt.c.obj)
 .text.ccc_load
                0x000000000002dfc4       0x8c zephyr/subsys/bluetooth/host/libsubsys__bluetooth__host.a(gatt.c.obj)
 .text.remove_peer_from_attr
                0x000000000002e050       0x28 zephyr/subsys/bluetooth/host/libsubsys__bluetooth__host.a(gatt.c.obj)
 .text.ccc_save
                0x000000000002e078       0x38 zephyr/subsys/bluetooth/host/libsubsys__bluetooth__host.a(gatt.c.obj)
 .text.find_ccc_cfg
                0x000000000002e0b0       0x2c zephyr/subsys/bluetooth/host/libsubsys__bluetooth__host.a(gatt.c.obj)
 .text.bt_gatt_attr_write_ccc
                0x000000000002e0dc       0xf4 zephyr/subsys/bluetooth/host/libsubsys__bluetooth__host.a(gatt.c.obj)
                0x000000000002e0dc                bt_gatt_attr_write_ccc
 .text.find_sc_cfg
                0x000000000002e1d0       0x44 zephyr/subsys/bluetooth/host/libsubsys__bluetooth__host.a(gatt.c.obj)
 .text.sc_save  0x000000000002e214       0x64 zephyr/subsys/bluetooth/host/libsubsys__bluetooth__host.a(gatt.c.obj)
 .text.bt_gatt_clear_sc
                0x000000000002e278       0x4c zephyr/subsys/bluetooth/host/libsubsys__bluetooth__host.a(gatt.c.obj)
 .text.disconnected_cb
                0x000000000002e2c4       0xa0 zephyr/subsys/bluetooth/host/libsubsys__bluetooth__host.a(gatt.c.obj)
 .text.sc_set   0x000000000002e364       0x90 zephyr/subsys/bluetooth/host/libsubsys__bluetooth__host.a(gatt.c.obj)
 .text.sc_indicate_rsp
                0x000000000002e3f4       0x50 zephyr/subsys/bluetooth/host/libsubsys__bluetooth__host.a(gatt.c.obj)
 .text.bt_gatt_init
                0x000000000002e444       0xc8 zephyr/subsys/bluetooth/host/libsubsys__bluetooth__host.a(gatt.c.obj)
                0x000000000002e444                bt_gatt_init
 .text.bt_gatt_attr_get_handle
                0x000000000002e50c       0x60 zephyr/subsys/bluetooth/host/libsubsys__bluetooth__host.a(gatt.c.obj)
                0x000000000002e50c                bt_gatt_attr_get_handle
 .text.bt_gatt_foreach_attr_type
                0x000000000002e56c       0xb4 zephyr/subsys/bluetooth/host/libsubsys__bluetooth__host.a(gatt.c.obj)
                0x000000000002e56c                bt_gatt_foreach_attr_type
 .text.db_hash_gen
                0x000000000002e620       0x74 zephyr/subsys/bluetooth/host/libsubsys__bluetooth__host.a(gatt.c.obj)
 .text.db_hash_read
                0x000000000002e694       0x7c zephyr/subsys/bluetooth/host/libsubsys__bluetooth__host.a(gatt.c.obj)
 .text.db_hash_process
                0x000000000002e710       0xc0 zephyr/subsys/bluetooth/host/libsubsys__bluetooth__host.a(gatt.c.obj)
 .text.ccc_set_direct
                0x000000000002e7d0       0x98 zephyr/subsys/bluetooth/host/libsubsys__bluetooth__host.a(gatt.c.obj)
 .text.bt_gatt_attr_next
                0x000000000002e868       0x24 zephyr/subsys/bluetooth/host/libsubsys__bluetooth__host.a(gatt.c.obj)
                0x000000000002e868                bt_gatt_attr_next
 .text.gatt_indicate
                0x000000000002e88c       0xbc zephyr/subsys/bluetooth/host/libsubsys__bluetooth__host.a(gatt.c.obj)
 .text.bt_gatt_indicate
                0x000000000002e948       0xf0 zephyr/subsys/bluetooth/host/libsubsys__bluetooth__host.a(gatt.c.obj)
                0x000000000002e948                bt_gatt_indicate
 .text.sc_process
                0x000000000002ea38       0x5c zephyr/subsys/bluetooth/host/libsubsys__bluetooth__host.a(gatt.c.obj)
 .text.update_ccc
                0x000000000002ea94       0xe0 zephyr/subsys/bluetooth/host/libsubsys__bluetooth__host.a(gatt.c.obj)
 .text.bt_gatt_notify_cb
                0x000000000002eb74       0xe8 zephyr/subsys/bluetooth/host/libsubsys__bluetooth__host.a(gatt.c.obj)
                0x000000000002eb74                bt_gatt_notify_cb
 .text.notify_cb
                0x000000000002ec5c      0x110 zephyr/subsys/bluetooth/host/libsubsys__bluetooth__host.a(gatt.c.obj)
 .text.bt_gatt_connected
                0x000000000002ed6c       0x7c zephyr/subsys/bluetooth/host/libsubsys__bluetooth__host.a(gatt.c.obj)
                0x000000000002ed6c                bt_gatt_connected
 .text.bt_gatt_att_max_mtu_changed
                0x000000000002ede8       0x28 zephyr/subsys/bluetooth/host/libsubsys__bluetooth__host.a(gatt.c.obj)
                0x000000000002ede8                bt_gatt_att_max_mtu_changed
 .text.bt_gatt_encrypt_change
                0x000000000002ee10       0x20 zephyr/subsys/bluetooth/host/libsubsys__bluetooth__host.a(gatt.c.obj)
                0x000000000002ee10                bt_gatt_encrypt_change
 .text.bt_gatt_store_ccc
                0x000000000002ee30       0x60 zephyr/subsys/bluetooth/host/libsubsys__bluetooth__host.a(gatt.c.obj)
                0x000000000002ee30                bt_gatt_store_ccc
 .text.bt_gatt_disconnected
                0x000000000002ee90      0x104 zephyr/subsys/bluetooth/host/libsubsys__bluetooth__host.a(gatt.c.obj)
                0x000000000002ee90                bt_gatt_disconnected
 .text.bt_smp_accept
                0x000000000002ef94       0x24 zephyr/subsys/bluetooth/host/libsubsys__bluetooth__host.a(smp.c.obj)
 .text.smp_find
                0x000000000002efb8       0x1c zephyr/subsys/bluetooth/host/libsubsys__bluetooth__host.a(smp.c.obj)
 .text.latch_auth_cb
                0x000000000002efd4       0x3c zephyr/subsys/bluetooth/host/libsubsys__bluetooth__host.a(smp.c.obj)
 .text.get_io_capa
                0x000000000002f010       0x4c zephyr/subsys/bluetooth/host/libsubsys__bluetooth__host.a(smp.c.obj)
 .text.get_auth
                0x000000000002f05c       0x3c zephyr/subsys/bluetooth/host/libsubsys__bluetooth__host.a(smp.c.obj)
 .text.smp_init
                0x000000000002f098       0x38 zephyr/subsys/bluetooth/host/libsubsys__bluetooth__host.a(smp.c.obj)
 .text.smp_dhkey_generate
                0x000000000002f0d0       0x2c zephyr/subsys/bluetooth/host/libsubsys__bluetooth__host.a(smp.c.obj)
 .text.smp_pairing_random
                0x000000000002f0fc      0x19c zephyr/subsys/bluetooth/host/libsubsys__bluetooth__host.a(smp.c.obj)
 .text.compute_and_check_and_send_periph_dhcheck
                0x000000000002f298      0x1cc zephyr/subsys/bluetooth/host/libsubsys__bluetooth__host.a(smp.c.obj)
 .text.smp_send_pairing_confirm
                0x000000000002f464       0x78 zephyr/subsys/bluetooth/host/libsubsys__bluetooth__host.a(smp.c.obj)
 .text.smp_public_key_periph
                0x000000000002f4dc      0x14c zephyr/subsys/bluetooth/host/libsubsys__bluetooth__host.a(smp.c.obj)
 .text.smp_public_key
                0x000000000002f628       0x8c zephyr/subsys/bluetooth/host/libsubsys__bluetooth__host.a(smp.c.obj)
 .text.bt_smp_connected
                0x000000000002f6b4       0x38 zephyr/subsys/bluetooth/host/libsubsys__bluetooth__host.a(smp.c.obj)
 .text.smp_pairing_req
                0x000000000002f6ec      0x21c zephyr/subsys/bluetooth/host/libsubsys__bluetooth__host.a(smp.c.obj)
 .text.bt_smp_start_security
                0x000000000002f908      0x18c zephyr/subsys/bluetooth/host/libsubsys__bluetooth__host.a(smp.c.obj)
                0x000000000002f908                bt_smp_start_security
 .text.smp_pairing_complete
                0x000000000002fa94      0x108 zephyr/subsys/bluetooth/host/libsubsys__bluetooth__host.a(smp.c.obj)
 .text.bt_smp_recv
                0x000000000002fb9c       0x78 zephyr/subsys/bluetooth/host/libsubsys__bluetooth__host.a(smp.c.obj)
 .text.bt_smp_pkey_ready
                0x000000000002fc14       0x40 zephyr/subsys/bluetooth/host/libsubsys__bluetooth__host.a(smp.c.obj)
 .text.bt_smp_encrypt_change
                0x000000000002fc54       0xec zephyr/subsys/bluetooth/host/libsubsys__bluetooth__host.a(smp.c.obj)
 .text.bt_smp_init
                0x000000000002fd40       0x38 zephyr/subsys/bluetooth/host/libsubsys__bluetooth__host.a(smp.c.obj)
                0x000000000002fd40                bt_smp_init
 .text.bt_keys_get_addr
                0x000000000002fd78       0x4c zephyr/subsys/bluetooth/host/libsubsys__bluetooth__host.a(keys.c.obj)
                0x000000000002fd78                bt_keys_get_addr
 .text.bt_foreach_bond
                0x000000000002fdc4       0x3c zephyr/subsys/bluetooth/host/libsubsys__bluetooth__host.a(keys.c.obj)
                0x000000000002fdc4                bt_foreach_bond
 .text.bt_keys_foreach_type
                0x000000000002fe00       0x1c zephyr/subsys/bluetooth/host/libsubsys__bluetooth__host.a(keys.c.obj)
                0x000000000002fe00                bt_keys_foreach_type
 .text.keys_commit
                0x000000000002fe1c       0x14 zephyr/subsys/bluetooth/host/libsubsys__bluetooth__host.a(keys.c.obj)
 .text.bt_keys_find
                0x000000000002fe30       0x48 zephyr/subsys/bluetooth/host/libsubsys__bluetooth__host.a(keys.c.obj)
                0x000000000002fe30                bt_keys_find
 .text.bt_keys_find_irk
                0x000000000002fe78       0x88 zephyr/subsys/bluetooth/host/libsubsys__bluetooth__host.a(keys.c.obj)
                0x000000000002fe78                bt_keys_find_irk
 .text.bt_keys_find_addr
                0x000000000002ff00       0x20 zephyr/subsys/bluetooth/host/libsubsys__bluetooth__host.a(keys.c.obj)
                0x000000000002ff00                bt_keys_find_addr
 .text.bt_keys_clear
                0x000000000002ff20       0x50 zephyr/subsys/bluetooth/host/libsubsys__bluetooth__host.a(keys.c.obj)
                0x000000000002ff20                bt_keys_clear
 .text.bt_keys_store
                0x000000000002ff70       0x40 zephyr/subsys/bluetooth/host/libsubsys__bluetooth__host.a(keys.c.obj)
                0x000000000002ff70                bt_keys_store
 .text.mem_init
                0x000000000002ffb0       0x60 zephyr/subsys/bluetooth/controller/libsubsys__bluetooth__controller.a(mem.c.obj)
                0x000000000002ffb0                mem_init
 .text.mem_acquire
                0x0000000000030010       0x38 zephyr/subsys/bluetooth/controller/libsubsys__bluetooth__controller.a(mem.c.obj)
                0x0000000000030010                mem_acquire
 .text.mem_release
                0x0000000000030048       0x30 zephyr/subsys/bluetooth/controller/libsubsys__bluetooth__controller.a(mem.c.obj)
                0x0000000000030048                mem_release
 .text.mem_get  0x0000000000030078        0x8 zephyr/subsys/bluetooth/controller/libsubsys__bluetooth__controller.a(mem.c.obj)
                0x0000000000030078                mem_get
 .text.mem_index_get
                0x0000000000030080        0xc zephyr/subsys/bluetooth/controller/libsubsys__bluetooth__controller.a(mem.c.obj)
                0x0000000000030080                mem_index_get
 .text.mem_rcopy
                0x000000000003008c       0x1c zephyr/subsys/bluetooth/controller/libsubsys__bluetooth__controller.a(mem.c.obj)
                0x000000000003008c                mem_rcopy
 .text.mem_nz   0x00000000000300a8       0x18 zephyr/subsys/bluetooth/controller/libsubsys__bluetooth__controller.a(mem.c.obj)
                0x00000000000300a8                mem_nz
 .text.memq_init
                0x00000000000300c0        0x8 zephyr/subsys/bluetooth/controller/libsubsys__bluetooth__controller.a(memq.c.obj)
                0x00000000000300c0                memq_init
 .text.memq_deinit
                0x00000000000300c8       0x14 zephyr/subsys/bluetooth/controller/libsubsys__bluetooth__controller.a(memq.c.obj)
                0x00000000000300c8                memq_deinit
 .text.memq_enqueue
                0x00000000000300dc       0x14 zephyr/subsys/bluetooth/controller/libsubsys__bluetooth__controller.a(memq.c.obj)
                0x00000000000300dc                memq_enqueue
 .text.memq_peek
                0x00000000000300f0       0x10 zephyr/subsys/bluetooth/controller/libsubsys__bluetooth__controller.a(memq.c.obj)
                0x00000000000300f0                memq_peek
 .text.memq_dequeue
                0x0000000000030100       0x20 zephyr/subsys/bluetooth/controller/libsubsys__bluetooth__controller.a(memq.c.obj)
                0x0000000000030100                memq_dequeue
 .text.mayfly_init
                0x0000000000030120       0x40 zephyr/subsys/bluetooth/controller/libsubsys__bluetooth__controller.a(mayfly.c.obj)
                0x0000000000030120                mayfly_init
 .text.mayfly_enable
                0x0000000000030160       0x68 zephyr/subsys/bluetooth/controller/libsubsys__bluetooth__controller.a(mayfly.c.obj)
                0x0000000000030160                mayfly_enable
 .text.mayfly_enqueue
                0x00000000000301c8       0xbc zephyr/subsys/bluetooth/controller/libsubsys__bluetooth__controller.a(mayfly.c.obj)
                0x00000000000301c8                mayfly_enqueue
 .text.mayfly_run
                0x0000000000030284      0x150 zephyr/subsys/bluetooth/controller/libsubsys__bluetooth__controller.a(mayfly.c.obj)
                0x0000000000030284                mayfly_run
 .text.util_ones_count_get
                0x00000000000303d4       0x28 zephyr/subsys/bluetooth/controller/libsubsys__bluetooth__controller.a(util.c.obj)
                0x00000000000303d4                util_ones_count_get
 .text.ticker_dequeue
                0x00000000000303fc       0x74 zephyr/subsys/bluetooth/controller/libsubsys__bluetooth__controller.a(ticker.c.obj)
 .text.ticks_to_expire_prep
                0x0000000000030470       0x48 zephyr/subsys/bluetooth/controller/libsubsys__bluetooth__controller.a(ticker.c.obj)
 .text.ticker_job_list_insert
                0x00000000000304b8      0x1f0 zephyr/subsys/bluetooth/controller/libsubsys__bluetooth__controller.a(ticker.c.obj)
 .text.ticker_worker
                0x00000000000306a8      0x23c zephyr/subsys/bluetooth/controller/libsubsys__bluetooth__controller.a(ticker.c.obj)
                0x00000000000306a8                ticker_worker
 .text.ticker_job
                0x00000000000308e4      0x970 zephyr/subsys/bluetooth/controller/libsubsys__bluetooth__controller.a(ticker.c.obj)
                0x00000000000308e4                ticker_job
 .text.ticker_init
                0x0000000000031254       0x68 zephyr/subsys/bluetooth/controller/libsubsys__bluetooth__controller.a(ticker.c.obj)
                0x0000000000031254                ticker_init
 .text.ticker_is_initialized
                0x00000000000312bc       0x18 zephyr/subsys/bluetooth/controller/libsubsys__bluetooth__controller.a(ticker.c.obj)
                0x00000000000312bc                ticker_is_initialized
 .text.ticker_trigger
                0x00000000000312d4       0x30 zephyr/subsys/bluetooth/controller/libsubsys__bluetooth__controller.a(ticker.c.obj)
                0x00000000000312d4                ticker_trigger
 .text.ticker_start_ext
                0x0000000000031304       0xac zephyr/subsys/bluetooth/controller/libsubsys__bluetooth__controller.a(ticker.c.obj)
                0x0000000000031304                ticker_start_ext
 .text.ticker_start
                0x00000000000313b0       0x38 zephyr/subsys/bluetooth/controller/libsubsys__bluetooth__controller.a(ticker.c.obj)
                0x00000000000313b0                ticker_start
 .text.ticker_update_ext
                0x00000000000313e8       0xb0 zephyr/subsys/bluetooth/controller/libsubsys__bluetooth__controller.a(ticker.c.obj)
                0x00000000000313e8                ticker_update_ext
 .text.ticker_update
                0x0000000000031498       0x30 zephyr/subsys/bluetooth/controller/libsubsys__bluetooth__controller.a(ticker.c.obj)
                0x0000000000031498                ticker_update
 .text.ticker_stop
                0x00000000000314c8       0x84 zephyr/subsys/bluetooth/controller/libsubsys__bluetooth__controller.a(ticker.c.obj)
                0x00000000000314c8                ticker_stop
 .text.ticker_ticks_now_get
                0x000000000003154c        0x4 zephyr/subsys/bluetooth/controller/libsubsys__bluetooth__controller.a(ticker.c.obj)
                0x000000000003154c                ticker_ticks_now_get
 .text.ticker_ticks_diff_get
                0x0000000000031550        0x8 zephyr/subsys/bluetooth/controller/libsubsys__bluetooth__controller.a(ticker.c.obj)
                0x0000000000031550                ticker_ticks_diff_get
 .text.ll_addr_set
                0x0000000000031558       0x48 zephyr/subsys/bluetooth/controller/libsubsys__bluetooth__controller.a(ll_addr.c.obj)
                0x0000000000031558                ll_addr_set
 .text.ll_addr_get
                0x00000000000315a0       0x20 zephyr/subsys/bluetooth/controller/libsubsys__bluetooth__controller.a(ll_addr.c.obj)
                0x00000000000315a0                ll_addr_get
 .text.ll_addr_read
                0x00000000000315c0       0x30 zephyr/subsys/bluetooth/controller/libsubsys__bluetooth__controller.a(ll_addr.c.obj)
                0x00000000000315c0                ll_addr_read
 .text.ll_tx_pwr_lvl_get
                0x00000000000315f0       0x20 zephyr/subsys/bluetooth/controller/libsubsys__bluetooth__controller.a(ll_tx_pwr.c.obj)
                0x00000000000315f0                ll_tx_pwr_lvl_get
 .text.ll_tx_pwr_get
                0x0000000000031610        0x8 zephyr/subsys/bluetooth/controller/libsubsys__bluetooth__controller.a(ll_tx_pwr.c.obj)
                0x0000000000031610                ll_tx_pwr_get
 .text.hci_driver_init
                0x0000000000031618       0x10 zephyr/subsys/bluetooth/controller/libsubsys__bluetooth__controller.a(hci_driver.c.obj)
 .text.hci_driver_send
                0x0000000000031628       0x6c zephyr/subsys/bluetooth/controller/libsubsys__bluetooth__controller.a(hci_driver.c.obj)
 .text.hci_driver_close
                0x0000000000031694       0x20 zephyr/subsys/bluetooth/controller/libsubsys__bluetooth__controller.a(hci_driver.c.obj)
 .text.recv_thread
                0x00000000000316b4      0x120 zephyr/subsys/bluetooth/controller/libsubsys__bluetooth__controller.a(hci_driver.c.obj)
 .text.prio_recv_thread
                0x00000000000317d4       0xc8 zephyr/subsys/bluetooth/controller/libsubsys__bluetooth__controller.a(hci_driver.c.obj)
 .text.hci_driver_open
                0x000000000003189c       0xa8 zephyr/subsys/bluetooth/controller/libsubsys__bluetooth__controller.a(hci_driver.c.obj)
 .text.hci_recv_fifo_reset
                0x0000000000031944       0x20 zephyr/subsys/bluetooth/controller/libsubsys__bluetooth__controller.a(hci_driver.c.obj)
                0x0000000000031944                hci_recv_fifo_reset
 .text.le_remote_feat_complete
                0x0000000000031964       0x6c zephyr/subsys/bluetooth/controller/libsubsys__bluetooth__controller.a(hci.c.obj)
 .text.hci_vendor_cmd_handle_common
                0x00000000000319d0      0x160 zephyr/subsys/bluetooth/controller/libsubsys__bluetooth__controller.a(hci.c.obj)
                0x00000000000319d0                hci_vendor_cmd_handle_common
 .text.hci_cmd_handle
                0x0000000000031b30      0x7b8 zephyr/subsys/bluetooth/controller/libsubsys__bluetooth__controller.a(hci.c.obj)
                0x0000000000031b30                hci_cmd_handle
 .text.hci_acl_handle
                0x00000000000322e8       0xbc zephyr/subsys/bluetooth/controller/libsubsys__bluetooth__controller.a(hci.c.obj)
                0x00000000000322e8                hci_acl_handle
 .text.hci_disconn_complete_encode
                0x00000000000323a4       0x40 zephyr/subsys/bluetooth/controller/libsubsys__bluetooth__controller.a(hci.c.obj)
                0x00000000000323a4                hci_disconn_complete_encode
 .text.hci_disconn_complete_process
                0x00000000000323e4       0x10 zephyr/subsys/bluetooth/controller/libsubsys__bluetooth__controller.a(hci.c.obj)
                0x00000000000323e4                hci_disconn_complete_process
 .text.hci_acl_encode
                0x00000000000323f4       0x74 zephyr/subsys/bluetooth/controller/libsubsys__bluetooth__controller.a(hci.c.obj)
                0x00000000000323f4                hci_acl_encode
 .text.hci_evt_encode
                0x0000000000032468      0x4c4 zephyr/subsys/bluetooth/controller/libsubsys__bluetooth__controller.a(hci.c.obj)
                0x0000000000032468                hci_evt_encode
 .text.hci_num_cmplt_encode
                0x000000000003292c       0x30 zephyr/subsys/bluetooth/controller/libsubsys__bluetooth__controller.a(hci.c.obj)
                0x000000000003292c                hci_num_cmplt_encode
 .text.hci_get_class
                0x000000000003295c       0x2c zephyr/subsys/bluetooth/controller/libsubsys__bluetooth__controller.a(hci.c.obj)
                0x000000000003295c                hci_get_class
 .text.hci_init
                0x0000000000032988       0x40 zephyr/subsys/bluetooth/controller/libsubsys__bluetooth__controller.a(hci.c.obj)
                0x0000000000032988                hci_init
 .text.bt_rand  0x00000000000329c8        0x4 zephyr/subsys/bluetooth/controller/libsubsys__bluetooth__controller.a(crypto.c.obj)
                0x00000000000329c8                bt_rand
 .text.bt_encrypt_le
                0x00000000000329cc        0xc zephyr/subsys/bluetooth/controller/libsubsys__bluetooth__controller.a(crypto.c.obj)
                0x00000000000329cc                bt_encrypt_le
 .text.ll_feat_get
                0x00000000000329d8        0xc zephyr/subsys/bluetooth/controller/libsubsys__bluetooth__controller.a(ll_feat.c.obj)
                0x00000000000329d8                ll_feat_get
 .text.perform_lll_reset
                0x00000000000329e4       0x94 zephyr/subsys/bluetooth/controller/libsubsys__bluetooth__controller.a(ull.c.obj)
 .text.ull_ticker_status_give
                0x0000000000032a78        0xc zephyr/subsys/bluetooth/controller/libsubsys__bluetooth__controller.a(ull.c.obj)
                0x0000000000032a78                ull_ticker_status_give
 .text.disabled_cb
                0x0000000000032a84        0x4 zephyr/subsys/bluetooth/controller/libsubsys__bluetooth__controller.a(ull.c.obj)
 .text.tx_cmplt_get
                0x0000000000032a88       0xb4 zephyr/subsys/bluetooth/controller/libsubsys__bluetooth__controller.a(ull.c.obj)
 .text.rx_replenish
                0x0000000000032b3c      0x110 zephyr/subsys/bluetooth/controller/libsubsys__bluetooth__controller.a(ull.c.obj)
 .text.ull_done
                0x0000000000032c4c      0x114 zephyr/subsys/bluetooth/controller/libsubsys__bluetooth__controller.a(ull.c.obj)
 .text.rx_demux
                0x0000000000032d60      0x1d4 zephyr/subsys/bluetooth/controller/libsubsys__bluetooth__controller.a(ull.c.obj)
 .text.ll_rx_get
                0x0000000000032f34       0xf4 zephyr/subsys/bluetooth/controller/libsubsys__bluetooth__controller.a(ull.c.obj)
                0x0000000000032f34                ll_rx_get
 .text.ll_rx_dequeue
                0x0000000000033028      0x194 zephyr/subsys/bluetooth/controller/libsubsys__bluetooth__controller.a(ull.c.obj)
                0x0000000000033028                ll_rx_dequeue
 .text.ll_rx_mem_release
                0x00000000000331bc      0x18c zephyr/subsys/bluetooth/controller/libsubsys__bluetooth__controller.a(ull.c.obj)
                0x00000000000331bc                ll_rx_mem_release
 .text.ll_rx_link_alloc
                0x0000000000033348        0xc zephyr/subsys/bluetooth/controller/libsubsys__bluetooth__controller.a(ull.c.obj)
                0x0000000000033348                ll_rx_link_alloc
 .text.ll_rx_link_release
                0x0000000000033354        0xc zephyr/subsys/bluetooth/controller/libsubsys__bluetooth__controller.a(ull.c.obj)
                0x0000000000033354                ll_rx_link_release
 .text.ll_rx_alloc
                0x0000000000033360        0xc zephyr/subsys/bluetooth/controller/libsubsys__bluetooth__controller.a(ull.c.obj)
                0x0000000000033360                ll_rx_alloc
 .text.ll_rx_release
                0x000000000003336c        0xc zephyr/subsys/bluetooth/controller/libsubsys__bluetooth__controller.a(ull.c.obj)
                0x000000000003336c                ll_rx_release
 .text.ll_rx_put
                0x0000000000033378       0x14 zephyr/subsys/bluetooth/controller/libsubsys__bluetooth__controller.a(ull.c.obj)
                0x0000000000033378                ll_rx_put
 .text.ll_rx_sched
                0x000000000003338c        0xc zephyr/subsys/bluetooth/controller/libsubsys__bluetooth__controller.a(ull.c.obj)
                0x000000000003338c                ll_rx_sched
 .text.ll_pdu_rx_alloc_peek
                0x0000000000033398       0x44 zephyr/subsys/bluetooth/controller/libsubsys__bluetooth__controller.a(ull.c.obj)
                0x0000000000033398                ll_pdu_rx_alloc_peek
 .text.ll_pdu_rx_alloc
                0x00000000000333dc       0x2c zephyr/subsys/bluetooth/controller/libsubsys__bluetooth__controller.a(ull.c.obj)
                0x00000000000333dc                ll_pdu_rx_alloc
 .text.ll_tx_ack_put
                0x0000000000033408       0x64 zephyr/subsys/bluetooth/controller/libsubsys__bluetooth__controller.a(ull.c.obj)
                0x0000000000033408                ll_tx_ack_put
 .text.ll_timeslice_ticker_id_get
                0x000000000003346c        0xc zephyr/subsys/bluetooth/controller/libsubsys__bluetooth__controller.a(ull.c.obj)
                0x000000000003346c                ll_timeslice_ticker_id_get
 .text.ll_radio_state_abort
                0x0000000000033478       0x40 zephyr/subsys/bluetooth/controller/libsubsys__bluetooth__controller.a(ull.c.obj)
                0x0000000000033478                ll_radio_state_abort
 .text.ull_ticker_status_take
                0x00000000000334b8       0x50 zephyr/subsys/bluetooth/controller/libsubsys__bluetooth__controller.a(ull.c.obj)
                0x00000000000334b8                ull_ticker_status_take
 .text.ull_disable_mark
                0x0000000000033508       0x18 zephyr/subsys/bluetooth/controller/libsubsys__bluetooth__controller.a(ull.c.obj)
                0x0000000000033508                ull_disable_mark
 .text.ull_disable_unmark
                0x0000000000033520       0x18 zephyr/subsys/bluetooth/controller/libsubsys__bluetooth__controller.a(ull.c.obj)
                0x0000000000033520                ull_disable_unmark
 .text.ull_disable_mark_get
                0x0000000000033538        0xc zephyr/subsys/bluetooth/controller/libsubsys__bluetooth__controller.a(ull.c.obj)
                0x0000000000033538                ull_disable_mark_get
 .text.ull_update_mark
                0x0000000000033544       0x18 zephyr/subsys/bluetooth/controller/libsubsys__bluetooth__controller.a(ull.c.obj)
                0x0000000000033544                ull_update_mark
 .text.ull_update_unmark
                0x000000000003355c       0x18 zephyr/subsys/bluetooth/controller/libsubsys__bluetooth__controller.a(ull.c.obj)
                0x000000000003355c                ull_update_unmark
 .text.ull_update_mark_get
                0x0000000000033574        0xc zephyr/subsys/bluetooth/controller/libsubsys__bluetooth__controller.a(ull.c.obj)
                0x0000000000033574                ull_update_mark_get
 .text.ull_disable
                0x0000000000033580       0x7c zephyr/subsys/bluetooth/controller/libsubsys__bluetooth__controller.a(ull.c.obj)
                0x0000000000033580                ull_disable
 .text.ull_ticker_stop_with_mark
                0x00000000000335fc       0x84 zephyr/subsys/bluetooth/controller/libsubsys__bluetooth__controller.a(ull.c.obj)
                0x00000000000335fc                ull_ticker_stop_with_mark
 .text.ull_pdu_rx_alloc_peek
                0x0000000000033680       0x44 zephyr/subsys/bluetooth/controller/libsubsys__bluetooth__controller.a(ull.c.obj)
                0x0000000000033680                ull_pdu_rx_alloc_peek
 .text.ull_pdu_rx_alloc
                0x00000000000336c4       0x2c zephyr/subsys/bluetooth/controller/libsubsys__bluetooth__controller.a(ull.c.obj)
                0x00000000000336c4                ull_pdu_rx_alloc
 .text.ull_rx_put
                0x00000000000336f0       0x20 zephyr/subsys/bluetooth/controller/libsubsys__bluetooth__controller.a(ull.c.obj)
                0x00000000000336f0                ull_rx_put
 .text.ull_rx_sched
                0x0000000000033710       0x10 zephyr/subsys/bluetooth/controller/libsubsys__bluetooth__controller.a(ull.c.obj)
                0x0000000000033710                ull_rx_sched
 .text.ull_prepare_enqueue
                0x0000000000033720       0x64 zephyr/subsys/bluetooth/controller/libsubsys__bluetooth__controller.a(ull.c.obj)
                0x0000000000033720                ull_prepare_enqueue
 .text.ull_prepare_dequeue_get
                0x0000000000033784       0x1c zephyr/subsys/bluetooth/controller/libsubsys__bluetooth__controller.a(ull.c.obj)
                0x0000000000033784                ull_prepare_dequeue_get
 .text.ull_prepare_dequeue_iter
                0x00000000000337a0       0x40 zephyr/subsys/bluetooth/controller/libsubsys__bluetooth__controller.a(ull.c.obj)
                0x00000000000337a0                ull_prepare_dequeue_iter
 .text.ull_prepare_dequeue
                0x00000000000337e0       0xc8 zephyr/subsys/bluetooth/controller/libsubsys__bluetooth__controller.a(ull.c.obj)
                0x00000000000337e0                ull_prepare_dequeue
 .text.ull_event_done_extra_get
                0x00000000000338a8       0x20 zephyr/subsys/bluetooth/controller/libsubsys__bluetooth__controller.a(ull.c.obj)
                0x00000000000338a8                ull_event_done_extra_get
 .text.ull_event_done
                0x00000000000338c8       0x5c zephyr/subsys/bluetooth/controller/libsubsys__bluetooth__controller.a(ull.c.obj)
                0x00000000000338c8                ull_event_done
 .text.ull_rxfifo_alloc
                0x0000000000033924       0x88 zephyr/subsys/bluetooth/controller/libsubsys__bluetooth__controller.a(ull.c.obj)
                0x0000000000033924                ull_rxfifo_alloc
 .text.init_reset
                0x00000000000339ac      0x130 zephyr/subsys/bluetooth/controller/libsubsys__bluetooth__controller.a(ull.c.obj)
 .text.ll_init  0x0000000000033adc       0xe0 zephyr/subsys/bluetooth/controller/libsubsys__bluetooth__controller.a(ull.c.obj)
                0x0000000000033adc                ll_init
 .text.ll_reset
                0x0000000000033bbc      0x124 zephyr/subsys/bluetooth/controller/libsubsys__bluetooth__controller.a(ull.c.obj)
                0x0000000000033bbc                ll_reset
 .text.ll_deinit
                0x0000000000033ce0       0x10 zephyr/subsys/bluetooth/controller/libsubsys__bluetooth__controller.a(ull.c.obj)
                0x0000000000033ce0                ll_deinit
 .text.lll_prepare
                0x0000000000033cf0       0x14 zephyr/subsys/bluetooth/controller/libsubsys__bluetooth__controller.a(lll_common.c.obj)
                0x0000000000033cf0                lll_prepare
 .text.lll_resume
                0x0000000000033d04       0x4c zephyr/subsys/bluetooth/controller/libsubsys__bluetooth__controller.a(lll_common.c.obj)
                0x0000000000033d04                lll_resume
 .text.ticker_stop_cb
                0x0000000000033d50       0x84 zephyr/subsys/bluetooth/controller/libsubsys__bluetooth__controller.a(ull_adv.c.obj)
 .text.disabled_cb
                0x0000000000033dd4       0x94 zephyr/subsys/bluetooth/controller/libsubsys__bluetooth__controller.a(ull_adv.c.obj)
 .text.ticker_stop_op_cb
                0x0000000000033e68       0x48 zephyr/subsys/bluetooth/controller/libsubsys__bluetooth__controller.a(ull_adv.c.obj)
 .text.adv_disable
                0x0000000000033eb0       0x80 zephyr/subsys/bluetooth/controller/libsubsys__bluetooth__controller.a(ull_adv.c.obj)
 .text.ticker_update_op_cb
                0x0000000000033f30       0x38 zephyr/subsys/bluetooth/controller/libsubsys__bluetooth__controller.a(ull_adv.c.obj)
 .text.init_set.constprop.0
                0x0000000000033f68       0x44 zephyr/subsys/bluetooth/controller/libsubsys__bluetooth__controller.a(ull_adv.c.obj)
 .text.conn_release.constprop.0
                0x0000000000033fac       0x84 zephyr/subsys/bluetooth/controller/libsubsys__bluetooth__controller.a(ull_adv.c.obj)
 .text.disable.constprop.0
                0x0000000000034030      0x15c zephyr/subsys/bluetooth/controller/libsubsys__bluetooth__controller.a(ull_adv.c.obj)
 .text.adv_time_get.constprop.0.isra.0
                0x000000000003418c       0x70 zephyr/subsys/bluetooth/controller/libsubsys__bluetooth__controller.a(ull_adv.c.obj)
 .text.ticker_cb
                0x00000000000341fc      0x138 zephyr/subsys/bluetooth/controller/libsubsys__bluetooth__controller.a(ull_adv.c.obj)
 .text.ll_adv_params_set
                0x0000000000034334      0x1d0 zephyr/subsys/bluetooth/controller/libsubsys__bluetooth__controller.a(ull_adv.c.obj)
                0x0000000000034334                ll_adv_params_set
 .text.ull_adv_init
                0x0000000000034504       0x20 zephyr/subsys/bluetooth/controller/libsubsys__bluetooth__controller.a(ull_adv.c.obj)
                0x0000000000034504                ull_adv_init
 .text.ull_adv_reset
                0x0000000000034524        0xc zephyr/subsys/bluetooth/controller/libsubsys__bluetooth__controller.a(ull_adv.c.obj)
                0x0000000000034524                ull_adv_reset
 .text.ull_adv_reset_finalize
                0x0000000000034530       0x2c zephyr/subsys/bluetooth/controller/libsubsys__bluetooth__controller.a(ull_adv.c.obj)
                0x0000000000034530                ull_adv_reset_finalize
 .text.ull_adv_handle_get
                0x000000000003455c       0x1c zephyr/subsys/bluetooth/controller/libsubsys__bluetooth__controller.a(ull_adv.c.obj)
                0x000000000003455c                ull_adv_handle_get
 .text.ull_adv_lll_handle_get
                0x0000000000034578       0x1c zephyr/subsys/bluetooth/controller/libsubsys__bluetooth__controller.a(ull_adv.c.obj)
                0x0000000000034578                ull_adv_lll_handle_get
 .text.ull_adv_is_enabled
                0x0000000000034594       0x18 zephyr/subsys/bluetooth/controller/libsubsys__bluetooth__controller.a(ull_adv.c.obj)
                0x0000000000034594                ull_adv_is_enabled
 .text.ull_adv_data_set
                0x00000000000345ac       0xc8 zephyr/subsys/bluetooth/controller/libsubsys__bluetooth__controller.a(ull_adv.c.obj)
                0x00000000000345ac                ull_adv_data_set
 .text.ll_adv_data_set
                0x0000000000034674       0x10 zephyr/subsys/bluetooth/controller/libsubsys__bluetooth__controller.a(ull_adv.c.obj)
                0x0000000000034674                ll_adv_data_set
 .text.ull_scan_rsp_set.part.0
                0x0000000000034684       0x9c zephyr/subsys/bluetooth/controller/libsubsys__bluetooth__controller.a(ull_adv.c.obj)
 .text.ll_adv_scan_rsp_set
                0x0000000000034720       0x18 zephyr/subsys/bluetooth/controller/libsubsys__bluetooth__controller.a(ull_adv.c.obj)
                0x0000000000034720                ll_adv_scan_rsp_set
 .text.init_reset
                0x0000000000034738       0x80 zephyr/subsys/bluetooth/controller/libsubsys__bluetooth__controller.a(ull_conn.c.obj)
 .text.ctrl_tx_pause_enqueue
                0x00000000000347b8       0xe4 zephyr/subsys/bluetooth/controller/libsubsys__bluetooth__controller.a(ull_conn.c.obj)
 .text.tx_lll_flush
                0x000000000003489c       0xf4 zephyr/subsys/bluetooth/controller/libsubsys__bluetooth__controller.a(ull_conn.c.obj)
 .text.ctrl_tx_sec_enqueue
                0x0000000000034990       0x8c zephyr/subsys/bluetooth/controller/libsubsys__bluetooth__controller.a(ull_conn.c.obj)
 .text.ticker_stop_op_cb
                0x0000000000034a1c       0x64 zephyr/subsys/bluetooth/controller/libsubsys__bluetooth__controller.a(ull_conn.c.obj)
 .text.disabled_cb
                0x0000000000034a80       0x40 zephyr/subsys/bluetooth/controller/libsubsys__bluetooth__controller.a(ull_conn.c.obj)
 .text.conn_disable
                0x0000000000034ac0       0x80 zephyr/subsys/bluetooth/controller/libsubsys__bluetooth__controller.a(ull_conn.c.obj)
 .text.conn_setup_adv_scan_disabled_cb
                0x0000000000034b40       0x40 zephyr/subsys/bluetooth/controller/libsubsys__bluetooth__controller.a(ull_conn.c.obj)
 .text.ticker_start_conn_op_cb
                0x0000000000034b80       0x58 zephyr/subsys/bluetooth/controller/libsubsys__bluetooth__controller.a(ull_conn.c.obj)
 .text.ticker_stop_conn_op_cb
                0x0000000000034bd8       0x58 zephyr/subsys/bluetooth/controller/libsubsys__bluetooth__controller.a(ull_conn.c.obj)
 .text.ticker_update_conn_op_cb
                0x0000000000034c30       0x40 zephyr/subsys/bluetooth/controller/libsubsys__bluetooth__controller.a(ull_conn.c.obj)
 .text.tx_ull_dequeue
                0x0000000000034c70       0x7c zephyr/subsys/bluetooth/controller/libsubsys__bluetooth__controller.a(ull_conn.c.obj)
 .text.reject_ext_ind_send
                0x0000000000034cec       0xe0 zephyr/subsys/bluetooth/controller/libsubsys__bluetooth__controller.a(ull_conn.c.obj)
 .text.event_len_prep
                0x0000000000034dcc      0x204 zephyr/subsys/bluetooth/controller/libsubsys__bluetooth__controller.a(ull_conn.c.obj)
 .text.event_phy_upd_ind_prep
                0x0000000000034fd0      0x3d8 zephyr/subsys/bluetooth/controller/libsubsys__bluetooth__controller.a(ull_conn.c.obj)
 .text.ll_conn_acquire
                0x00000000000353a8        0xc zephyr/subsys/bluetooth/controller/libsubsys__bluetooth__controller.a(ull_conn.c.obj)
                0x00000000000353a8                ll_conn_acquire
 .text.ll_conn_release
                0x00000000000353b4        0xc zephyr/subsys/bluetooth/controller/libsubsys__bluetooth__controller.a(ull_conn.c.obj)
                0x00000000000353b4                ll_conn_release
 .text.ll_conn_handle_get
                0x00000000000353c0       0x10 zephyr/subsys/bluetooth/controller/libsubsys__bluetooth__controller.a(ull_conn.c.obj)
                0x00000000000353c0                ll_conn_handle_get
 .text.ll_conn_get
                0x00000000000353d0       0x10 zephyr/subsys/bluetooth/controller/libsubsys__bluetooth__controller.a(ull_conn.c.obj)
                0x00000000000353d0                ll_conn_get
 .text.ll_connected_get
                0x00000000000353e0       0x24 zephyr/subsys/bluetooth/controller/libsubsys__bluetooth__controller.a(ull_conn.c.obj)
                0x00000000000353e0                ll_connected_get
 .text.ll_tx_mem_acquire
                0x0000000000035404        0xc zephyr/subsys/bluetooth/controller/libsubsys__bluetooth__controller.a(ull_conn.c.obj)
                0x0000000000035404                ll_tx_mem_acquire
 .text.ll_tx_mem_release
                0x0000000000035410        0xc zephyr/subsys/bluetooth/controller/libsubsys__bluetooth__controller.a(ull_conn.c.obj)
                0x0000000000035410                ll_tx_mem_release
 .text.ll_tx_mem_enqueue
                0x000000000003541c       0x98 zephyr/subsys/bluetooth/controller/libsubsys__bluetooth__controller.a(ull_conn.c.obj)
                0x000000000003541c                ll_tx_mem_enqueue
 .text.ll_conn_update
                0x00000000000354b4      0x138 zephyr/subsys/bluetooth/controller/libsubsys__bluetooth__controller.a(ull_conn.c.obj)
                0x00000000000354b4                ll_conn_update
 .text.ll_chm_get
                0x00000000000355ec       0x40 zephyr/subsys/bluetooth/controller/libsubsys__bluetooth__controller.a(ull_conn.c.obj)
                0x00000000000355ec                ll_chm_get
 .text.ll_terminate_ind_send
                0x000000000003562c       0x70 zephyr/subsys/bluetooth/controller/libsubsys__bluetooth__controller.a(ull_conn.c.obj)
                0x000000000003562c                ll_terminate_ind_send
 .text.ll_feature_req_send
                0x000000000003569c       0x4c zephyr/subsys/bluetooth/controller/libsubsys__bluetooth__controller.a(ull_conn.c.obj)
                0x000000000003569c                ll_feature_req_send
 .text.ll_version_ind_send
                0x00000000000356e8       0x4c zephyr/subsys/bluetooth/controller/libsubsys__bluetooth__controller.a(ull_conn.c.obj)
                0x00000000000356e8                ll_version_ind_send
 .text.ll_length_req_send
                0x0000000000035734       0xb0 zephyr/subsys/bluetooth/controller/libsubsys__bluetooth__controller.a(ull_conn.c.obj)
                0x0000000000035734                ll_length_req_send
 .text.ll_length_default_get
                0x00000000000357e4       0x18 zephyr/subsys/bluetooth/controller/libsubsys__bluetooth__controller.a(ull_conn.c.obj)
                0x00000000000357e4                ll_length_default_get
 .text.ll_length_default_set
                0x00000000000357fc       0x14 zephyr/subsys/bluetooth/controller/libsubsys__bluetooth__controller.a(ull_conn.c.obj)
                0x00000000000357fc                ll_length_default_set
 .text.ll_length_max_get
                0x0000000000035810       0x18 zephyr/subsys/bluetooth/controller/libsubsys__bluetooth__controller.a(ull_conn.c.obj)
                0x0000000000035810                ll_length_max_get
 .text.ll_phy_get
                0x0000000000035828       0x3c zephyr/subsys/bluetooth/controller/libsubsys__bluetooth__controller.a(ull_conn.c.obj)
                0x0000000000035828                ll_phy_get
 .text.ll_phy_default_set
                0x0000000000035864       0x14 zephyr/subsys/bluetooth/controller/libsubsys__bluetooth__controller.a(ull_conn.c.obj)
                0x0000000000035864                ll_phy_default_set
 .text.ll_phy_req_send
                0x0000000000035878       0xa4 zephyr/subsys/bluetooth/controller/libsubsys__bluetooth__controller.a(ull_conn.c.obj)
                0x0000000000035878                ll_phy_req_send
 .text.ll_apto_get
                0x000000000003591c       0x48 zephyr/subsys/bluetooth/controller/libsubsys__bluetooth__controller.a(ull_conn.c.obj)
                0x000000000003591c                ll_apto_get
 .text.ll_apto_set
                0x0000000000035964       0x44 zephyr/subsys/bluetooth/controller/libsubsys__bluetooth__controller.a(ull_conn.c.obj)
                0x0000000000035964                ll_apto_set
 .text.ull_conn_init
                0x00000000000359a8        0x4 zephyr/subsys/bluetooth/controller/libsubsys__bluetooth__controller.a(ull_conn.c.obj)
                0x00000000000359a8                ull_conn_init
 .text.ull_conn_reset