Archive member included to satisfy reference by file (symbol)

app/libapp.a(stdlib.c.obj)    (--whole-archive)
app/libapp.a(activity.c.obj)  (--whole-archive)
app/libapp.a(kscan.c.obj)     (--whole-archive)
app/libapp.a(matrix_transform.c.obj)
                              (--whole-archive)
app/libapp.a(sensors.c.obj)   (--whole-archive)
app/libapp.a(event_manager.c.obj)
                              (--whole-archive)
app/libapp.a(ext_power_generic.c.obj)
                              (--whole-archive)
app/libapp.a(activity_state_changed.c.obj)
                              (--whole-archive)
app/libapp.a(position_state_changed.c.obj)
                              (--whole-archive)
app/libapp.a(sensor_event.c.obj)
                              (--whole-archive)
app/libapp.a(usb_conn_state_changed.c.obj)
                              (--whole-archive)
app/libapp.a(behavior_reset.c.obj)
                              (--whole-archive)
app/libapp.a(behavior_ext_power.c.obj)
                              (--whole-archive)
app/libapp.a(hid.c.obj)       (--whole-archive)
app/libapp.a(behavior_key_press.c.obj)
                              (--whole-archive)
app/libapp.a(behavior_hold_tap.c.obj)
                              (--whole-archive)
app/libapp.a(behavior_sticky_key.c.obj)
                              (--whole-archive)
app/libapp.a(behavior_caps_word.c.obj)
                              (--whole-archive)
app/libapp.a(behavior_key_repeat.c.obj)
                              (--whole-archive)
app/libapp.a(behavior_momentary_layer.c.obj)
                              (--whole-archive)
app/libapp.a(behavior_mod_morph.c.obj)
                              (--whole-archive)
app/libapp.a(behavior_outputs.c.obj)
                              (--whole-archive)
app/libapp.a(behavior_toggle_layer.c.obj)
                              (--whole-archive)
app/libapp.a(behavior_to_layer.c.obj)
                              (--whole-archive)
app/libapp.a(behavior_transparent.c.obj)
                              (--whole-archive)
app/libapp.a(behavior_none.c.obj)
                              (--whole-archive)
app/libapp.a(behavior_sensor_rotate_var.c.obj)
                              (--whole-archive)
app/libapp.a(behavior_sensor_rotate_common.c.obj)
                              (--whole-archive)
app/libapp.a(combo.c.obj)     (--whole-archive)
app/libapp.a(behavior_tap_dance.c.obj)
                              (--whole-archive)
app/libapp.a(behavior_queue.c.obj)
                              (--whole-archive)
app/libapp.a(conditional_layer.c.obj)
                              (--whole-archive)
app/libapp.a(endpoints.c.obj)
                              (--whole-archive)
app/libapp.a(endpoint_selection_changed.c.obj)
                              (--whole-archive)
app/libapp.a(hid_listener.c.obj)
                              (--whole-archive)
app/libapp.a(keymap.c.obj)    (--whole-archive)
app/libapp.a(layer_state_changed.c.obj)
                              (--whole-archive)
app/libapp.a(modifiers_state_changed.c.obj)
                              (--whole-archive)
app/libapp.a(keycode_state_changed.c.obj)
                              (--whole-archive)
app/libapp.a(ble_active_profile_changed.c.obj)
                              (--whole-archive)
app/libapp.a(behavior_bt.c.obj)
                              (--whole-archive)
app/libapp.a(ble.c.obj)       (--whole-archive)
app/libapp.a(hog.c.obj)       (--whole-archive)
app/libapp.a(battery_state_changed.c.obj)
                              (--whole-archive)
app/libapp.a(battery.c.obj)   (--whole-archive)
app/libapp.a(split_peripheral_status_changed.c.obj)
                              (--whole-archive)
app/libapp.a(central.c.obj)   (--whole-archive)
app/libapp.a(usb.c.obj)       (--whole-archive)
app/libapp.a(usb_hid.c.obj)   (--whole-archive)
app/libapp.a(workqueue.c.obj)
                              (--whole-archive)
app/libapp.a(main.c.obj)      (--whole-archive)
zephyr/libzephyr.a(cbprintf_packaged.c.obj)
                              (--whole-archive)
zephyr/libzephyr.a(crc32c_sw.c.obj)
                              (--whole-archive)
zephyr/libzephyr.a(crc32_sw.c.obj)
                              (--whole-archive)
zephyr/libzephyr.a(crc16_sw.c.obj)
                              (--whole-archive)
zephyr/libzephyr.a(crc8_sw.c.obj)
                              (--whole-archive)
zephyr/libzephyr.a(crc7_sw.c.obj)
                              (--whole-archive)
zephyr/libzephyr.a(dec.c.obj)
                              (--whole-archive)
zephyr/libzephyr.a(fdtable.c.obj)
                              (--whole-archive)
zephyr/libzephyr.a(hex.c.obj)
                              (--whole-archive)
zephyr/libzephyr.a(notify.c.obj)
                              (--whole-archive)
zephyr/libzephyr.a(printk.c.obj)
                              (--whole-archive)
zephyr/libzephyr.a(onoff.c.obj)
                              (--whole-archive)
[...]
Memory Configuration

Name             Origin             Length             Attributes
FLASH            0x0000000000026000 0x00000000000c6000 xr
SRAM             0x0000000020000000 0x0000000000040000 xw
IDT_LIST         0x00000000fffff7ff 0x0000000000000800 xw
*default*        0x0000000000000000 0xffffffffffffffff

Linker script and memory map

LOAD zephyr/CMakeFiles/zephyr_final.dir/misc/empty_file.c.obj
LOAD zephyr/CMakeFiles/zephyr_final.dir/dev_handles.c.obj
LOAD zephyr/CMakeFiles/zephyr_final.dir/isr_tables.c.obj
LOAD zephyr/CMakeFiles/offsets.dir/./arch/arm/core/offsets/offsets.c.obj
                0x0000000000000020                _region_min_align = 0x20

.rel.plt        0x0000000000026000        0x0
 *(SORT_BY_ALIGNMENT(.rel.plt))
                [!provide]                        PROVIDE (__rel_iplt_start = .)
 *(SORT_BY_ALIGNMENT(.rel.iplt))
 .rel.iplt      0x0000000000026000        0x0 zephyr/CMakeFiles/zephyr_final.dir/isr_tables.c.obj
                [!provide]                        PROVIDE (__rel_iplt_end = .)

.rela.plt       0x0000000000000000        0x0
 *(SORT_BY_ALIGNMENT(.rela.plt))
                [!provide]                        PROVIDE (__rela_iplt_start = .)
 *(SORT_BY_ALIGNMENT(.rela.iplt))
                [!provide]                        PROVIDE (__rela_iplt_end = .)

.rel.dyn
 *(SORT_BY_ALIGNMENT(.rel.*))

.rela.dyn
 *(SORT_BY_ALIGNMENT(.rela.*))

/DISCARD/
 *(SORT_BY_ALIGNMENT(.plt))

/DISCARD/
 *(SORT_BY_ALIGNMENT(.iplt))
                0x0000000000026000                __rom_region_start = 0x26000

rom_start       0x0000000000026000      0x100
                0x0000000000000000                . = 0x0
                0x0000000000000000                . = ALIGN (0x4)
                0x0000000000000000                . = ALIGN (0x80)
                0x0000000000000000                . = ALIGN (0x100)
                0x0000000000026000                _vector_start = .
 *(SORT_BY_ALIGNMENT(.exc_vector_table))
 *(SORT_BY_ALIGNMENT(.exc_vector_table.*))
 .exc_vector_table._vector_table_section
                0x0000000000026000       0x40 zephyr/arch/arch/arm/core/aarch32/cortex_m/libarch__arm__core__aarch32__cortex_m.a(vector_table.S.obj)
                0x0000000000026000                _vector_table
 *(SORT_BY_ALIGNMENT(.vectors))
                0x0000000000026100                _vector_end = .
                0x0000000000026040                . = ALIGN (0x4)
 *(SORT_BY_ALIGNMENT(.gnu.linkonce.irq_vector_table*))
 .gnu.linkonce.irq_vector_table
                0x0000000000026040       0xc0 zephyr/CMakeFiles/zephyr_final.dir/isr_tables.c.obj
                0x0000000000026040                _irq_vector_table
                0x0000000000026100                _vector_end = .

text            0x0000000000026100    0x2a5cc
                0x0000000000026100                __text_region_start = .
 *(SORT_BY_ALIGNMENT(.text))
 .text          0x0000000000026100       0x30 /home/marhalloweenvt/zephyr-sdk-0.15.0/arm-zephyr-eabi/bin/../lib/gcc/arm-zephyr-eabi/12.1.0/thumb/v7e-m/nofp/libgcc.a(_aeabi_uldivmod.o)
                0x0000000000026100                __aeabi_uldivmod
 .text          0x0000000000026130        0x4 /home/marhalloweenvt/zephyr-sdk-0.15.0/arm-zephyr-eabi/bin/../lib/gcc/arm-zephyr-eabi/12.1.0/thumb/v7e-m/nofp/libgcc.a(_dvmd_tls.o)
                0x0000000000026130                __aeabi_ldiv0
                0x0000000000026130                __aeabi_idiv0
 .text          0x0000000000026134      0x2a0 /home/marhalloweenvt/zephyr-sdk-0.15.0/arm-zephyr-eabi/bin/../lib/gcc/arm-zephyr-eabi/12.1.0/thumb/v7e-m/nofp/libgcc.a(_udivmoddi4.o)
                0x0000000000026134                __udivmoddi4
 *(SORT_BY_ALIGNMENT(.text.*))
 *fill*         0x00000000000263d4        0x4 
 .text.bt_init  0x00000000000263d8      0x408 zephyr/subsys/bluetooth/host/libsubsys__bluetooth__host.a(hci_core.c.obj)
 .text.ull_drift_ticks_get
                0x00000000000267e0       0x94 zephyr/subsys/bluetooth/controller/libsubsys__bluetooth__controller.a(ull.c.obj)
                0x00000000000267e0                ull_drift_ticks_get
 *fill*         0x0000000000026874        0x4 
 .text.ll_adv_enable
                0x0000000000026878      0x454 zephyr/subsys/bluetooth/controller/libsubsys__bluetooth__controller.a(ull_adv.c.obj)
                0x0000000000026878                ll_adv_enable
 *fill*         0x0000000000026ccc        0x4 
 .text.ull_adv_time_update
                0x0000000000026cd0       0xb0 zephyr/subsys/bluetooth/controller/libsubsys__bluetooth__controller.a(ull_adv.c.obj)
                0x0000000000026cd0                ull_adv_time_update
 .text.ll_scan_params_set
                0x0000000000026d80       0x70 zephyr/subsys/bluetooth/controller/libsubsys__bluetooth__controller.a(ull_scan.c.obj)
                0x0000000000026d80                ll_scan_params_set
 .text.ull_scan_params_set
                0x0000000000026df0       0x54 zephyr/subsys/bluetooth/controller/libsubsys__bluetooth__controller.a(ull_scan.c.obj)
                0x0000000000026df0                ull_scan_params_set
 *fill*         0x0000000000026e44        0x4 
 .text.ull_scan_enable
                0x0000000000026e48      0x160 zephyr/subsys/bluetooth/controller/libsubsys__bluetooth__controller.a(ull_scan.c.obj)
                0x0000000000026e48                ull_scan_enable
 .text.event_conn_upd_prep
                0x0000000000026fa8      0x754 zephyr/subsys/bluetooth/controller/libsubsys__bluetooth__controller.a(ull_conn.c.obj)
 *fill*         0x00000000000276fc        0x4 
 .text.ull_periph_setup
                0x0000000000027700      0x45c zephyr/subsys/bluetooth/controller/libsubsys__bluetooth__controller.a(ull_peripheral.c.obj)
                0x0000000000027700                ull_periph_setup
 *fill*         0x0000000000027b5c        0x4 
 .text.ll_create_connection
                0x0000000000027b60      0x480 zephyr/subsys/bluetooth/controller/libsubsys__bluetooth__controller.a(ull_central.c.obj)
                0x0000000000027b60                ll_create_connection
 .text.ull_central_setup
                0x0000000000027fe0      0x220 zephyr/subsys/bluetooth/controller/libsubsys__bluetooth__controller.a(ull_central.c.obj)
                0x0000000000027fe0                ull_central_setup
 .text.ull_hdr_get_cb
                0x0000000000028200       0x5c zephyr/subsys/bluetooth/controller/libsubsys__bluetooth__controller.a(ull_sched.c.obj)
 *fill*         0x000000000002825c        0x4 
 .text.after_cen_offset_get
                0x0000000000028260       0xbc zephyr/subsys/bluetooth/controller/libsubsys__bluetooth__controller.a(ull_sched.c.obj)
 *fill*         0x000000000002831c        0x4 
 .text.ull_sched_after_cen_slot_get
                0x0000000000028320       0x54 zephyr/subsys/bluetooth/controller/libsubsys__bluetooth__controller.a(ull_sched.c.obj)
                0x0000000000028320                ull_sched_after_cen_slot_get
 *fill*         0x0000000000028374        0x4 
 .text.ull_sched_mfy_win_offset_select
                0x0000000000028378      0x10c zephyr/subsys/bluetooth/controller/libsubsys__bluetooth__controller.a(ull_sched.c.obj)
                0x0000000000028378                ull_sched_mfy_win_offset_select
 *fill*         0x0000000000028484        0x4 
 .text.isr_window
                0x0000000000028488       0x9c zephyr/subsys/bluetooth/controller/libsubsys__bluetooth__controller.a(lll_scan.c.obj)
 *fill*         0x0000000000028524        0x4 
 .text.isr_rx   0x0000000000028528      0x4a8 zephyr/subsys/bluetooth/controller/libsubsys__bluetooth__controller.a(lll_scan.c.obj)
 .text.nrf_flash_sync_exe
                0x00000000000289d0       0xf8 zephyr/drivers/flash/libdrivers__flash.a(soc_flash_nrf_ticker.c.obj)
                0x00000000000289d0                nrf_flash_sync_exe
 .text.nrf_flash_sync_check_time_limit
                0x0000000000028ac8       0x48 zephyr/drivers/flash/libdrivers__flash.a(soc_flash_nrf_ticker.c.obj)
                0x0000000000028ac8                nrf_flash_sync_check_time_limit
 .text.activity_expiry_function
                0x0000000000028b10        0xc app/libapp.a(activity.c.obj)
                0x0000000000028b10                activity_expiry_function
 .text.activity_init
                0x0000000000028b1c       0x3c app/libapp.a(activity.c.obj)
                0x0000000000028b1c                activity_init
 .text.raise_event
                0x0000000000028b58       0x18 app/libapp.a(activity.c.obj)
                0x0000000000028b58                raise_event
 .text.set_state
                0x0000000000028b70       0x18 app/libapp.a(activity.c.obj)
                0x0000000000028b70                set_state
 .text.activity_event_listener
                0x0000000000028b88       0x2c app/libapp.a(activity.c.obj)
                0x0000000000028b88                activity_event_listener
 .text.activity_work_handler
                0x0000000000028bb4       0x38 app/libapp.a(activity.c.obj)
                0x0000000000028bb4                activity_work_handler
 .text.zmk_kscan_process_msgq
                0x0000000000028bec       0x6c app/libapp.a(kscan.c.obj)
                0x0000000000028bec                zmk_kscan_process_msgq
 .text.zmk_kscan_callback
                0x0000000000028c58       0x2c app/libapp.a(kscan.c.obj)
 .text.zmk_kscan_init
                0x0000000000028c84       0x38 app/libapp.a(kscan.c.obj)
                0x0000000000028c84                zmk_kscan_init
 .text.zmk_matrix_transform_row_column_to_position
                0x0000000000028cbc       0x20 app/libapp.a(matrix_transform.c.obj)
                0x0000000000028cbc                zmk_matrix_transform_row_column_to_position
 .text.trigger_sensor_data_for_position
                0x0000000000028cdc       0x7c app/libapp.a(sensors.c.obj)
 .text.run_sensors_data_trigger
                0x0000000000028d58       0x54 app/libapp.a(sensors.c.obj)
 .text.zmk_sensors_init_item
                0x0000000000028dac       0x24 app/libapp.a(sensors.c.obj)
 .text.zmk_sensors_trigger_handler
                0x0000000000028dd0       0x50 app/libapp.a(sensors.c.obj)
 .text.zmk_sensors_get_config_at_index
                0x0000000000028e20       0x14 app/libapp.a(sensors.c.obj)
                0x0000000000028e20                zmk_sensors_get_config_at_index
 .text.zmk_event_manager_handle_from
                0x0000000000028e34       0x5c app/libapp.a(event_manager.c.obj)
                0x0000000000028e34                zmk_event_manager_handle_from
 .text.ext_power_save_state_work
                0x0000000000028e90       0x2c app/libapp.a(ext_power_generic.c.obj)
 .text.ext_power_generic_init
                0x0000000000028ebc       0xbc app/libapp.a(ext_power_generic.c.obj)
 .text.ext_power_save_state
                0x0000000000028f78       0x18 app/libapp.a(ext_power_generic.c.obj)
                0x0000000000028f78                ext_power_save_state
 .text.ext_power_settings_set
                0x0000000000028f90       0x58 app/libapp.a(ext_power_generic.c.obj)
 .text.new_zmk_activity_state_changed
                0x0000000000028fe8       0x18 app/libapp.a(activity_state_changed.c.obj)
                0x0000000000028fe8                new_zmk_activity_state_changed
 .text.new_zmk_position_state_changed
                0x0000000000029000       0x38 app/libapp.a(position_state_changed.c.obj)
                0x0000000000029000                new_zmk_position_state_changed
 .text.as_zmk_position_state_changed
                0x0000000000029038       0x14 app/libapp.a(position_state_changed.c.obj)
                0x0000000000029038                as_zmk_position_state_changed
 .text.new_zmk_sensor_event
                0x000000000002904c       0x38 app/libapp.a(sensor_event.c.obj)
                0x000000000002904c                new_zmk_sensor_event
 .text.as_zmk_sensor_event
                0x0000000000029084       0x14 app/libapp.a(sensor_event.c.obj)
                0x0000000000029084                as_zmk_sensor_event
 .text.new_zmk_usb_conn_state_changed
                0x0000000000029098       0x18 app/libapp.a(usb_conn_state_changed.c.obj)
                0x0000000000029098                new_zmk_usb_conn_state_changed
 .text.on_keymap_binding_pressed
                0x00000000000290b0       0x58 app/libapp.a(behavior_ext_power.c.obj)
 .text.on_keymap_binding_convert_central_state_dependent_params
                0x0000000000029108       0x40 app/libapp.a(behavior_ext_power.c.obj)
 .text.zmk_hid_register_mod
                0x0000000000029148       0x4c app/libapp.a(hid.c.obj)
                0x0000000000029148                zmk_hid_register_mod
 .text.zmk_hid_unregister_mod
                0x0000000000029194       0x5c app/libapp.a(hid.c.obj)
                0x0000000000029194                zmk_hid_unregister_mod
 .text.zmk_hid_implicit_modifiers_press
                0x00000000000291f0       0x34 app/libapp.a(hid.c.obj)
                0x00000000000291f0                zmk_hid_implicit_modifiers_press
 .text.zmk_hid_implicit_modifiers_release
                0x0000000000029224       0x30 app/libapp.a(hid.c.obj)
                0x0000000000029224                zmk_hid_implicit_modifiers_release
 .text.zmk_hid_keyboard_press
                0x0000000000029254       0x30 app/libapp.a(hid.c.obj)
                0x0000000000029254                zmk_hid_keyboard_press
 .text.zmk_hid_keyboard_release
                0x0000000000029284       0x34 app/libapp.a(hid.c.obj)
                0x0000000000029284                zmk_hid_keyboard_release
 .text.zmk_hid_keyboard_clear
                0x00000000000292b8       0x10 app/libapp.a(hid.c.obj)
                0x00000000000292b8                zmk_hid_keyboard_clear
 .text.zmk_hid_consumer_press
                0x00000000000292c8       0x28 app/libapp.a(hid.c.obj)
                0x00000000000292c8                zmk_hid_consumer_press
 .text.zmk_hid_consumer_release
                0x00000000000292f0       0x28 app/libapp.a(hid.c.obj)
                0x00000000000292f0                zmk_hid_consumer_release
 .text.zmk_hid_consumer_clear
                0x0000000000029318       0x10 app/libapp.a(hid.c.obj)
                0x0000000000029318                zmk_hid_consumer_clear
 .text.zmk_hid_get_keyboard_report
                0x0000000000029328        0x8 app/libapp.a(hid.c.obj)
                0x0000000000029328                zmk_hid_get_keyboard_report
 .text.zmk_hid_get_consumer_report
                0x0000000000029330        0x8 app/libapp.a(hid.c.obj)
                0x0000000000029330                zmk_hid_get_consumer_report
 .text.zmk_behavior_sensor_rotate_common_accept_data
                0x0000000000029338       0x7c app/libapp.a(behavior_sensor_rotate_common.c.obj)
                0x0000000000029338                zmk_behavior_sensor_rotate_common_accept_data
 .text.behavior_queue_process_next
                0x00000000000293b4       0xec app/libapp.a(behavior_queue.c.obj)
 .text.zmk_behavior_queue_add
                0x00000000000294a0       0x58 app/libapp.a(behavior_queue.c.obj)
                0x00000000000294a0                zmk_behavior_queue_add
 .text.send_keyboard_report
                0x00000000000294f8       0x30 app/libapp.a(endpoints.c.obj)
 .text.send_consumer_report
                0x0000000000029528       0x30 app/libapp.a(endpoints.c.obj)
 .text.endpoints_save_preferred_work
                0x0000000000029558       0x14 app/libapp.a(endpoints.c.obj)
 .text.zmk_endpoints_init
                0x000000000002956c       0x34 app/libapp.a(endpoints.c.obj)
 .text.update_current_endpoint
                0x00000000000295a0       0x58 app/libapp.a(endpoints.c.obj)
 .text.endpoints_handle_set
                0x00000000000295f8       0x3c app/libapp.a(endpoints.c.obj)
 .text.new_zmk_endpoint_selection_changed
                0x0000000000029634       0x18 app/libapp.a(endpoint_selection_changed.c.obj)
                0x0000000000029634                new_zmk_endpoint_selection_changed
 .text.set_layer_state
                0x000000000002964c       0x70 app/libapp.a(keymap.c.obj)
 .text.zmk_keymap_layer_active
                0x00000000000296bc        0xc app/libapp.a(keymap.c.obj)
                0x00000000000296bc                zmk_keymap_layer_active
 .text.zmk_keymap_apply_position_state
                0x00000000000296c8      0x100 app/libapp.a(keymap.c.obj)
                0x00000000000296c8                zmk_keymap_apply_position_state
 .text.zmk_keymap_position_state_changed
                0x00000000000297c8       0x54 app/libapp.a(keymap.c.obj)
                0x00000000000297c8                zmk_keymap_position_state_changed
 .text.zmk_keymap_sensor_event
                0x000000000002981c      0x100 app/libapp.a(keymap.c.obj)
                0x000000000002981c                zmk_keymap_sensor_event
 .text.new_zmk_layer_state_changed
                0x000000000002991c       0x2c app/libapp.a(layer_state_changed.c.obj)
                0x000000000002991c                new_zmk_layer_state_changed
 .text.new_zmk_keycode_state_changed
                0x0000000000029948       0x38 app/libapp.a(keycode_state_changed.c.obj)
                0x0000000000029948                new_zmk_keycode_state_changed
 .text.as_zmk_keycode_state_changed
                0x0000000000029980       0x14 app/libapp.a(keycode_state_changed.c.obj)
                0x0000000000029980                as_zmk_keycode_state_changed
 .text.new_zmk_ble_active_profile_changed
                0x0000000000029994       0x2c app/libapp.a(ble_active_profile_changed.c.obj)
                0x0000000000029994                new_zmk_ble_active_profile_changed
 .text.raise_profile_changed_event
                0x00000000000299c0       0x30 app/libapp.a(ble.c.obj)
 .text.ble_save_profile_work
                0x00000000000299f0       0x14 app/libapp.a(ble.c.obj)
 .text.bt_addr_le_to_str.constprop.0.isra.0
                0x0000000000029a04       0x78 app/libapp.a(ble.c.obj)
 .text.ble_profiles_handle_set
                0x0000000000029a7c       0xc4 app/libapp.a(ble.c.obj)
 .text.disconnected
                0x0000000000029b40       0x60 app/libapp.a(ble.c.obj)
 .text.zmk_ble_active_profile_is_open
                0x0000000000029ba0       0x30 app/libapp.a(ble.c.obj)
                0x0000000000029ba0                zmk_ble_active_profile_is_open
 .text.set_profile_address
                0x0000000000029bd0       0x58 app/libapp.a(ble.c.obj)
                0x0000000000029bd0                set_profile_address
 .text.zmk_ble_active_profile_is_connected
                0x0000000000029c28       0x58 app/libapp.a(ble.c.obj)
                0x0000000000029c28                zmk_ble_active_profile_is_connected
 .text.update_advertising
                0x0000000000029c80       0xa8 app/libapp.a(ble.c.obj)
                0x0000000000029c80                update_advertising
 .text.auth_pairing_complete
                0x0000000000029d28       0x44 app/libapp.a(ble.c.obj)
 .text.connected
                0x0000000000029d6c       0x78 app/libapp.a(ble.c.obj)
 .text.zmk_ble_init
                0x0000000000029de4       0x68 app/libapp.a(ble.c.obj)
 .text.zmk_ble_clear_bonds
                0x0000000000029e4c       0x48 app/libapp.a(ble.c.obj)
                0x0000000000029e4c                zmk_ble_clear_bonds
 .text.zmk_ble_prof_select
                0x0000000000029e94       0x38 app/libapp.a(ble.c.obj)
                0x0000000000029e94                zmk_ble_prof_select
 .text.zmk_ble_prof_next
                0x0000000000029ecc       0x1c app/libapp.a(ble.c.obj)
                0x0000000000029ecc                zmk_ble_prof_next
 .text.zmk_ble_prof_prev
                0x0000000000029ee8       0x1c app/libapp.a(ble.c.obj)
                0x0000000000029ee8                zmk_ble_prof_prev
 .text.zmk_ble_active_profile_addr
                0x0000000000029f04       0x1c app/libapp.a(ble.c.obj)
                0x0000000000029f04                zmk_ble_active_profile_addr
 .text.zmk_ble_put_peripheral_addr
                0x0000000000029f20       0x68 app/libapp.a(ble.c.obj)
                0x0000000000029f20                zmk_ble_put_peripheral_addr
 .text.read_hids_report_map
                0x0000000000029f88       0x1c app/libapp.a(hog.c.obj)
 .text.zmk_hog_init
                0x0000000000029fa4       0x28 app/libapp.a(hog.c.obj)
                0x0000000000029fa4                zmk_hog_init
 .text.destination_connection
                0x0000000000029fcc       0x24 app/libapp.a(hog.c.obj)
                0x0000000000029fcc                destination_connection
 .text.send_keyboard_report_callback
                0x0000000000029ff0       0x58 app/libapp.a(hog.c.obj)
                0x0000000000029ff0                send_keyboard_report_callback
 .text.send_consumer_report_callback
                0x000000000002a048       0x5c app/libapp.a(hog.c.obj)
                0x000000000002a048                send_consumer_report_callback
 .text.zmk_hog_send_keyboard_report
                0x000000000002a0a4       0x4c app/libapp.a(hog.c.obj)
                0x000000000002a0a4                zmk_hog_send_keyboard_report
 .text.zmk_hog_send_consumer_report
                0x000000000002a0f0       0x50 app/libapp.a(hog.c.obj)
                0x000000000002a0f0                zmk_hog_send_consumer_report
 .text.new_zmk_battery_state_changed
                0x000000000002a140       0x18 app/libapp.a(battery_state_changed.c.obj)
                0x000000000002a140                new_zmk_battery_state_changed
 .text.zmk_battery_timer
                0x000000000002a158       0x14 app/libapp.a(battery.c.obj)
 .text.zmk_battery_init
                0x000000000002a16c       0x34 app/libapp.a(battery.c.obj)
 .text.zmk_battery_work
                0x000000000002a1a0       0x48 app/libapp.a(battery.c.obj)
 .text.start_scanning
                0x000000000002a1e8       0x44 app/libapp.a(central.c.obj)
 .text.zmk_split_bt_central_init
                0x000000000002a22c       0x30 app/libapp.a(central.c.obj)
                0x000000000002a22c                zmk_split_bt_central_init
 .text.split_bt_invoke_behavior_payload
                0x000000000002a25c       0x60 app/libapp.a(central.c.obj)
 .text.bt_addr_le_to_str.constprop.0.isra.0
                0x000000000002a2bc       0x78 app/libapp.a(central.c.obj)
 .text.peripheral_event_work_callback
                0x000000000002a334       0x38 app/libapp.a(central.c.obj)
                0x000000000002a334                peripheral_event_work_callback
 .text.peripheral_sensor_event_work_callback
                0x000000000002a36c       0x38 app/libapp.a(central.c.obj)
                0x000000000002a36c                peripheral_sensor_event_work_callback
 .text.split_central_split_run_callback
                0x000000000002a3a4       0x50 app/libapp.a(central.c.obj)
                0x000000000002a3a4                split_central_split_run_callback
 .text.split_central_sensor_notify_func
                0x000000000002a3f4       0x94 app/libapp.a(central.c.obj)
 .text.peripheral_slot_index_for_conn
                0x000000000002a488       0x14 app/libapp.a(central.c.obj)
                0x000000000002a488                peripheral_slot_index_for_conn
 .text.peripheral_slot_for_conn
                0x000000000002a49c       0x1c app/libapp.a(central.c.obj)
                0x000000000002a49c                peripheral_slot_for_conn
 .text.split_central_service_discovery_func
                0x000000000002a4b8       0x7c app/libapp.a(central.c.obj)
 .text.split_central_chrc_discovery_func
                0x000000000002a534      0x158 app/libapp.a(central.c.obj)
 .text.split_central_notify_func
                0x000000000002a68c       0xc4 app/libapp.a(central.c.obj)
 .text.release_peripheral_slot
                0x000000000002a750       0xbc app/libapp.a(central.c.obj)
                0x000000000002a750                release_peripheral_slot
 .text.reserve_peripheral_slot
                0x000000000002a80c       0x2c app/libapp.a(central.c.obj)
                0x000000000002a80c                reserve_peripheral_slot
 .text.split_central_eir_found
                0x000000000002a838       0x64 app/libapp.a(central.c.obj)
 .text.split_central_device_found
                0x000000000002a89c       0x30 app/libapp.a(central.c.obj)
 .text.split_central_eir_parse
                0x000000000002a8cc       0xa0 app/libapp.a(central.c.obj)
 .text.confirm_peripheral_slot_conn
                0x000000000002a96c       0x1c app/libapp.a(central.c.obj)
                0x000000000002a96c                confirm_peripheral_slot_conn
 .text.split_central_connected
                0x000000000002a988       0x84 app/libapp.a(central.c.obj)
 .text.usb_status_cb
                0x000000000002aa0c       0x14 app/libapp.a(usb.c.obj)
                0x000000000002aa0c                usb_status_cb
 .text.zmk_usb_init
                0x000000000002aa20       0x18 app/libapp.a(usb.c.obj)
 .text.zmk_usb_get_status
                0x000000000002aa38        0xc app/libapp.a(usb.c.obj)
                0x000000000002aa38                zmk_usb_get_status
 .text.zmk_usb_get_conn_state
                0x000000000002aa44       0x28 app/libapp.a(usb.c.obj)
                0x000000000002aa44                zmk_usb_get_conn_state
 .text.zmk_usb_hid_init
                0x000000000002aa6c       0x38 app/libapp.a(usb_hid.c.obj)
 .text.in_ready_cb
                0x000000000002aaa4        0xc app/libapp.a(usb_hid.c.obj)
 .text.zmk_usb_hid_send_report
                0x000000000002aab0       0x5c app/libapp.a(usb_hid.c.obj)
                0x000000000002aab0                zmk_usb_hid_send_report
 .text.workqueue_init
                0x000000000002ab0c       0x28 app/libapp.a(workqueue.c.obj)
 .text.zmk_workqueue_lowprio_work_q
                0x000000000002ab34        0x8 app/libapp.a(workqueue.c.obj)
                0x000000000002ab34                zmk_workqueue_lowprio_work_q
 .text.main     0x000000000002ab3c        0xc app/libapp.a(main.c.obj)
                0x000000000002ab3c                main
 .text.crc8_ccitt
                0x000000000002ab48       0x2c zephyr/libzephyr.a(crc8_sw.c.obj)
                0x000000000002ab48                crc8_ccitt
 .text.char_out
                0x000000000002ab74        0xc zephyr/libzephyr.a(printk.c.obj)
 .text.vprintk  0x000000000002ab80       0x1c zephyr/libzephyr.a(printk.c.obj)
                0x000000000002ab80                vprintk
 .text.vsnprintk
                0x000000000002ab9c       0x2c zephyr/libzephyr.a(printk.c.obj)
                0x000000000002ab9c                vsnprintk
 .text.process_event
                0x000000000002abc8      0x21c zephyr/libzephyr.a(onoff.c.obj)
 .text.z_cbvprintf_impl
                0x000000000002ade4      0x448 zephyr/libzephyr.a(cbprintf_nano.c.obj)
                0x000000000002ade4                z_cbvprintf_impl
 .text.sys_reboot
                0x000000000002b22c       0x28 zephyr/libzephyr.a(reboot.c.obj)
                0x000000000002b22c                sys_reboot
 .text.z_arm_platform_init
                0x000000000002b254        0x4 zephyr/libzephyr.a(soc_nrf_common.S.obj)
                0x000000000002b254                z_arm_platform_init
 .text.read_pnp_id
                0x000000000002b258       0x1c zephyr/libzephyr.a(dis.c.obj)
 .text.read_blvl
                0x000000000002b274       0x28 zephyr/libzephyr.a(bas.c.obj)
 .text.bt_bas_set_battery_level
                0x000000000002b29c       0x50 zephyr/libzephyr.a(bas.c.obj)
                0x000000000002b29c                bt_bas_set_battery_level
 .text.nvs_recover_last_ate
                0x000000000002b2ec       0x64 zephyr/libzephyr.a(nvs.c.obj)
 .text.nvs_mount
                0x000000000002b350      0x2c0 zephyr/libzephyr.a(nvs.c.obj)
                0x000000000002b350                nvs_mount
 .text.nvs_write
                0x000000000002b610      0x1a0 zephyr/libzephyr.a(nvs.c.obj)
                0x000000000002b610                nvs_write
 .text.class_handler
                0x000000000002b7b0       0x40 zephyr/libzephyr.a(usb_device.c.obj)
 .text.custom_handler
                0x000000000002b7f0       0x60 zephyr/libzephyr.a(usb_device.c.obj)
 .text.vendor_handler
                0x000000000002b850       0x3c zephyr/libzephyr.a(usb_device.c.obj)
 .text.set_endpoint
                0x000000000002b88c       0x54 zephyr/libzephyr.a(usb_device.c.obj)
 .text.usb_reset_alt_setting
                0x000000000002b8e0       0x10 zephyr/libzephyr.a(usb_device.c.obj)
 .text.is_ep_valid.part.0
                0x000000000002b8f0       0x38 zephyr/libzephyr.a(usb_device.c.obj)
 .text.usb_handle_request.constprop.0
                0x000000000002b928       0x2c zephyr/libzephyr.a(usb_device.c.obj)
 .text.forward_status_cb
                0x000000000002b954       0xa0 zephyr/libzephyr.a(usb_device.c.obj)
 .text.usb_halt_endpoint_req.isra.0
                0x000000000002b9f4       0x50 zephyr/libzephyr.a(usb_device.c.obj)
 .text.usb_handle_standard_request
                0x000000000002ba44      0x2f0 zephyr/libzephyr.a(usb_device.c.obj)
 .text.usb_data_to_host
                0x000000000002bd34       0x54 zephyr/libzephyr.a(usb_device.c.obj)
 .text.usb_handle_control_transfer
                0x000000000002bd88       0xdc zephyr/libzephyr.a(usb_device.c.obj)
 .text.usb_wakeup_request
                0x000000000002be64       0x18 zephyr/libzephyr.a(usb_device.c.obj)
                0x000000000002be64                usb_wakeup_request
 .text.usb_set_config
                0x000000000002be7c       0x2c zephyr/libzephyr.a(usb_device.c.obj)
                0x000000000002be7c                usb_set_config
 .text.usb_device_init
                0x000000000002bea8       0x28 zephyr/libzephyr.a(usb_device.c.obj)
 .text.usb_enable
                0x000000000002bed0       0xf4 zephyr/libzephyr.a(usb_device.c.obj)
                0x000000000002bed0                usb_enable
 .text.usb_update_sn_string_descriptor
                0x000000000002bfc4       0x88 zephyr/libzephyr.a(usb_descriptor.c.obj)
                0x000000000002bfc4                usb_update_sn_string_descriptor
 .text.usb_get_device_descriptor
                0x000000000002c04c      0x1ac zephyr/libzephyr.a(usb_descriptor.c.obj)
                0x000000000002c04c                usb_get_device_descriptor
 .text.usb_ep_get_transfer
                0x000000000002c1f8       0x2c zephyr/libzephyr.a(usb_transfer.c.obj)
 .text.usb_transfer_work
                0x000000000002c224      0x110 zephyr/libzephyr.a(usb_transfer.c.obj)
 .text.usb_cancel_transfer
                0x000000000002c334       0x3c zephyr/libzephyr.a(usb_transfer.c.obj)
                0x000000000002c334                usb_cancel_transfer
 .text.usb_cancel_transfers
                0x000000000002c370       0x48 zephyr/libzephyr.a(usb_transfer.c.obj)
                0x000000000002c370                usb_cancel_transfers
 .text.usb_transfer_init
                0x000000000002c3b8       0x34 zephyr/libzephyr.a(usb_transfer.c.obj)
                0x000000000002c3b8                usb_transfer_init
 .text.flash_area_open
                0x000000000002c3ec       0x50 zephyr/libzephyr.a(flash_map.c.obj)
                0x000000000002c3ec                flash_area_open
 .text.flash_area_get_sectors
                0x000000000002c43c       0x60 zephyr/libzephyr.a(flash_map_layout.c.obj)
                0x000000000002c43c                flash_area_get_sectors
 .text.settings_save_one
                0x000000000002c49c       0x4c zephyr/libzephyr.a(settings_store.c.obj)
                0x000000000002c49c                settings_save_one
 .text.settings_src_register
                0x000000000002c4e8       0x1c zephyr/libzephyr.a(settings_store.c.obj)
                0x000000000002c4e8                settings_src_register
 .text.settings_dst_register
                0x000000000002c504        0xc zephyr/libzephyr.a(settings_store.c.obj)
                0x000000000002c504                settings_dst_register
 .text.settings_load_subtree
                0x000000000002c510       0x4c zephyr/libzephyr.a(settings_store.c.obj)
                0x000000000002c510                settings_load_subtree
 .text.settings_load_subtree_direct
                0x000000000002c55c       0x40 zephyr/libzephyr.a(settings_store.c.obj)
                0x000000000002c55c                settings_load_subtree_direct
 .text.settings_store_init
                0x000000000002c59c       0x10 zephyr/libzephyr.a(settings_store.c.obj)
                0x000000000002c59c                settings_store_init
 .text.settings_init
                0x000000000002c5ac       0x10 zephyr/libzephyr.a(settings.c.obj)
                0x000000000002c5ac                settings_init
 .text.settings_register
                0x000000000002c5bc       0x80 zephyr/libzephyr.a(settings.c.obj)
                0x000000000002c5bc                settings_register
 .text.settings_parse_and_lookup
                0x000000000002c63c       0x98 zephyr/libzephyr.a(settings.c.obj)
                0x000000000002c63c                settings_parse_and_lookup
 .text.settings_commit_subtree
                0x000000000002c6d4       0x70 zephyr/libzephyr.a(settings.c.obj)
                0x000000000002c6d4                settings_commit_subtree
 .text.settings_subsys_init
                0x000000000002c744       0x24 zephyr/libzephyr.a(settings_init.c.obj)
                0x000000000002c744                settings_subsys_init
 .text.settings_nvs_load
                0x000000000002c768       0xbc zephyr/libzephyr.a(settings_nvs.c.obj)
 .text.settings_backend_init
                0x000000000002c824       0x98 zephyr/libzephyr.a(settings_nvs.c.obj)
                0x000000000002c824                settings_backend_init
 .text.pm_state_notify
                0x000000000002c8bc       0x5c zephyr/libzephyr.a(pm.c.obj)
 .text.pm_system_resume
                0x000000000002c918       0x78 zephyr/libzephyr.a(pm.c.obj)
                0x000000000002c918                pm_system_resume
 .text.pm_system_suspend
                0x000000000002c990       0xf8 zephyr/libzephyr.a(pm.c.obj)
                0x000000000002c990                pm_system_suspend
 .text.pm_policy_next_state
                0x000000000002ca88       0x94 zephyr/libzephyr.a(policy.c.obj)
                0x000000000002ca88                pm_policy_next_state
 .text.pm_state_cpu_get_all
                0x000000000002cb1c       0x10 zephyr/libzephyr.a(state.c.obj)
                0x000000000002cb1c                pm_state_cpu_get_all
 .text.uECC_get_rng
                0x000000000002cb2c        0xc zephyr/libzephyr.a(ecc.c.obj)
                0x000000000002cb2c                uECC_get_rng
 .text.vli_mmod_fast_secp256r1
                0x000000000002cb38      0x184 zephyr/libzephyr.a(ecc.c.obj)
                0x000000000002cb38                vli_mmod_fast_secp256r1
 .text.sub_bytes
                0x000000000002ccbc       0x18 zephyr/libzephyr.a(aes_encrypt.c.obj)
 .text.tc_aes128_set_encrypt_key
                0x000000000002ccd4       0xa4 zephyr/libzephyr.a(aes_encrypt.c.obj)
                0x000000000002ccd4                tc_aes128_set_encrypt_key
 .text.z_arm_cpu_idle_init
                0x000000000002cd78        0xc zephyr/arch/arch/arm/core/aarch32/libarch__arm__core__aarch32.a(cpu_idle.S.obj)
                0x000000000002cd78                z_arm_cpu_idle_init
 .text.arch_cpu_idle
                0x000000000002cd84       0x1c zephyr/arch/arch/arm/core/aarch32/libarch__arm__core__aarch32.a(cpu_idle.S.obj)
                0x000000000002cd84                arch_cpu_idle
 .text.arch_cpu_atomic_idle
                0x000000000002cda0       0x14 zephyr/arch/arch/arm/core/aarch32/libarch__arm__core__aarch32.a(cpu_idle.S.obj)
                0x000000000002cda0                arch_cpu_atomic_idle
 .text.arch_irq_enable
                0x000000000002cdb4       0x1c zephyr/arch/arch/arm/core/aarch32/libarch__arm__core__aarch32.a(irq_manage.c.obj)
                0x000000000002cdb4                arch_irq_enable
 .text.arch_irq_disable
                0x000000000002cdd0       0x28 zephyr/arch/arch/arm/core/aarch32/libarch__arm__core__aarch32.a(irq_manage.c.obj)
                0x000000000002cdd0                arch_irq_disable
 .text.arch_irq_is_enabled
                0x000000000002cdf8       0x1c zephyr/arch/arch/arm/core/aarch32/libarch__arm__core__aarch32.a(irq_manage.c.obj)
                0x000000000002cdf8                arch_irq_is_enabled
 .text.z_arm_irq_priority_set
                0x000000000002ce14       0x30 zephyr/arch/arch/arm/core/aarch32/libarch__arm__core__aarch32.a(irq_manage.c.obj)
                0x000000000002ce14                z_arm_irq_priority_set
 .text._arch_isr_direct_pm
                0x000000000002ce44       0x1c zephyr/arch/arch/arm/core/aarch32/libarch__arm__core__aarch32.a(irq_manage.c.obj)
                0x000000000002ce44                _arch_isr_direct_pm
 .text.z_SysNmiOnReset
                0x000000000002ce60        0x8 zephyr/arch/arch/arm/core/aarch32/libarch__arm__core__aarch32.a(nmi_on_reset.S.obj)
                0x000000000002ce60                z_SysNmiOnReset
 .text.z_arm_prep_c
                0x000000000002ce68       0x48 zephyr/arch/arch/arm/core/aarch32/libarch__arm__core__aarch32.a(prep_c.c.obj)
                0x000000000002ce68                z_arm_prep_c
 .text.arch_swap
                0x000000000002ceb0       0x34 zephyr/arch/arch/arm/core/aarch32/libarch__arm__core__aarch32.a(swap.c.obj)
                0x000000000002ceb0                arch_swap
 .text.z_arm_pendsv
                0x000000000002cee4       0x48 zephyr/arch/arch/arm/core/aarch32/libarch__arm__core__aarch32.a(swap_helper.S.obj)
                0x000000000002cee4                z_arm_pendsv
 .text.z_arm_svc
                0x000000000002cf2c       0x20 zephyr/arch/arch/arm/core/aarch32/libarch__arm__core__aarch32.a(swap_helper.S.obj)
                0x000000000002cf2c                z_arm_svc
 .text.arch_new_thread
                0x000000000002cf4c       0x38 zephyr/arch/arch/arm/core/aarch32/libarch__arm__core__aarch32.a(thread.c.obj)
                0x000000000002cf4c                arch_new_thread
 .text.arch_switch_to_main_thread
                0x000000000002cf84       0x24 zephyr/arch/arch/arm/core/aarch32/libarch__arm__core__aarch32.a(thread.c.obj)
                0x000000000002cf84                arch_switch_to_main_thread
 .text._isr_wrapper
                0x000000000002cfa8       0x40 zephyr/arch/arch/arm/core/aarch32/libarch__arm__core__aarch32.a(isr_wrapper.S.obj)
                0x000000000002cfa8                _isr_wrapper
 .text._HandlerModeExit
                0x000000000002cfe8       0x1c zephyr/arch/arch/arm/core/aarch32/cortex_m/libarch__arm__core__aarch32__cortex_m.a(exc_exit.S.obj)
                0x000000000002cfe8                z_arm_exc_exit
                0x000000000002cfe8                z_arm_int_exit
 .text.bus_fault.constprop.0
                0x000000000002d004       0x3c zephyr/arch/arch/arm/core/aarch32/cortex_m/libarch__arm__core__aarch32__cortex_m.a(fault.c.obj)
 .text.mem_manage_fault.constprop.0
                0x000000000002d040       0x4c zephyr/arch/arch/arm/core/aarch32/cortex_m/libarch__arm__core__aarch32__cortex_m.a(fault.c.obj)
 .text.z_arm_fault
                0x000000000002d08c      0x12c zephyr/arch/arch/arm/core/aarch32/cortex_m/libarch__arm__core__aarch32__cortex_m.a(fault.c.obj)
                0x000000000002d08c                z_arm_fault
 .text.z_arm_fault_init
                0x000000000002d1b8       0x10 zephyr/arch/arch/arm/core/aarch32/cortex_m/libarch__arm__core__aarch32__cortex_m.a(fault.c.obj)
                0x000000000002d1b8                z_arm_fault_init
 .text.__fault  0x000000000002d1c8       0x14 zephyr/arch/arch/arm/core/aarch32/cortex_m/libarch__arm__core__aarch32__cortex_m.a(fault_s.S.obj)
                0x000000000002d1c8                z_arm_bus_fault
                0x000000000002d1c8                z_arm_usage_fault
                0x000000000002d1c8                z_arm_mpu_fault
                0x000000000002d1c8                z_arm_exc_spurious
                0x000000000002d1c8                z_arm_debug_monitor
                0x000000000002d1c8                z_arm_hard_fault
 .text.z_arm_interrupt_init
                0x000000000002d1dc       0x18 zephyr/arch/arch/arm/core/aarch32/cortex_m/libarch__arm__core__aarch32__cortex_m.a(irq_init.c.obj)
                0x000000000002d1dc                z_arm_interrupt_init
 .text._reset_section
                0x000000000002d1f4       0x30 zephyr/arch/arch/arm/core/aarch32/cortex_m/libarch__arm__core__aarch32__cortex_m.a(reset.S.obj)
                0x000000000002d1f4                z_arm_reset
                0x000000000002d1f4                __start
 .text.z_impl_k_thread_abort
                0x000000000002d224       0x2c zephyr/arch/arch/arm/core/aarch32/cortex_m/libarch__arm__core__aarch32__cortex_m.a(thread_abort.c.obj)
                0x000000000002d224                z_impl_k_thread_abort
 .text.z_arm_configure_static_mpu_regions
                0x000000000002d250       0x18 zephyr/arch/arch/arm/core/aarch32/mpu/libarch__arm__core__aarch32__mpu.a(arm_core_mpu.c.obj)
                0x000000000002d250                z_arm_configure_static_mpu_regions
 .text.mpu_configure_regions
                0x000000000002d268       0x88 zephyr/arch/arch/arm/core/aarch32/mpu/libarch__arm__core__aarch32__mpu.a(arm_mpu.c.obj)
 .text.arm_core_mpu_enable
                0x000000000002d2f0       0x18 zephyr/arch/arch/arm/core/aarch32/mpu/libarch__arm__core__aarch32__mpu.a(arm_mpu.c.obj)
                0x000000000002d2f0                arm_core_mpu_enable
 .text.arm_core_mpu_disable
                0x000000000002d308       0x14 zephyr/arch/arch/arm/core/aarch32/mpu/libarch__arm__core__aarch32__mpu.a(arm_mpu.c.obj)
                0x000000000002d308                arm_core_mpu_disable
 .text.arm_core_mpu_configure_static_mpu_regions
                0x000000000002d31c       0x14 zephyr/arch/arch/arm/core/aarch32/mpu/libarch__arm__core__aarch32__mpu.a(arm_mpu.c.obj)
                0x000000000002d31c                arm_core_mpu_configure_static_mpu_regions
 .text.z_arm_mpu_init
                0x000000000002d330       0x60 zephyr/arch/arch/arm/core/aarch32/mpu/libarch__arm__core__aarch32__mpu.a(arm_mpu.c.obj)
                0x000000000002d330                z_arm_mpu_init
 .text.snprintf
                0x000000000002d390       0x34 zephyr/lib/libc/minimal/liblib__libc__minimal.a(sprintf.c.obj)
                0x000000000002d390                snprintf
 .text.sprintf  0x000000000002d3c4       0x34 zephyr/lib/libc/minimal/liblib__libc__minimal.a(sprintf.c.obj)
                0x000000000002d3c4                sprintf
 .text.nordicsemi_nrf52_init
                0x000000000002d3f8       0x30 zephyr/soc/arm/nordic_nrf/nrf52/libsoc__arm__nordic_nrf__nrf52.a(soc.c.obj)
 .text.sys_arch_reboot
                0x000000000002d428       0x2c zephyr/soc/arm/nordic_nrf/nrf52/libsoc__arm__nordic_nrf__nrf52.a(soc.c.obj)
                0x000000000002d428                sys_arch_reboot
 .text.arch_busy_wait
                0x000000000002d454       0x14 zephyr/soc/arm/nordic_nrf/nrf52/libsoc__arm__nordic_nrf__nrf52.a(soc.c.obj)
                0x000000000002d454                arch_busy_wait
 .text.ecc_process
                0x000000000002d468      0x17c zephyr/subsys/bluetooth/host/libsubsys__bluetooth__host.a(hci_ecc.c.obj)
 .text.le_gen_dhkey
                0x000000000002d5e4       0x98 zephyr/subsys/bluetooth/host/libsubsys__bluetooth__host.a(hci_ecc.c.obj)
 .text.bt_hci_ecc_send
                0x000000000002d67c       0xdc zephyr/subsys/bluetooth/host/libsubsys__bluetooth__host.a(hci_ecc.c.obj)
                0x000000000002d67c                bt_hci_ecc_send
 .text.save_id  0x000000000002d758       0x18 zephyr/subsys/bluetooth/host/libsubsys__bluetooth__host.a(settings.c.obj)
 .text.set      0x000000000002d770       0x78 zephyr/subsys/bluetooth/host/libsubsys__bluetooth__host.a(settings.c.obj)
 .text.bt_settings_encode_key
                0x000000000002d7e8       0x60 zephyr/subsys/bluetooth/host/libsubsys__bluetooth__host.a(settings.c.obj)
                0x000000000002d7e8                bt_settings_encode_key
 .text.bt_settings_save_id
                0x000000000002d848        0xc zephyr/subsys/bluetooth/host/libsubsys__bluetooth__host.a(settings.c.obj)
                0x000000000002d848                bt_settings_save_id
 .text.commit   0x000000000002d854       0x70 zephyr/subsys/bluetooth/host/libsubsys__bluetooth__host.a(settings.c.obj)
 .text.long_wq_init
                0x000000000002d8c4       0x38 zephyr/subsys/bluetooth/host/libsubsys__bluetooth__host.a(long_wq.c.obj)
 .text.bt_long_wq_schedule
                0x000000000002d8fc        0xc zephyr/subsys/bluetooth/host/libsubsys__bluetooth__host.a(long_wq.c.obj)
                0x000000000002d8fc                bt_long_wq_schedule
 .text.bt_long_wq_reschedule
                0x000000000002d908        0xc zephyr/subsys/bluetooth/host/libsubsys__bluetooth__host.a(long_wq.c.obj)
                0x000000000002d908                bt_long_wq_reschedule
 .text.bt_long_wq_submit
                0x000000000002d914        0xc zephyr/subsys/bluetooth/host/libsubsys__bluetooth__host.a(long_wq.c.obj)
                0x000000000002d914                bt_long_wq_submit
 .text.uuid_to_uuid128
                0x000000000002d920       0x6c zephyr/subsys/bluetooth/host/libsubsys__bluetooth__host.a(uuid.c.obj)
 .text.bt_uuid_to_str
                0x000000000002d98c       0xbc zephyr/subsys/bluetooth/host/libsubsys__bluetooth__host.a(uuid.c.obj)
                0x000000000002d98c                bt_uuid_to_str
 .text.bt_buf_get_rx
                0x000000000002da48       0x20 zephyr/subsys/bluetooth/host/libsubsys__bluetooth__host.a(buf.c.obj)
                0x000000000002da48                bt_buf_get_rx
 .text.bt_buf_get_cmd_complete
                0x000000000002da68       0x34 zephyr/subsys/bluetooth/host/libsubsys__bluetooth__host.a(buf.c.obj)
                0x000000000002da68                bt_buf_get_cmd_complete
 .text.bt_buf_get_evt
                0x000000000002da9c       0x58 zephyr/subsys/bluetooth/host/libsubsys__bluetooth__host.a(buf.c.obj)
                0x000000000002da9c                bt_buf_get_evt
 .text.unpair   0x000000000002daf4       0x8c zephyr/subsys/bluetooth/host/libsubsys__bluetooth__host.a(hci_core.c.obj)
 .text.hci_disconn_complete_prio
                0x000000000002db80       0x48 zephyr/subsys/bluetooth/host/libsubsys__bluetooth__host.a(hci_core.c.obj)
 .text.find_pending_connect.part.0
                0x000000000002dbc8       0x2c zephyr/subsys/bluetooth/host/libsubsys__bluetooth__host.a(hci_core.c.obj)
 .text.hci_le_meta_event
                0x000000000002dbf4       0x20 zephyr/subsys/bluetooth/host/libsubsys__bluetooth__host.a(hci_core.c.obj)
 .text.hci_cmd_done
                0x000000000002dc14       0xbc zephyr/subsys/bluetooth/host/libsubsys__bluetooth__host.a(hci_core.c.obj)
 .text.hci_cmd_status
                0x000000000002dcd0       0x2c zephyr/subsys/bluetooth/host/libsubsys__bluetooth__host.a(hci_core.c.obj)
 .text.hci_cmd_complete
                0x000000000002dcfc       0x30 zephyr/subsys/bluetooth/host/libsubsys__bluetooth__host.a(hci_core.c.obj)
 .text.hci_tx_thread
                0x000000000002dd2c      0x11c zephyr/subsys/bluetooth/host/libsubsys__bluetooth__host.a(hci_core.c.obj)
 .text.bt_hci_cmd_state_set_init
                0x000000000002de48       0x24 zephyr/subsys/bluetooth/host/libsubsys__bluetooth__host.a(hci_core.c.obj)
                0x000000000002de48                bt_hci_cmd_state_set_init
 .text.bt_hci_cmd_create
                0x000000000002de6c       0x74 zephyr/subsys/bluetooth/host/libsubsys__bluetooth__host.a(hci_core.c.obj)
                0x000000000002de6c                bt_hci_cmd_create
 .text.bt_hci_cmd_send
                0x000000000002dee0       0x44 zephyr/subsys/bluetooth/host/libsubsys__bluetooth__host.a(hci_core.c.obj)
                0x000000000002dee0                bt_hci_cmd_send
 .text.bt_hci_cmd_send_sync
                0x000000000002df24       0xc4 zephyr/subsys/bluetooth/host/libsubsys__bluetooth__host.a(hci_core.c.obj)
                0x000000000002df24                bt_hci_cmd_send_sync
 .text.bt_hci_le_rand
                0x000000000002dfe8       0x58 zephyr/subsys/bluetooth/host/libsubsys__bluetooth__host.a(hci_core.c.obj)
                0x000000000002dfe8                bt_hci_le_rand
 .text.bt_get_phy
                0x000000000002e040       0x14 zephyr/subsys/bluetooth/host/libsubsys__bluetooth__host.a(hci_core.c.obj)
                0x000000000002e040                bt_get_phy
 .text.bt_le_create_conn
                0x000000000002e054       0xbc zephyr/subsys/bluetooth/host/libsubsys__bluetooth__host.a(hci_core.c.obj)
                0x000000000002e054                bt_le_create_conn
 .text.bt_le_create_conn_cancel
                0x000000000002e110       0x34 zephyr/subsys/bluetooth/host/libsubsys__bluetooth__host.a(hci_core.c.obj)
                0x000000000002e110                bt_le_create_conn_cancel
 .text.bt_hci_le_enh_conn_complete
                0x000000000002e144      0x2ac zephyr/subsys/bluetooth/host/libsubsys__bluetooth__host.a(hci_core.c.obj)
                0x000000000002e144                bt_hci_le_enh_conn_complete
 .text.le_legacy_conn_complete
                0x000000000002e3f0       0x68 zephyr/subsys/bluetooth/host/libsubsys__bluetooth__host.a(hci_core.c.obj)
 .text.bt_unpair
                0x000000000002e458       0x48 zephyr/subsys/bluetooth/host/libsubsys__bluetooth__host.a(hci_core.c.obj)
                0x000000000002e458                bt_unpair
 .text.bt_security_err_get
                0x000000000002e4a0       0x10 zephyr/subsys/bluetooth/host/libsubsys__bluetooth__host.a(hci_core.c.obj)
                0x000000000002e4a0                bt_security_err_get
 .text.hci_event_prio
                0x000000000002e4b0       0xa4 zephyr/subsys/bluetooth/host/libsubsys__bluetooth__host.a(hci_core.c.obj)
                0x000000000002e4b0                hci_event_prio
 .text.bt_recv  0x000000000002e554       0xf4 zephyr/subsys/bluetooth/host/libsubsys__bluetooth__host.a(hci_core.c.obj)
                0x000000000002e554                bt_recv
 .text.bt_recv_prio
                0x000000000002e648       0x3c zephyr/subsys/bluetooth/host/libsubsys__bluetooth__host.a(hci_core.c.obj)
                0x000000000002e648                bt_recv_prio
 .text.bt_hci_driver_register
                0x000000000002e684       0x28 zephyr/subsys/bluetooth/host/libsubsys__bluetooth__host.a(hci_core.c.obj)
                0x000000000002e684                bt_hci_driver_register
 .text.bt_finalize_init
                0x000000000002e6ac       0x18 zephyr/subsys/bluetooth/host/libsubsys__bluetooth__host.a(hci_core.c.obj)
                0x000000000002e6ac                bt_finalize_init
 .text.init_work
                0x000000000002e6c4       0x18 zephyr/subsys/bluetooth/host/libsubsys__bluetooth__host.a(hci_core.c.obj)
 .text.bt_enable
                0x000000000002e6dc       0xbc zephyr/subsys/bluetooth/host/libsubsys__bluetooth__host.a(hci_core.c.obj)
                0x000000000002e6dc                bt_enable
 .text.bt_is_ready
                0x000000000002e798       0x18 zephyr/subsys/bluetooth/host/libsubsys__bluetooth__host.a(hci_core.c.obj)
                0x000000000002e798                bt_is_ready
 .text.bt_get_name
                0x000000000002e7b0        0x8 zephyr/subsys/bluetooth/host/libsubsys__bluetooth__host.a(hci_core.c.obj)
                0x000000000002e7b0                bt_get_name
 .text.id_find  0x000000000002e7b8       0x34 zephyr/subsys/bluetooth/host/libsubsys__bluetooth__host.a(id.c.obj)
 .text.set_random_address
                0x000000000002e7ec       0x58 zephyr/subsys/bluetooth/host/libsubsys__bluetooth__host.a(id.c.obj)
 .text.id_create.constprop.0
                0x000000000002e844       0x70 zephyr/subsys/bluetooth/host/libsubsys__bluetooth__host.a(id.c.obj)
 .text.bt_id_adv_random_addr_check
                0x000000000002e8b4       0x60 zephyr/subsys/bluetooth/host/libsubsys__bluetooth__host.a(id.c.obj)
                0x000000000002e8b4                bt_id_adv_random_addr_check
 .text.bt_id_pending_keys_update
                0x000000000002e914       0x34 zephyr/subsys/bluetooth/host/libsubsys__bluetooth__host.a(id.c.obj)
                0x000000000002e914                bt_id_pending_keys_update
 .text.bt_id_add
                0x000000000002e948      0x14c zephyr/subsys/bluetooth/host/libsubsys__bluetooth__host.a(id.c.obj)
                0x000000000002e948                bt_id_add
 .text.bt_id_del
                0x000000000002ea94      0x12c zephyr/subsys/bluetooth/host/libsubsys__bluetooth__host.a(id.c.obj)
                0x000000000002ea94                bt_id_del
 .text.bt_id_create
                0x000000000002ebc0       0x88 zephyr/subsys/bluetooth/host/libsubsys__bluetooth__host.a(id.c.obj)
                0x000000000002ebc0                bt_id_create
 .text.bt_id_read_public_addr
                0x000000000002ec48       0x60 zephyr/subsys/bluetooth/host/libsubsys__bluetooth__host.a(id.c.obj)
                0x000000000002ec48                bt_id_read_public_addr
 .text.bt_setup_public_id_addr
                0x000000000002eca8       0x20 zephyr/subsys/bluetooth/host/libsubsys__bluetooth__host.a(id.c.obj)
                0x000000000002eca8                bt_setup_public_id_addr
 .text.bt_read_static_addr
                0x000000000002ecc8       0x60 zephyr/subsys/bluetooth/host/libsubsys__bluetooth__host.a(id.c.obj)
                0x000000000002ecc8                bt_read_static_addr
 .text.bt_setup_random_id_addr
                0x000000000002ed28       0x5c zephyr/subsys/bluetooth/host/libsubsys__bluetooth__host.a(id.c.obj)
                0x000000000002ed28                bt_setup_random_id_addr
 .text.bt_id_set_create_conn_own_addr
                0x000000000002ed84       0x24 zephyr/subsys/bluetooth/host/libsubsys__bluetooth__host.a(id.c.obj)
                0x000000000002ed84                bt_id_set_create_conn_own_addr
 .text.bt_id_set_scan_own_addr
                0x000000000002eda8       0x18 zephyr/subsys/bluetooth/host/libsubsys__bluetooth__host.a(id.c.obj)
                0x000000000002eda8                bt_id_set_scan_own_addr
 .text.bt_id_set_adv_own_addr
                0x000000000002edc0       0x9c zephyr/subsys/bluetooth/host/libsubsys__bluetooth__host.a(id.c.obj)
                0x000000000002edc0                bt_id_set_adv_own_addr
 .text.le_adv_start_add_conn
                0x000000000002ee5c       0x6c zephyr/subsys/bluetooth/host/libsubsys__bluetooth__host.a(adv.c.obj)
 .text.valid_adv_param
                0x000000000002eec8       0x84 zephyr/subsys/bluetooth/host/libsubsys__bluetooth__host.a(adv.c.obj)
 .text.bt_le_ext_adv_foreach
                0x000000000002ef4c        0xc zephyr/subsys/bluetooth/host/libsubsys__bluetooth__host.a(adv.c.obj)
                0x000000000002ef4c                bt_le_ext_adv_foreach
 .text.bt_le_adv_lookup_legacy
                0x000000000002ef58        0x8 zephyr/subsys/bluetooth/host/libsubsys__bluetooth__host.a(adv.c.obj)
                0x000000000002ef58                bt_le_adv_lookup_legacy
 .text.bt_le_adv_start_legacy
                0x000000000002ef60      0x258 zephyr/subsys/bluetooth/host/libsubsys__bluetooth__host.a(adv.c.obj)
                0x000000000002ef60                bt_le_adv_start_legacy
 .text.bt_le_adv_start
                0x000000000002f1b8       0x64 zephyr/subsys/bluetooth/host/libsubsys__bluetooth__host.a(adv.c.obj)
                0x000000000002f1b8                bt_le_adv_start
 .text.bt_le_adv_stop
                0x000000000002f21c       0x84 zephyr/subsys/bluetooth/host/libsubsys__bluetooth__host.a(adv.c.obj)
                0x000000000002f21c                bt_le_adv_stop
 .text.bt_le_adv_resume
                0x000000000002f2a0       0x88 zephyr/subsys/bluetooth/host/libsubsys__bluetooth__host.a(adv.c.obj)
                0x000000000002f2a0                bt_le_adv_resume
 .text.bt_le_scan_set_enable_legacy
                0x000000000002f328       0x68 zephyr/subsys/bluetooth/host/libsubsys__bluetooth__host.a(scan.c.obj)
 .text.start_le_scan_legacy
                0x000000000002f390       0xa4 zephyr/subsys/bluetooth/host/libsubsys__bluetooth__host.a(scan.c.obj)
 .text.bt_scan_reset
                0x000000000002f434        0xc zephyr/subsys/bluetooth/host/libsubsys__bluetooth__host.a(scan.c.obj)
                0x000000000002f434                bt_scan_reset
 .text.bt_le_scan_update
                0x000000000002f440       0x8c zephyr/subsys/bluetooth/host/libsubsys__bluetooth__host.a(scan.c.obj)
                0x000000000002f440                bt_le_scan_update
 .text.bt_hci_le_adv_report
                0x000000000002f4cc      0x1e4 zephyr/subsys/bluetooth/host/libsubsys__bluetooth__host.a(scan.c.obj)
                0x000000000002f4cc                bt_hci_le_adv_report
 .text.bt_le_scan_start
                0x000000000002f6b0      0x100 zephyr/subsys/bluetooth/host/libsubsys__bluetooth__host.a(scan.c.obj)
                0x000000000002f6b0                bt_le_scan_start
 .text.bt_le_scan_stop
                0x000000000002f7b0       0x2c zephyr/subsys/bluetooth/host/libsubsys__bluetooth__host.a(scan.c.obj)
                0x000000000002f7b0                bt_le_scan_stop
 .text.bt_pub_key_is_debug
                0x000000000002f7dc       0x18 zephyr/subsys/bluetooth/host/libsubsys__bluetooth__host.a(ecc.c.obj)
                0x000000000002f7dc                bt_pub_key_is_debug
 .text.bt_pub_key_gen
                0x000000000002f7f4       0xd4 zephyr/subsys/bluetooth/host/libsubsys__bluetooth__host.a(ecc.c.obj)
                0x000000000002f7f4                bt_pub_key_gen
 .text.bt_pub_key_get
                0x000000000002f8c8       0x20 zephyr/subsys/bluetooth/host/libsubsys__bluetooth__host.a(ecc.c.obj)
                0x000000000002f8c8                bt_pub_key_get
 .text.bt_dh_key_gen
                0x000000000002f8e8       0x88 zephyr/subsys/bluetooth/host/libsubsys__bluetooth__host.a(ecc.c.obj)
                0x000000000002f8e8                bt_dh_key_gen
 .text.bt_hci_evt_le_pkey_complete
                0x000000000002f970       0x7c zephyr/subsys/bluetooth/host/libsubsys__bluetooth__host.a(ecc.c.obj)
                0x000000000002f970                bt_hci_evt_le_pkey_complete
 .text.bt_hci_evt_le_dhkey_complete
                0x000000000002f9ec       0x1c zephyr/subsys/bluetooth/host/libsubsys__bluetooth__host.a(ecc.c.obj)
                0x000000000002f9ec                bt_hci_evt_le_dhkey_complete
 .text.notify_connected
                0x000000000002fa08       0x3c zephyr/subsys/bluetooth/host/libsubsys__bluetooth__host.a(conn.c.obj)
 .text.tx_notify
                0x000000000002fa44       0x60 zephyr/subsys/bluetooth/host/libsubsys__bluetooth__host.a(conn.c.obj)
 .text.conn_tx_destroy
                0x000000000002faa4       0x2c zephyr/subsys/bluetooth/host/libsubsys__bluetooth__host.a(conn.c.obj)
 .text.send_frag
                0x000000000002fad0      0x110 zephyr/subsys/bluetooth/host/libsubsys__bluetooth__host.a(conn.c.obj)
 .text.bt_conn_get_pkts
                0x000000000002fbe0        0x8 zephyr/subsys/bluetooth/host/libsubsys__bluetooth__host.a(conn.c.obj)
                0x000000000002fbe0                bt_conn_get_pkts
 .text.bt_conn_new
                0x000000000002fbe8       0x64 zephyr/subsys/bluetooth/host/libsubsys__bluetooth__host.a(conn.c.obj)
                0x000000000002fbe8                bt_conn_new
 .text.bt_conn_send_cb
                0x000000000002fc4c       0x78 zephyr/subsys/bluetooth/host/libsubsys__bluetooth__host.a(conn.c.obj)
                0x000000000002fc4c                bt_conn_send_cb
 .text.bt_conn_prepare_events
                0x000000000002fcc4       0x80 zephyr/subsys/bluetooth/host/libsubsys__bluetooth__host.a(conn.c.obj)
                0x000000000002fcc4                bt_conn_prepare_events
 .text.bt_conn_lookup_handle
                0x000000000002fd44       0x10 zephyr/subsys/bluetooth/host/libsubsys__bluetooth__host.a(conn.c.obj)
                0x000000000002fd44                bt_conn_lookup_handle
 .text.bt_conn_set_state
                0x000000000002fd54      0x1b0 zephyr/subsys/bluetooth/host/libsubsys__bluetooth__host.a(conn.c.obj)
                0x000000000002fd54                bt_conn_set_state
 .text.bt_conn_index
                0x000000000002ff04       0x18 zephyr/subsys/bluetooth/host/libsubsys__bluetooth__host.a(conn.c.obj)
                0x000000000002ff04                bt_conn_index
 .text.bt_conn_create_pdu_timeout
                0x000000000002ff1c       0x24 zephyr/subsys/bluetooth/host/libsubsys__bluetooth__host.a(conn.c.obj)
                0x000000000002ff1c                bt_conn_create_pdu_timeout
 .text.notify_le_param_updated
                0x000000000002ff40       0x84 zephyr/subsys/bluetooth/host/libsubsys__bluetooth__host.a(conn.c.obj)
                0x000000000002ff40                notify_le_param_updated
 .text.notify_le_phy_updated
                0x000000000002ffc4       0x44 zephyr/subsys/bluetooth/host/libsubsys__bluetooth__host.a(conn.c.obj)
                0x000000000002ffc4                notify_le_phy_updated
 .text.le_param_req
                0x0000000000030008       0x74 zephyr/subsys/bluetooth/host/libsubsys__bluetooth__host.a(conn.c.obj)
                0x0000000000030008                le_param_req
 .text.bt_conn_identity_resolved
                0x000000000003007c       0x5c zephyr/subsys/bluetooth/host/libsubsys__bluetooth__host.a(conn.c.obj)
                0x000000000003007c                bt_conn_identity_resolved
 .text.bt_conn_security_changed
                0x00000000000300d8       0x4c zephyr/subsys/bluetooth/host/libsubsys__bluetooth__host.a(conn.c.obj)
                0x00000000000300d8                bt_conn_security_changed
 .text.bt_conn_cb_register
                0x0000000000030124       0x10 zephyr/subsys/bluetooth/host/libsubsys__bluetooth__host.a(conn.c.obj)
                0x0000000000030124                bt_conn_cb_register
 .text.bt_conn_add_le
                0x0000000000030134       0x38 zephyr/subsys/bluetooth/host/libsubsys__bluetooth__host.a(conn.c.obj)
                0x0000000000030134                bt_conn_add_le
 .text.bt_conn_lookup_addr_le
                0x000000000003016c       0x48 zephyr/subsys/bluetooth/host/libsubsys__bluetooth__host.a(conn.c.obj)
                0x000000000003016c                bt_conn_lookup_addr_le
 .text.bt_conn_lookup_state_le
                0x00000000000301b4       0x5c zephyr/subsys/bluetooth/host/libsubsys__bluetooth__host.a(conn.c.obj)
                0x00000000000301b4                bt_conn_lookup_state_le
 .text.bt_conn_get_info
                0x0000000000030210       0xc4 zephyr/subsys/bluetooth/host/libsubsys__bluetooth__host.a(conn.c.obj)
                0x0000000000030210                bt_conn_get_info
 .text.bt_conn_le_create
                0x00000000000302d4      0x120 zephyr/subsys/bluetooth/host/libsubsys__bluetooth__host.a(conn.c.obj)
                0x00000000000302d4                bt_conn_le_create
 .text.bt_le_set_auto_conn
                0x00000000000303f4       0xc8 zephyr/subsys/bluetooth/host/libsubsys__bluetooth__host.a(conn.c.obj)
                0x00000000000303f4                bt_le_set_auto_conn
 .text.send_conn_le_param_update
                0x00000000000304bc       0x68 zephyr/subsys/bluetooth/host/libsubsys__bluetooth__host.a(conn.c.obj)
 .text.deferred_work
                0x0000000000030524       0xb8 zephyr/subsys/bluetooth/host/libsubsys__bluetooth__host.a(conn.c.obj)
 .text.bt_conn_create_frag_timeout
                0x00000000000305dc        0xc zephyr/subsys/bluetooth/host/libsubsys__bluetooth__host.a(conn.c.obj)
                0x00000000000305dc                bt_conn_create_frag_timeout
 .text.create_frag
                0x00000000000305e8       0x6c zephyr/subsys/bluetooth/host/libsubsys__bluetooth__host.a(conn.c.obj)
 .text.bt_conn_process_tx
                0x0000000000030654       0xd0 zephyr/subsys/bluetooth/host/libsubsys__bluetooth__host.a(conn.c.obj)
                0x0000000000030654                bt_conn_process_tx
 .text.bt_conn_auth_cb_register
                0x0000000000030724       0x34 zephyr/subsys/bluetooth/host/libsubsys__bluetooth__host.a(conn.c.obj)
                0x0000000000030724                bt_conn_auth_cb_register
 .text.bt_conn_auth_info_cb_register
                0x0000000000030758       0x28 zephyr/subsys/bluetooth/host/libsubsys__bluetooth__host.a(conn.c.obj)
                0x0000000000030758                bt_conn_auth_info_cb_register
 .text.bt_conn_init
                0x0000000000030780       0x74 zephyr/subsys/bluetooth/host/libsubsys__bluetooth__host.a(conn.c.obj)
                0x0000000000030780                bt_conn_init
 .text.l2cap_accept
                0x00000000000307f4       0x30 zephyr/subsys/bluetooth/host/libsubsys__bluetooth__host.a(l2cap.c.obj)
 .text.bt_l2cap_connected
                0x0000000000030824       0x9c zephyr/subsys/bluetooth/host/libsubsys__bluetooth__host.a(l2cap.c.obj)
                0x0000000000030824                bt_l2cap_connected
 .text.bt_l2cap_update_conn_param
                0x00000000000308c0       0x64 zephyr/subsys/bluetooth/host/libsubsys__bluetooth__host.a(l2cap.c.obj)
                0x00000000000308c0                bt_l2cap_update_conn_param
 .text.att_op_get_type
                0x0000000000030924       0x74 zephyr/subsys/bluetooth/host/libsubsys__bluetooth__host.a(att.c.obj)
 .text.bt_att_released
                0x0000000000030998       0x18 zephyr/subsys/bluetooth/host/libsubsys__bluetooth__host.a(att.c.obj)
 .text.tx_meta_data_free
                0x00000000000309b0       0x1c zephyr/subsys/bluetooth/host/libsubsys__bluetooth__host.a(att.c.obj)
 .text.chan_send
                0x00000000000309cc       0x9c zephyr/subsys/bluetooth/host/libsubsys__bluetooth__host.a(att.c.obj)
 .text.read_group_cb
                0x0000000000030a68       0xac zephyr/subsys/bluetooth/host/libsubsys__bluetooth__host.a(att.c.obj)
 .text.bt_att_accept
                0x0000000000030b14       0xc0 zephyr/subsys/bluetooth/host/libsubsys__bluetooth__host.a(att.c.obj)
 .text.read_type_cb
                0x0000000000030bd4       0xa0 zephyr/subsys/bluetooth/host/libsubsys__bluetooth__host.a(att.c.obj)
 .text.bt_att_connected
                0x0000000000030c74       0x44 zephyr/subsys/bluetooth/host/libsubsys__bluetooth__host.a(att.c.obj)
 .text.bt_att_chan_create_pdu
                0x0000000000030cb8       0x68 zephyr/subsys/bluetooth/host/libsubsys__bluetooth__host.a(att.c.obj)
                0x0000000000030cb8                bt_att_chan_create_pdu
 .text.bt_att_recv
                0x0000000000030d20       0xd8 zephyr/subsys/bluetooth/host/libsubsys__bluetooth__host.a(att.c.obj)
 .text.att_write_rsp.constprop.0
                0x0000000000030df8       0xc8 zephyr/subsys/bluetooth/host/libsubsys__bluetooth__host.a(att.c.obj)
 .text.att_read_group_req
                0x0000000000030ec0       0xfc zephyr/subsys/bluetooth/host/libsubsys__bluetooth__host.a(att.c.obj)
 .text.att_read_mult_vl_req
                0x0000000000030fbc       0xa8 zephyr/subsys/bluetooth/host/libsubsys__bluetooth__host.a(att.c.obj)
 .text.att_read_mult_req
                0x0000000000031064       0xa8 zephyr/subsys/bluetooth/host/libsubsys__bluetooth__host.a(att.c.obj)
 .text.att_read_rsp
                0x000000000003110c       0xa0 zephyr/subsys/bluetooth/host/libsubsys__bluetooth__host.a(att.c.obj)
 .text.att_read_type_req
                0x00000000000311ac       0xc4 zephyr/subsys/bluetooth/host/libsubsys__bluetooth__host.a(att.c.obj)
 .text.att_find_type_req
                0x0000000000031270       0xd0 zephyr/subsys/bluetooth/host/libsubsys__bluetooth__host.a(att.c.obj)
 .text.att_find_info_req
                0x0000000000031340       0x78 zephyr/subsys/bluetooth/host/libsubsys__bluetooth__host.a(att.c.obj)
 .text.bt_att_init
                0x00000000000313b8       0x34 zephyr/subsys/bluetooth/host/libsubsys__bluetooth__host.a(att.c.obj)
                0x00000000000313b8                bt_att_init
 .text.bt_att_req_alloc
                0x00000000000313ec       0x44 zephyr/subsys/bluetooth/host/libsubsys__bluetooth__host.a(att.c.obj)
                0x00000000000313ec                bt_att_req_alloc
 .text.bt_att_req_free
                0x0000000000031430       0x30 zephyr/subsys/bluetooth/host/libsubsys__bluetooth__host.a(att.c.obj)
                0x0000000000031430                bt_att_req_free
 .text.att_handle_rsp
                0x0000000000031460       0x70 zephyr/subsys/bluetooth/host/libsubsys__bluetooth__host.a(att.c.obj)
 .text.att_error_rsp
                0x00000000000314d0       0x68 zephyr/subsys/bluetooth/host/libsubsys__bluetooth__host.a(att.c.obj)
 .text.bt_att_disconnected
                0x0000000000031538       0xc8 zephyr/subsys/bluetooth/host/libsubsys__bluetooth__host.a(att.c.obj)
 .text.bt_att_req_cancel
                0x0000000000031600       0x5c zephyr/subsys/bluetooth/host/libsubsys__bluetooth__host.a(att.c.obj)
                0x0000000000031600                bt_att_req_cancel
 .text.db_hash_set
                0x000000000003165c       0x18 zephyr/subsys/bluetooth/host/libsubsys__bluetooth__host.a(gatt.c.obj)
 .text.find_cf_cfg
                0x0000000000031674       0x48 zephyr/subsys/bluetooth/host/libsubsys__bluetooth__host.a(gatt.c.obj)
 .text.find_sc_cfg
                0x00000000000316bc       0x38 zephyr/subsys/bluetooth/host/libsubsys__bluetooth__host.a(gatt.c.obj)
 .text.find_ccc_cfg
                0x00000000000316f4       0x3c zephyr/subsys/bluetooth/host/libsubsys__bluetooth__host.a(gatt.c.obj)
 .text.gatt_sub_find
                0x0000000000031730       0x48 zephyr/subsys/bluetooth/host/libsubsys__bluetooth__host.a(gatt.c.obj)
 .text.find_cf_cfg_by_addr
                0x0000000000031778       0x38 zephyr/subsys/bluetooth/host/libsubsys__bluetooth__host.a(gatt.c.obj)
 .text.gatt_sub_remove
                0x00000000000317b0       0x48 zephyr/subsys/bluetooth/host/libsubsys__bluetooth__host.a(gatt.c.obj)
 .text.ccc_load
                0x00000000000317f8       0x8c zephyr/subsys/bluetooth/host/libsubsys__bluetooth__host.a(gatt.c.obj)
 .text.sc_store
                0x0000000000031884       0x40 zephyr/subsys/bluetooth/host/libsubsys__bluetooth__host.a(gatt.c.obj)
 .text.sc_save  0x00000000000318c4       0x64 zephyr/subsys/bluetooth/host/libsubsys__bluetooth__host.a(gatt.c.obj)
 .text.sc_set   0x0000000000031928       0x90 zephyr/subsys/bluetooth/host/libsubsys__bluetooth__host.a(gatt.c.obj)
 .text.db_hash_commit
                0x00000000000319b8       0x24 zephyr/subsys/bluetooth/host/libsubsys__bluetooth__host.a(gatt.c.obj)
 .text.clear_cf_cfg
                0x00000000000319dc       0x38 zephyr/subsys/bluetooth/host/libsubsys__bluetooth__host.a(gatt.c.obj)
 .text.remove_peer_from_attr
                0x0000000000031a14       0x28 zephyr/subsys/bluetooth/host/libsubsys__bluetooth__host.a(gatt.c.obj)
 .text.convert_to_id_on_match
                0x0000000000031a3c       0x34 zephyr/subsys/bluetooth/host/libsubsys__bluetooth__host.a(gatt.c.obj)
 .text.ccc_save
                0x0000000000031a70       0x38 zephyr/subsys/bluetooth/host/libsubsys__bluetooth__host.a(gatt.c.obj)
 .text.bt_gatt_store_cf.isra.0
                0x0000000000031aa8       0x60 zephyr/subsys/bluetooth/host/libsubsys__bluetooth__host.a(gatt.c.obj)
 .text.bt_gatt_clear_sc
                0x0000000000031b08       0x4c zephyr/subsys/bluetooth/host/libsubsys__bluetooth__host.a(gatt.c.obj)
 .text.read_ppcp
                0x0000000000031b54       0x3c zephyr/subsys/bluetooth/host/libsubsys__bluetooth__host.a(gatt.c.obj)
 .text.gatt_write_ccc
                0x0000000000031b90       0x24 zephyr/subsys/bluetooth/host/libsubsys__bluetooth__host.a(gatt.c.obj)
 .text.disconnected_cb
                0x0000000000031bb4       0xb4 zephyr/subsys/bluetooth/host/libsubsys__bluetooth__host.a(gatt.c.obj)
 .text.bt_gatt_attr_write_ccc
                0x0000000000031c68       0xf4 zephyr/subsys/bluetooth/host/libsubsys__bluetooth__host.a(gatt.c.obj)
                0x0000000000031c68                bt_gatt_attr_write_ccc
 .text.sc_commit
                0x0000000000031d5c       0x30 zephyr/subsys/bluetooth/host/libsubsys__bluetooth__host.a(gatt.c.obj)
 .text.sc_indicate_rsp
                0x0000000000031d8c       0x50 zephyr/subsys/bluetooth/host/libsubsys__bluetooth__host.a(gatt.c.obj)
 .text.bt_gatt_init
                0x0000000000031ddc       0xd4 zephyr/subsys/bluetooth/host/libsubsys__bluetooth__host.a(gatt.c.obj)
                0x0000000000031ddc                bt_gatt_init
 .text.bt_gatt_attr_get_handle
                0x0000000000031eb0       0x60 zephyr/subsys/bluetooth/host/libsubsys__bluetooth__host.a(gatt.c.obj)
                0x0000000000031eb0                bt_gatt_attr_get_handle
 .text.bt_gatt_foreach_attr_type
                0x0000000000031f10       0xb4 zephyr/subsys/bluetooth/host/libsubsys__bluetooth__host.a(gatt.c.obj)
                0x0000000000031f10                bt_gatt_foreach_attr_type
 .text.db_hash_gen
                0x0000000000031fc4       0x74 zephyr/subsys/bluetooth/host/libsubsys__bluetooth__host.a(gatt.c.obj)
 .text.db_hash_read
                0x0000000000032038       0x7c zephyr/subsys/bluetooth/host/libsubsys__bluetooth__host.a(gatt.c.obj)
 .text.db_hash_process
                0x00000000000320b4       0xc0 zephyr/subsys/bluetooth/host/libsubsys__bluetooth__host.a(gatt.c.obj)
 .text.ccc_set_direct
                0x0000000000032174       0x98 zephyr/subsys/bluetooth/host/libsubsys__bluetooth__host.a(gatt.c.obj)
 .text.bt_gatt_attr_next
                0x000000000003220c       0x24 zephyr/subsys/bluetooth/host/libsubsys__bluetooth__host.a(gatt.c.obj)
                0x000000000003220c                bt_gatt_attr_next
 .text.gatt_indicate
                0x0000000000032230       0xbc zephyr/subsys/bluetooth/host/libsubsys__bluetooth__host.a(gatt.c.obj)
 .text.bt_gatt_indicate
                0x00000000000322ec       0xf0 zephyr/subsys/bluetooth/host/libsubsys__bluetooth__host.a(gatt.c.obj)
                0x00000000000322ec                bt_gatt_indicate
 .text.sc_process
                0x00000000000323dc       0x5c zephyr/subsys/bluetooth/host/libsubsys__bluetooth__host.a(gatt.c.obj)
 .text.update_ccc
                0x0000000000032438       0xe4 zephyr/subsys/bluetooth/host/libsubsys__bluetooth__host.a(gatt.c.obj)
 .text.bt_gatt_notify_cb
                0x000000000003251c       0xe8 zephyr/subsys/bluetooth/host/libsubsys__bluetooth__host.a(gatt.c.obj)
                0x000000000003251c                bt_gatt_notify_cb
 .text.notify_cb
                0x0000000000032604      0x11c zephyr/subsys/bluetooth/host/libsubsys__bluetooth__host.a(gatt.c.obj)
 .text.bt_gatt_discover
                0x0000000000032720      0x168 zephyr/subsys/bluetooth/host/libsubsys__bluetooth__host.a(gatt.c.obj)
                0x0000000000032720                bt_gatt_discover
 .text.gatt_read_type_rsp
                0x0000000000032888      0x2ac zephyr/subsys/bluetooth/host/libsubsys__bluetooth__host.a(gatt.c.obj)
 .text.bt_gatt_subscribe
                0x0000000000032b34       0xfc zephyr/subsys/bluetooth/host/libsubsys__bluetooth__host.a(gatt.c.obj)
                0x0000000000032b34                bt_gatt_subscribe
 .text.bt_gatt_unsubscribe
                0x0000000000032c30       0xd8 zephyr/subsys/bluetooth/host/libsubsys__bluetooth__host.a(gatt.c.obj)
                0x0000000000032c30                bt_gatt_unsubscribe
 .text.bt_gatt_connected
                0x0000000000032d08       0xb0 zephyr/subsys/bluetooth/host/libsubsys__bluetooth__host.a(gatt.c.obj)
                0x0000000000032d08                bt_gatt_connected
 .text.bt_gatt_att_max_mtu_changed
                0x0000000000032db8       0x28 zephyr/subsys/bluetooth/host/libsubsys__bluetooth__host.a(gatt.c.obj)
                0x0000000000032db8                bt_gatt_att_max_mtu_changed
 .text.bt_gatt_encrypt_change
                0x0000000000032de0       0x20 zephyr/subsys/bluetooth/host/libsubsys__bluetooth__host.a(gatt.c.obj)
                0x0000000000032de0                bt_gatt_encrypt_change
 .text.bt_gatt_store_ccc
                0x0000000000032e00       0x60 zephyr/subsys/bluetooth/host/libsubsys__bluetooth__host.a(gatt.c.obj)
                0x0000000000032e00                bt_gatt_store_ccc
 .text.bt_gatt_identity_resolved
                0x0000000000032e60       0x30 zephyr/subsys/bluetooth/host/libsubsys__bluetooth__host.a(gatt.c.obj)
 .text.bt_gatt_clear
                0x0000000000032e90      0x118 zephyr/subsys/bluetooth/host/libsubsys__bluetooth__host.a(gatt.c.obj)
                0x0000000000032e90                bt_gatt_clear
 .text.bt_gatt_disconnected
                0x0000000000032fa8      0x13c zephyr/subsys/bluetooth/host/libsubsys__bluetooth__host.a(gatt.c.obj)
                0x0000000000032fa8                bt_gatt_disconnected
 .text.bt_smp_accept
                0x00000000000330e4       0x3c zephyr/subsys/bluetooth/host/libsubsys__bluetooth__host.a(smp.c.obj)
 .text.smp_find
                0x0000000000033120       0x28 zephyr/subsys/bluetooth/host/libsubsys__bluetooth__host.a(smp.c.obj)
 .text.latch_auth_cb
                0x0000000000033148       0x3c zephyr/subsys/bluetooth/host/libsubsys__bluetooth__host.a(smp.c.obj)
 .text.get_io_capa
                0x0000000000033184       0x4c zephyr/subsys/bluetooth/host/libsubsys__bluetooth__host.a(smp.c.obj)
 .text.get_auth
                0x00000000000331d0       0x3c zephyr/subsys/bluetooth/host/libsubsys__bluetooth__host.a(smp.c.obj)
 .text.get_pair_method
                0x000000000003320c       0x44 zephyr/subsys/bluetooth/host/libsubsys__bluetooth__host.a(smp.c.obj)
 .text.sec_level_reachable
                0x0000000000033250       0x64 zephyr/subsys/bluetooth/host/libsubsys__bluetooth__host.a(smp.c.obj)
 .text.smp_g2   0x00000000000332b4       0x68 zephyr/subsys/bluetooth/host/libsubsys__bluetooth__host.a(smp.c.obj)
 .text.smp_f5   0x000000000003331c       0xd0 zephyr/subsys/bluetooth/host/libsubsys__bluetooth__host.a(smp.c.obj)
 .text.sc_smp_check_confirm
                0x00000000000333ec       0x68 zephyr/subsys/bluetooth/host/libsubsys__bluetooth__host.a(smp.c.obj)
 .text.display_passkey
                0x0000000000033454       0x54 zephyr/subsys/bluetooth/host/libsubsys__bluetooth__host.a(smp.c.obj)
 .text.smp_init
                0x00000000000334a8       0x38 zephyr/subsys/bluetooth/host/libsubsys__bluetooth__host.a(smp.c.obj)
 .text.smp_dhkey_generate
                0x00000000000334e0       0x2c zephyr/subsys/bluetooth/host/libsubsys__bluetooth__host.a(smp.c.obj)
 .text.smp_send_pairing_req
                0x000000000003350c      0x10c zephyr/subsys/bluetooth/host/libsubsys__bluetooth__host.a(smp.c.obj)
 .text.smp_security_request
                0x0000000000033618       0xd4 zephyr/subsys/bluetooth/host/libsubsys__bluetooth__host.a(smp.c.obj)
 .text.sc_send_public_key
                0x00000000000336ec       0x44 zephyr/subsys/bluetooth/host/libsubsys__bluetooth__host.a(smp.c.obj)
 .text.smp_send_pairing_confirm
                0x0000000000033730       0x78 zephyr/subsys/bluetooth/host/libsubsys__bluetooth__host.a(smp.c.obj)
 .text.smp_pairing_random
                0x00000000000337a8      0x1cc zephyr/subsys/bluetooth/host/libsubsys__bluetooth__host.a(smp.c.obj)
 .text.smp_public_key_periph
                0x0000000000033974       0xbc zephyr/subsys/bluetooth/host/libsubsys__bluetooth__host.a(smp.c.obj)
 .text.smp_public_key
                0x0000000000033a30      0x160 zephyr/subsys/bluetooth/host/libsubsys__bluetooth__host.a(smp.c.obj)
 .text.bt_smp_connected
                0x0000000000033b90       0x38 zephyr/subsys/bluetooth/host/libsubsys__bluetooth__host.a(smp.c.obj)
 .text.smp_pairing_accept_query
                0x0000000000033bc8       0x58 zephyr/subsys/bluetooth/host/libsubsys__bluetooth__host.a(smp.c.obj)
 .text.smp_pairing_rsp
                0x0000000000033c20      0x100 zephyr/subsys/bluetooth/host/libsubsys__bluetooth__host.a(smp.c.obj)
 .text.smp_pairing_req
                0x0000000000033d20      0x164 zephyr/subsys/bluetooth/host/libsubsys__bluetooth__host.a(smp.c.obj)
 .text.smp_pairing_complete
                0x0000000000033e84      0x108 zephyr/subsys/bluetooth/host/libsubsys__bluetooth__host.a(smp.c.obj)
 .text.bt_smp_recv
                0x0000000000033f8c       0x78 zephyr/subsys/bluetooth/host/libsubsys__bluetooth__host.a(smp.c.obj)
 .text.bt_smp_pkey_ready
                0x0000000000034004       0x68 zephyr/subsys/bluetooth/host/libsubsys__bluetooth__host.a(smp.c.obj)
 .text.bt_smp_encrypt_change
                0x000000000003406c       0xf8 zephyr/subsys/bluetooth/host/libsubsys__bluetooth__host.a(smp.c.obj)
 .text.bt_smp_init
                0x0000000000034164       0x38 zephyr/subsys/bluetooth/host/libsubsys__bluetooth__host.a(smp.c.obj)
                0x0000000000034164                bt_smp_init
 .text.bt_keys_get_addr
                0x000000000003419c       0x80 zephyr/subsys/bluetooth/host/libsubsys__bluetooth__host.a(keys.c.obj)
                0x000000000003419c                bt_keys_get_addr
 .text.bt_foreach_bond
                0x000000000003421c       0x40 zephyr/subsys/bluetooth/host/libsubsys__bluetooth__host.a(keys.c.obj)
                0x000000000003421c                bt_foreach_bond
 .text.bt_keys_foreach_type
                0x000000000003425c       0x2c zephyr/subsys/bluetooth/host/libsubsys__bluetooth__host.a(keys.c.obj)
                0x000000000003425c                bt_keys_foreach_type
 .text.keys_commit
                0x0000000000034288       0x14 zephyr/subsys/bluetooth/host/libsubsys__bluetooth__host.a(keys.c.obj)
 .text.bt_keys_find
                0x000000000003429c       0x4c zephyr/subsys/bluetooth/host/libsubsys__bluetooth__host.a(keys.c.obj)
                0x000000000003429c                bt_keys_find
 .text.bt_keys_find_irk
                0x00000000000342e8       0xa4 zephyr/subsys/bluetooth/host/libsubsys__bluetooth__host.a(keys.c.obj)
                0x00000000000342e8                bt_keys_find_irk
 .text.bt_keys_find_addr
                0x000000000003438c       0x3c zephyr/subsys/bluetooth/host/libsubsys__bluetooth__host.a(keys.c.obj)
                0x000000000003438c                bt_keys_find_addr
 .text.bt_keys_clear
                0x00000000000343c8       0x50 zephyr/subsys/bluetooth/host/libsubsys__bluetooth__host.a(keys.c.obj)
                0x00000000000343c8                bt_keys_clear
 .text.bt_keys_store
                0x0000000000034418       0x40 zephyr/subsys/bluetooth/host/libsubsys__bluetooth__host.a(keys.c.obj)
                0x0000000000034418                bt_keys_store
 .text.mem_init
                0x0000000000034458       0x60 zephyr/subsys/bluetooth/controller/libsubsys__bluetooth__controller.a(mem.c.obj)
                0x0000000000034458                mem_init
 .text.mem_acquire
                0x00000000000344b8       0x38 zephyr/subsys/bluetooth/controller/libsubsys__bluetooth__controller.a(mem.c.obj)
                0x00000000000344b8                mem_acquire
 .text.mem_release
                0x00000000000344f0       0x30 zephyr/subsys/bluetooth/controller/libsubsys__bluetooth__controller.a(mem.c.obj)
                0x00000000000344f0                mem_release
 .text.mem_get  0x0000000000034520        0x8 zephyr/subsys/bluetooth/controller/libsubsys__bluetooth__controller.a(mem.c.obj)
                0x0000000000034520                mem_get
 .text.mem_index_get
                0x0000000000034528        0xc zephyr/subsys/bluetooth/controller/libsubsys__bluetooth__controller.a(mem.c.obj)
                0x0000000000034528                mem_index_get
 .text.mem_rcopy
                0x0000000000034534       0x1c zephyr/subsys/bluetooth/controller/libsubsys__bluetooth__controller.a(mem.c.obj)
                0x0000000000034534                mem_rcopy
 .text.mem_nz   0x0000000000034550       0x18 zephyr/subsys/bluetooth/controller/libsubsys__bluetooth__controller.a(mem.c.obj)
                0x0000000000034550                mem_nz
 .text.memq_init
                0x0000000000034568        0x8 zephyr/subsys/bluetooth/controller/libsubsys__bluetooth__controller.a(memq.c.obj)
                0x0000000000034568                memq_init
 .text.memq_deinit
                0x0000000000034570       0x14 zephyr/subsys/bluetooth/controller/libsubsys__bluetooth__controller.a(memq.c.obj)
                0x0000000000034570                memq_deinit
 .text.memq_enqueue
                0x0000000000034584       0x14 zephyr/subsys/bluetooth/controller/libsubsys__bluetooth__controller.a(memq.c.obj)
                0x0000000000034584                memq_enqueue
 .text.memq_peek
                0x0000000000034598       0x10 zephyr/subsys/bluetooth/controller/libsubsys__bluetooth__controller.a(memq.c.obj)
                0x0000000000034598                memq_peek
 .text.memq_dequeue
                0x00000000000345a8       0x20 zephyr/subsys/bluetooth/controller/libsubsys__bluetooth__controller.a(memq.c.obj)
                0x00000000000345a8                memq_dequeue
 .text.mayfly_init
                0x00000000000345c8       0x40 zephyr/subsys/bluetooth/controller/libsubsys__bluetooth__controller.a(mayfly.c.obj)
                0x00000000000345c8                mayfly_init
 .text.mayfly_enable
                0x0000000000034608       0x68 zephyr/subsys/bluetooth/controller/libsubsys__bluetooth__controller.a(mayfly.c.obj)
                0x0000000000034608                mayfly_enable
 .text.mayfly_enqueue
                0x0000000000034670       0xbc zephyr/subsys/bluetooth/controller/libsubsys__bluetooth__controller.a(mayfly.c.obj)
                0x0000000000034670                mayfly_enqueue
 .text.mayfly_run
                0x000000000003472c      0x150 zephyr/subsys/bluetooth/controller/libsubsys__bluetooth__controller.a(mayfly.c.obj)
                0x000000000003472c                mayfly_run
 .text.util_ones_count_get
                0x000000000003487c       0x28 zephyr/subsys/bluetooth/controller/libsubsys__bluetooth__controller.a(util.c.obj)
                0x000000000003487c                util_ones_count_get
 .text.util_aa_le32
                0x00000000000348a4      0x14c zephyr/subsys/bluetooth/controller/libsubsys__bluetooth__controller.a(util.c.obj)
                0x00000000000348a4                util_aa_le32
 .text.ticker_dequeue
                0x00000000000349f0       0x74 zephyr/subsys/bluetooth/controller/libsubsys__bluetooth__controller.a(ticker.c.obj)
 .text.ticks_to_expire_prep
                0x0000000000034a64       0x48 zephyr/subsys/bluetooth/controller/libsubsys__bluetooth__controller.a(ticker.c.obj)
 .text.ticker_job_list_insert
                0x0000000000034aac      0x1f0 zephyr/subsys/bluetooth/controller/libsubsys__bluetooth__controller.a(ticker.c.obj)
 .text.ticker_worker
                0x0000000000034c9c      0x23c zephyr/subsys/bluetooth/controller/libsubsys__bluetooth__controller.a(ticker.c.obj)
                0x0000000000034c9c                ticker_worker
 .text.ticker_job
                0x0000000000034ed8      0x970 zephyr/subsys/bluetooth/controller/libsubsys__bluetooth__controller.a(ticker.c.obj)
                0x0000000000034ed8                ticker_job
 .text.ticker_init
                0x0000000000035848       0x68 zephyr/subsys/bluetooth/controller/libsubsys__bluetooth__controller.a(ticker.c.obj)
                0x0000000000035848                ticker_init
 .text.ticker_is_initialized
                0x00000000000358b0       0x18 zephyr/subsys/bluetooth/controller/libsubsys__bluetooth__controller.a(ticker.c.obj)
                0x00000000000358b0                ticker_is_initialized
 .text.ticker_trigger
                0x00000000000358c8       0x30 zephyr/subsys/bluetooth/controller/libsubsys__bluetooth__controller.a(ticker.c.obj)
                0x00000000000358c8                ticker_trigger
 .text.ticker_start_ext
                0x00000000000358f8       0xac zephyr/subsys/bluetooth/controller/libsubsys__bluetooth__controller.a(ticker.c.obj)
                0x00000000000358f8                ticker_start_ext
 .text.ticker_start
                0x00000000000359a4       0x38 zephyr/subsys/bluetooth/controller/libsubsys__bluetooth__controller.a(ticker.c.obj)
                0x00000000000359a4                ticker_start
 .text.ticker_update_ext
                0x00000000000359dc       0xb0 zephyr/subsys/bluetooth/controller/libsubsys__bluetooth__controller.a(ticker.c.obj)
                0x00000000000359dc                ticker_update_ext
 .text.ticker_update
                0x0000000000035a8c       0x30 zephyr/subsys/bluetooth/controller/libsubsys__bluetooth__controller.a(ticker.c.obj)
                0x0000000000035a8c                ticker_update
 .text.ticker_stop
                0x0000000000035abc       0x84 zephyr/subsys/bluetooth/controller/libsubsys__bluetooth__controller.a(ticker.c.obj)
                0x0000000000035abc                ticker_stop
 .text.ticker_next_slot_get
                0x0000000000035b40       0x8c zephyr/subsys/bluetooth/controller/libsubsys__bluetooth__controller.a(ticker.c.obj)
                0x0000000000035b40                ticker_next_slot_get
 .text.ticker_job_sched
                0x0000000000035bcc       0x30 zephyr/subsys/bluetooth/controller/libsubsys__bluetooth__controller.a(ticker.c.obj)
                0x0000000000035bcc                ticker_job_sched
 .text.ticker_ticks_now_get
                0x0000000000035bfc        0x4 zephyr/subsys/bluetooth/controller/libsubsys__bluetooth__controller.a(ticker.c.obj)
                0x0000000000035bfc                ticker_ticks_now_get
 .text.ticker_ticks_diff_get
                0x0000000000035c00        0x8 zephyr/subsys/bluetooth/controller/libsubsys__bluetooth__controller.a(ticker.c.obj)
                0x0000000000035c00                ticker_ticks_diff_get
 .text.ll_addr_set
                0x0000000000035c08       0x54 zephyr/subsys/bluetooth/controller/libsubsys__bluetooth__controller.a(ll_addr.c.obj)
                0x0000000000035c08                ll_addr_set
 .text.ll_addr_get
                0x0000000000035c5c       0x20 zephyr/subsys/bluetooth/controller/libsubsys__bluetooth__controller.a(ll_addr.c.obj)
                0x0000000000035c5c                ll_addr_get
 .text.ll_addr_read
                0x0000000000035c7c       0x30 zephyr/subsys/bluetooth/controller/libsubsys__bluetooth__controller.a(ll_addr.c.obj)
                0x0000000000035c7c                ll_addr_read
 .text.ll_tx_pwr_lvl_get
                0x0000000000035cac       0x20 zephyr/subsys/bluetooth/controller/libsubsys__bluetooth__controller.a(ll_tx_pwr.c.obj)
                0x0000000000035cac                ll_tx_pwr_lvl_get
 .text.ll_tx_pwr_get
                0x0000000000035ccc        0x8 zephyr/subsys/bluetooth/controller/libsubsys__bluetooth__controller.a(ll_tx_pwr.c.obj)
                0x0000000000035ccc                ll_tx_pwr_get
 .text.hci_driver_init
                0x0000000000035cd4       0x10 zephyr/subsys/bluetooth/controller/libsubsys__bluetooth__controller.a(hci_driver.c.obj)
 .text.hci_driver_send
                0x0000000000035ce4       0x6c zephyr/subsys/bluetooth/controller/libsubsys__bluetooth__controller.a(hci_driver.c.obj)
 .text.hci_driver_close
                0x0000000000035d50       0x20 zephyr/subsys/bluetooth/controller/libsubsys__bluetooth__controller.a(hci_driver.c.obj)
 .text.recv_thread
                0x0000000000035d70      0x120 zephyr/subsys/bluetooth/controller/libsubsys__bluetooth__controller.a(hci_driver.c.obj)
 .text.prio_recv_thread
                0x0000000000035e90       0xc8 zephyr/subsys/bluetooth/controller/libsubsys__bluetooth__controller.a(hci_driver.c.obj)
 .text.hci_driver_open
                0x0000000000035f58       0xa8 zephyr/subsys/bluetooth/controller/libsubsys__bluetooth__controller.a(hci_driver.c.obj)
 .text.hci_recv_fifo_reset
                0x0000000000036000       0x20 zephyr/subsys/bluetooth/controller/libsubsys__bluetooth__controller.a(hci_driver.c.obj)
                0x0000000000036000                hci_recv_fifo_reset
 .text.dup_found.constprop.0
                0x0000000000036020       0xb8 zephyr/subsys/bluetooth/controller/libsubsys__bluetooth__controller.a(hci.c.obj)
 .text.le_remote_feat_complete
                0x00000000000360d8       0x6c zephyr/subsys/bluetooth/controller/libsubsys__bluetooth__controller.a(hci.c.obj)
 .text.hci_vendor_cmd_handle_common
                0x0000000000036144      0x160 zephyr/subsys/bluetooth/controller/libsubsys__bluetooth__controller.a(hci.c.obj)
                0x0000000000036144                hci_vendor_cmd_handle_common
 .text.hci_cmd_handle
                0x00000000000362a4      0x86c zephyr/subsys/bluetooth/controller/libsubsys__bluetooth__controller.a(hci.c.obj)
                0x00000000000362a4                hci_cmd_handle
 .text.hci_acl_handle
                0x0000000000036b10       0xbc zephyr/subsys/bluetooth/controller/libsubsys__bluetooth__controller.a(hci.c.obj)
                0x0000000000036b10                hci_acl_handle
 .text.hci_disconn_complete_encode
                0x0000000000036bcc       0x40 zephyr/subsys/bluetooth/controller/libsubsys__bluetooth__controller.a(hci.c.obj)
                0x0000000000036bcc                hci_disconn_complete_encode
 .text.hci_disconn_complete_process
                0x0000000000036c0c       0x10 zephyr/subsys/bluetooth/controller/libsubsys__bluetooth__controller.a(hci.c.obj)
                0x0000000000036c0c                hci_disconn_complete_process
 .text.hci_acl_encode
                0x0000000000036c1c       0x74 zephyr/subsys/bluetooth/controller/libsubsys__bluetooth__controller.a(hci.c.obj)
                0x0000000000036c1c                hci_acl_encode
 .text.hci_evt_encode